
 Start         Length     Name                   Class
 0001:00000000 0005BC10H .text                   CODE
 0002:00000000 00006B84H .data                   DATA
 0002:00006B84 00003C85H .bss                    BSS


Detailed map of segments

 0001:00000000 000003FE C=CODE     S=.text    G=(none)   M=System   ACBP=A9
 0001:00000400 00000140 C=CODE     S=.text    G=(none)   M=SysInit  ACBP=A9
 0001:00000540 00000718 C=CODE     S=.text    G=(none)   M=Windows  ACBP=A9
 0001:00000C58 0000000E C=CODE     S=.text    G=(none)   M=Types    ACBP=A9
 0001:00000C68 00001F1F C=CODE     S=.text    G=(none)   M=ELeaks   ACBP=A9
 0001:00002B88 0000024E C=CODE     S=.text    G=(none)   M=SysUtils ACBP=A9
 0001:00002DD8 0000000E C=CODE     S=.text    G=(none)   M=SysConst ACBP=A9
 0001:00002DE8 00000038 C=CODE     S=.text    G=(none)   M=Messages ACBP=A9
 0001:00002E20 0000019E C=CODE     S=.text    G=(none)   M=Classes  ACBP=A9
 0001:00002FC0 0000000E C=CODE     S=.text    G=(none)   M=ActiveX  ACBP=A9
 0001:00002FD0 0000003E C=CODE     S=.text    G=(none)   M=TypInfo  ACBP=A9
 0001:00003010 0000000E C=CODE     S=.text    G=(none)   M=Variants ACBP=A9
 0001:00003020 0000000E C=CODE     S=.text    G=(none)   M=VarUtils ACBP=A9
 0001:00003030 0000000E C=CODE     S=.text    G=(none)   M=RTLConsts ACBP=A9
 0001:00003040 00000038 C=CODE     S=.text    G=(none)   M=ETypes   ACBP=A9
 0001:00003078 00002944 C=CODE     S=.text    G=(none)   M=EConsts  ACBP=A9
 0001:000059BC 0000473C C=CODE     S=.text    G=(none)   M=ECore    ACBP=A9
 0001:0000A0F8 000046B4 C=CODE     S=.text    G=(none)   M=EDebug   ACBP=A9
 0001:0000E7AC 00000040 C=CODE     S=.text    G=(none)   M=ShellAPI ACBP=A9
 0001:0000E7EC 00000534 C=CODE     S=.text    G=(none)   M=EWinSock ACBP=A9
 0001:0000ED20 000014FC C=CODE     S=.text    G=(none)   M=EHook    ACBP=A9
 0001:0001021C 000000E8 C=CODE     S=.text    G=(none)   M=ELang    ACBP=A9
 0001:00010304 000016D0 C=CODE     S=.text    G=(none)   M=ESockets ACBP=A9
 0001:000119D4 00007BE4 C=CODE     S=.text    G=(none)   M=EZlib2   ACBP=A9
 0001:000195B8 00000AFC C=CODE     S=.text    G=(none)   M=EHash    ACBP=A9
 0001:0001A0B4 00000354 C=CODE     S=.text    G=(none)   M=EEncrypt ACBP=A9
 0001:0001A408 00000358 C=CODE     S=.text    G=(none)   M=EBase64  ACBP=A9
 0001:0001A760 00000154 C=CODE     S=.text    G=(none)   M=EZip     ACBP=A9
 0001:0001A8B4 00007C44 C=CODE     S=.text    G=(none)   M=EWebTools ACBP=A9
 0001:000224F8 000005A8 C=CODE     S=.text    G=(none)   M=EXMLBuilder ACBP=A9
 0001:00022AA0 00004358 C=CODE     S=.text    G=(none)   M=ELogManager ACBP=A9
 0001:00026DF8 00001320 C=CODE     S=.text    G=(none)   M=EListView ACBP=A9
 0001:00028118 000073F8 C=CODE     S=.text    G=(none)   M=EDisAsm  ACBP=A9
 0001:0002F510 00028E7C C=CODE     S=.text    G=(none)   M=ExceptionLog ACBP=A9
 0001:0005838C 00000146 C=CODE     S=.text    G=(none)   M=Forms    ACBP=A9
 0001:000584D4 0000000E C=CODE     S=.text    G=(none)   M=HelpIntfs ACBP=A9
 0001:000584E4 0000000E C=CODE     S=.text    G=(none)   M=Contnrs  ACBP=A9
 0001:000584F4 0000000E C=CODE     S=.text    G=(none)   M=Math     ACBP=A9
 0001:00058504 0000000E C=CODE     S=.text    G=(none)   M=MultiMon ACBP=A9
 0001:00058514 0000000E C=CODE     S=.text    G=(none)   M=ActnList ACBP=A9
 0001:00058524 0000000E C=CODE     S=.text    G=(none)   M=ImgList  ACBP=A9
 0001:00058534 00000038 C=CODE     S=.text    G=(none)   M=CommCtrl ACBP=A9
 0001:0005856C 0000000E C=CODE     S=.text    G=(none)   M=Graphics ACBP=A9
 0001:0005857C 0000000E C=CODE     S=.text    G=(none)   M=Consts   ACBP=A9
 0001:0005858C 000000DE C=CODE     S=.text    G=(none)   M=Controls ACBP=A9
 0001:0005866C 00000038 C=CODE     S=.text    G=(none)   M=Imm      ACBP=A9
 0001:000586A4 0000000E C=CODE     S=.text    G=(none)   M=Menus    ACBP=A9
 0001:000586B4 0000000E C=CODE     S=.text    G=(none)   M=WinHelpViewer ACBP=A9
 0001:000586C4 0000000E C=CODE     S=.text    G=(none)   M=StdActns ACBP=A9
 0001:000586D4 00000016 C=CODE     S=.text    G=(none)   M=Dialogs  ACBP=A9
 0001:000586EC 00000038 C=CODE     S=.text    G=(none)   M=ShlObj   ACBP=A9
 0001:00058724 00000038 C=CODE     S=.text    G=(none)   M=UrlMon   ACBP=A9
 0001:0005875C 00000038 C=CODE     S=.text    G=(none)   M=WinInet  ACBP=A9
 0001:00058794 00000038 C=CODE     S=.text    G=(none)   M=RegStr   ACBP=A9
 0001:000587CC 0000000E C=CODE     S=.text    G=(none)   M=Printers ACBP=A9
 0001:000587DC 00000038 C=CODE     S=.text    G=(none)   M=WinSpool ACBP=A9
 0001:00058814 0000000E C=CODE     S=.text    G=(none)   M=StdCtrls ACBP=A9
 0001:00058824 00000038 C=CODE     S=.text    G=(none)   M=CommDlg  ACBP=A9
 0001:0005885C 00000038 C=CODE     S=.text    G=(none)   M=Dlgs     ACBP=A9
 0001:00058894 0000000E C=CODE     S=.text    G=(none)   M=ExtCtrls ACBP=A9
 0001:000588A4 0000000E C=CODE     S=.text    G=(none)   M=StrUtils ACBP=A9
 0001:000588B4 0000000E C=CODE     S=.text    G=(none)   M=Clipbrd  ACBP=A9
 0001:000588C4 0000000E C=CODE     S=.text    G=(none)   M=FlatSB   ACBP=A9
 0001:000588D4 00000016 C=CODE     S=.text    G=(none)   M=ccuGrids ACBP=A9
 0001:000588EC 0000000E C=CODE     S=.text    G=(none)   M=Mask     ACBP=A9
 0001:000588FC 0000000E C=CODE     S=.text    G=(none)   M=MaskUtils ACBP=A9
 0001:0005890C 0000000E C=CODE     S=.text    G=(none)   M=Grids    ACBP=A9
 0001:0005891C 0000001E C=CODE     S=.text    G=(none)   M=ccuButtonEdit ACBP=A9
 0001:0005893C 0000000E C=CODE     S=.text    G=(none)   M=LangXML  ACBP=A9
 0001:0005894C 0000000E C=CODE     S=.text    G=(none)   M=XMLIntf  ACBP=A9
 0001:0005895C 0000000E C=CODE     S=.text    G=(none)   M=xmldom   ACBP=A9
 0001:0005896C 0000000E C=CODE     S=.text    G=(none)   M=msxmldom ACBP=A9
 0001:0005897C 0000000E C=CODE     S=.text    G=(none)   M=msxml    ACBP=A9
 0001:0005898C 0000000E C=CODE     S=.text    G=(none)   M=ComObj   ACBP=A9
 0001:0005899C 0000000E C=CODE     S=.text    G=(none)   M=ComConst ACBP=A9
 0001:000589AC 0000000E C=CODE     S=.text    G=(none)   M=XMLDoc   ACBP=A9
 0001:000589BC 0000000E C=CODE     S=.text    G=(none)   M=XMLSchema ACBP=A9
 0001:000589CC 0000000E C=CODE     S=.text    G=(none)   M=XMLSchemaTags ACBP=A9
 0001:000589DC 0000000E C=CODE     S=.text    G=(none)   M=CheckLst ACBP=A9
 0001:000589EC 0000000E C=CODE     S=.text    G=(none)   M=UniClipBrd ACBP=A9
 0001:000589FC 0000000E C=CODE     S=.text    G=(none)   M=ccuEdit  ACBP=A9
 0001:00058A0C 0000000E C=CODE     S=.text    G=(none)   M=ccuDefaults ACBP=A9
 0001:00058A1C 0000000E C=CODE     S=.text    G=(none)   M=ComCtrls ACBP=A9
 0001:00058A2C 0000000E C=CODE     S=.text    G=(none)   M=ListActns ACBP=A9
 0001:00058A3C 0000000E C=CODE     S=.text    G=(none)   M=ToolWin  ACBP=A9
 0001:00058A4C 00000038 C=CODE     S=.text    G=(none)   M=RichEdit ACBP=A9
 0001:00058A84 0000000E C=CODE     S=.text    G=(none)   M=ExtActns ACBP=A9
 0001:00058A94 0000000E C=CODE     S=.text    G=(none)   M=Registry ACBP=A9
 0001:00058AA4 00000016 C=CODE     S=.text    G=(none)   M=IniFiles ACBP=A9
 0001:00058ABC 0000000E C=CODE     S=.text    G=(none)   M=ExtDlgs  ACBP=A9
 0001:00058ACC 0000000E C=CODE     S=.text    G=(none)   M=Buttons  ACBP=A9
 0001:00058ADC 0000000E C=CODE     S=.text    G=(none)   M=Mapi     ACBP=A9
 0001:00058AEC 0000000E C=CODE     S=.text    G=(none)   M=ComStrs  ACBP=A9
 0001:00058AFC 0000000E C=CODE     S=.text    G=(none)   M=ccuConst ACBP=A9
 0001:00058B0C 0000000E C=CODE     S=.text    G=(none)   M=UniCodeClasses ACBP=A9
 0001:00058B1C 0000000E C=CODE     S=.text    G=(none)   M=UniCodeWideStrings ACBP=A9
 0001:00058B2C 0000000E C=CODE     S=.text    G=(none)   M=UniCodeForms ACBP=A9
 0001:00058B3C 0000000E C=CODE     S=.text    G=(none)   M=UniCodeCtrls ACBP=A9
 0001:00058B4C 0000000E C=CODE     S=.text    G=(none)   M=UniSysUtils ACBP=A9
 0001:00058B5C 0000000E C=CODE     S=.text    G=(none)   M=UniCodeFormatStrUtils ACBP=A9
 0001:00058B6C 0000000E C=CODE     S=.text    G=(none)   M=UniCodeWindows ACBP=A9
 0001:00058B7C 0000000E C=CODE     S=.text    G=(none)   M=UniCodeWideStrUtils ACBP=A9
 0001:00058B8C 0000000E C=CODE     S=.text    G=(none)   M=UniCodeSystem ACBP=A9
 0001:00058B9C 0000000E C=CODE     S=.text    G=(none)   M=UniCodeGraphics ACBP=A9
 0001:00058BAC 0000000E C=CODE     S=.text    G=(none)   M=UniCodeMenus ACBP=A9
 0001:00058BBC 0000000E C=CODE     S=.text    G=(none)   M=UniControls ACBP=A9
 0001:00058BCC 0000000E C=CODE     S=.text    G=(none)   M=ccuStrings ACBP=A9
 0001:00058BDC 0000000E C=CODE     S=.text    G=(none)   M=ccuCommonData ACBP=A9
 0001:00058BEC 0000000E C=CODE     S=.text    G=(none)   M=ccuLabel ACBP=A9
 0001:00058BFC 0000001E C=CODE     S=.text    G=(none)   M=UniCodeStdCtrls ACBP=A9
 0001:00058C1C 0000000E C=CODE     S=.text    G=(none)   M=TntActnList ACBP=A9
 0001:00058C2C 0000000E C=CODE     S=.text    G=(none)   M=ccuMessages ACBP=A9
 0001:00058C3C 0000000E C=CODE     S=.text    G=(none)   M=ccuntUtils ACBP=A9
 0001:00058C4C 0000000E C=CODE     S=.text    G=(none)   M=ccuDialogs ACBP=A9
 0001:00058C5C 0000000E C=CODE     S=.text    G=(none)   M=TntFileCtrl ACBP=A9
 0001:00058C6C 0000000E C=CODE     S=.text    G=(none)   M=FileCtrl ACBP=A9
 0001:00058C7C 0000000E C=CODE     S=.text    G=(none)   M=TntExtDlgs ACBP=A9
 0001:00058C8C 0000000E C=CODE     S=.text    G=(none)   M=TntButtons ACBP=A9
 0001:00058C9C 0000000E C=CODE     S=.text    G=(none)   M=TntExtCtrls ACBP=A9
 0001:00058CAC 0000001E C=CODE     S=.text    G=(none)   M=UniDialogs ACBP=A9
 0001:00058CCC 0000000E C=CODE     S=.text    G=(none)   M=UniExtCtrls ACBP=A9
 0001:00058CDC 0000000E C=CODE     S=.text    G=(none)   M=UniCodeComCtrls ACBP=A9
 0001:00058CEC 0000000E C=CODE     S=.text    G=(none)   M=ActiveIMM_TLB ACBP=A9
 0001:00058CFC 0000000E C=CODE     S=.text    G=(none)   M=OleServer ACBP=A9
 0001:00058D0C 0000000E C=CODE     S=.text    G=(none)   M=OleConst ACBP=A9
 0001:00058D1C 0000000E C=CODE     S=.text    G=(none)   M=TntStdActns ACBP=A9
 0001:00058D2C 00000026 C=CODE     S=.text    G=(none)   M=ccuSkinManager ACBP=A9
 0001:00058D54 0000000E C=CODE     S=.text    G=(none)   M=ccuSkinPack ACBP=A9
 0001:00058D64 0000000E C=CODE     S=.text    G=(none)   M=ccuZLibEx ACBP=A9
 0001:00058D74 0000000E C=CODE     S=.text    G=(none)   M=ccuStyleSimply ACBP=A9
 0001:00058D84 0000000E C=CODE     S=.text    G=(none)   M=jpeg     ACBP=A9
 0001:00058D94 0000000E C=CODE     S=.text    G=(none)   M=JConsts  ACBP=A9
 0001:00058DA4 0000000E C=CODE     S=.text    G=(none)   M=ccuSkinMenus ACBP=A9
 0001:00058DB4 0000000E C=CODE     S=.text    G=(none)   M=ccuVclUtils ACBP=A9
 0001:00058DC4 0000000E C=CODE     S=.text    G=(none)   M=ccuGraphUtils ACBP=A9
 0001:00058DD4 0000000E C=CODE     S=.text    G=(none)   M=ccuMaskData ACBP=A9
 0001:00058DE4 0000000E C=CODE     S=.text    G=(none)   M=ccuGradient ACBP=A9
 0001:00058DF4 0000000E C=CODE     S=.text    G=(none)   M=ccuSkinProvider ACBP=A9
 0001:00058E04 0000000E C=CODE     S=.text    G=(none)   M=ccuSBUtils ACBP=A9
 0001:00058E14 0000000E C=CODE     S=.text    G=(none)   M=ccuSpeedButton ACBP=A9
 0001:00058E24 0000000E C=CODE     S=.text    G=(none)   M=ccuFade  ACBP=A9
 0001:00058E34 0000000E C=CODE     S=.text    G=(none)   M=ccuSkinProps ACBP=A9
 0001:00058E44 0000000E C=CODE     S=.text    G=(none)   M=ccuBorders ACBP=A9
 0001:00058E54 0000000E C=CODE     S=.text    G=(none)   M=ccuAlphaGraph ACBP=A9
 0001:00058E64 0000000E C=CODE     S=.text    G=(none)   M=ccuCheckbox ACBP=A9
 0001:00058E74 0000000E C=CODE     S=.text    G=(none)   M=ccuAlphaImageList ACBP=A9
 0001:00058E84 0000000E C=CODE     S=.text    G=(none)   M=ccuPNG   ACBP=A9
 0001:00058E94 0000000E C=CODE     S=.text    G=(none)   M=ccuMonthCalendar ACBP=A9
 0001:00058EA4 0000000E C=CODE     S=.text    G=(none)   M=ccuThirdParty ACBP=A9
 0001:00058EB4 0000000E C=CODE     S=.text    G=(none)   M=ccuToolBar ACBP=A9
 0001:00058EC4 0000000E C=CODE     S=.text    G=(none)   M=ccuBitBtn ACBP=A9
 0001:00058ED4 0000000E C=CODE     S=.text    G=(none)   M=ccuButton ACBP=A9
 0001:00058EE4 0000000E C=CODE     S=.text    G=(none)   M=ccuGlow  ACBP=A9
 0001:00058EF4 0000000E C=CODE     S=.text    G=(none)   M=ccuDials ACBP=A9
 0001:00058F04 0000000E C=CODE     S=.text    G=(none)   M=ccuMDIForm ACBP=A9
 0001:00058F14 0000000E C=CODE     S=.text    G=(none)   M=ccuScrollBox ACBP=A9
 0001:00058F24 0000000E C=CODE     S=.text    G=(none)   M=ccuDateUtils ACBP=A9
 0001:00058F34 0000000E C=CODE     S=.text    G=(none)   M=ccuPanel ACBP=A9
 0001:00058F44 0000000E C=CODE     S=.text    G=(none)   M=ccuRadioButton ACBP=A9
 0001:00058F54 0000000E C=CODE     S=.text    G=(none)   M=ccuGroupBox ACBP=A9
 0001:00058F64 0000000E C=CODE     S=.text    G=(none)   M=ccuCustomComboEdit ACBP=A9
 0001:00058F74 0000000E C=CODE     S=.text    G=(none)   M=ccuGlyphUtils ACBP=A9
 0001:00058F84 0000000E C=CODE     S=.text    G=(none)   M=ccuCurrencyEdit ACBP=A9
 0001:00058F94 0000000E C=CODE     S=.text    G=(none)   M=ccuMaskEdit ACBP=A9
 0001:00058FA4 0000000E C=CODE     S=.text    G=(none)   M=ccuCalcUnit ACBP=A9
 0001:00058FB4 0000000E C=CODE     S=.text    G=(none)   M=ccuCurrEdit ACBP=A9
 0001:00058FC4 0000000E C=CODE     S=.text    G=(none)   M=ccuToolEdit ACBP=A9
 0001:00058FD4 0000000E C=CODE     S=.text    G=(none)   M=ccuPopupClndr ACBP=A9
 0001:00058FE4 0000000E C=CODE     S=.text    G=(none)   M=ccuShellCtrls ACBP=A9
 0001:00058FF4 0000000E C=CODE     S=.text    G=(none)   M=ccuListView ACBP=A9
 0001:00059004 0000000E C=CODE     S=.text    G=(none)   M=ccuComboBox ACBP=A9
 0001:00059014 0000000E C=CODE     S=.text    G=(none)   M=ccuMemo  ACBP=A9
 0001:00059024 0000000E C=CODE     S=.text    G=(none)   M=ccuThdTimer ACBP=A9
 0001:00059034 0000000E C=CODE     S=.text    G=(none)   M=SyncObjs ACBP=A9
 0001:00059044 0000000E C=CODE     S=.text    G=(none)   M=ccuSplitter ACBP=A9
 0001:00059054 0000000E C=CODE     S=.text    G=(none)   M=ccuComboBoxes ACBP=A9
 0001:00059064 0000000E C=CODE     S=.text    G=(none)   M=ccuColorDialog ACBP=A9
 0001:00059074 0000000E C=CODE     S=.text    G=(none)   M=ccuGauge ACBP=A9
 0001:00059084 0000000E C=CODE     S=.text    G=(none)   M=ccuSpinEdit ACBP=A9
 0001:00059094 0000000E C=CODE     S=.text    G=(none)   M=ccuPageControl ACBP=A9
 0001:000590A4 0000000E C=CODE     S=.text    G=(none)   M=ccuUpDown ACBP=A9
 0001:000590B4 0000000E C=CODE     S=.text    G=(none)   M=ccuTabControl ACBP=A9
 0001:000590C4 0000000E C=CODE     S=.text    G=(none)   M=ccuStatusBar ACBP=A9
 0001:000590D4 0000000E C=CODE     S=.text    G=(none)   M=ccuTreeView ACBP=A9
 0001:000590E4 0000000E C=CODE     S=.text    G=(none)   M=ccuPathDialog ACBP=A9
 0001:000590F4 0000000E C=CODE     S=.text    G=(none)   M=ccuFrameAdapter ACBP=A9
 0001:00059104 0000000E C=CODE     S=.text    G=(none)   M=ccuStoreUtils ACBP=A9
 0001:00059114 0000000E C=CODE     S=.text    G=(none)   M=ccuComboEdit ACBP=A9
 0001:00059124 0000000E C=CODE     S=.text    G=(none)   M=ccuDropDownEdit ACBP=A9
 0001:00059134 0000000E C=CODE     S=.text    G=(none)   M=ccuPopupWindow ACBP=A9
 0001:00059144 0000000E C=CODE     S=.text    G=(none)   M=ccuPopupClndr2 ACBP=A9
 0001:00059154 0000000E C=CODE     S=.text    G=(none)   M=ccuListBox ACBP=A9
 0001:00059164 0000000E C=CODE     S=.text    G=(none)   M=ccuCheckListBox ACBP=A9
 0001:00059174 0000000E C=CODE     S=.text    G=(none)   M=DateUtils ACBP=A9
 0001:00059184 0000007E C=CODE     S=.text    G=(none)   M=ccuDataStringGrid ACBP=A9
 0001:00059204 0000000E C=CODE     S=.text    G=(none)   M=DB       ACBP=A9
 0001:00059214 0000000E C=CODE     S=.text    G=(none)   M=FMTBcd   ACBP=A9
 0001:00059224 0000000E C=CODE     S=.text    G=(none)   M=DBConsts ACBP=A9
 0001:00059234 0000000E C=CODE     S=.text    G=(none)   M=SqlTimSt ACBP=A9
 0001:00059244 0000000E C=CODE     S=.text    G=(none)   M=Gauges   ACBP=A9
 0001:00059254 0000000E C=CODE     S=.text    G=(none)   M=ccuGridFindDlg ACBP=A9
 0001:00059264 0000000E C=CODE     S=.text    G=(none)   M=ccuGridFindRowDlgFrm ACBP=A9
 0001:00059274 0000000E C=CODE     S=.text    G=(none)   M=ccuSetPrnColumnDlg ACBP=A9
 0001:00059284 0000000E C=CODE     S=.text    G=(none)   M=ccuSetSortColumnDlg ACBP=A9
 0001:00059294 0000000E C=CODE     S=.text    G=(none)   M=ccuSetDgOptionsDlg ACBP=A9
 0001:000592A4 0000000E C=CODE     S=.text    G=(none)   M=Spin     ACBP=A9
 0001:000592B4 0000000E C=CODE     S=.text    G=(none)   M=ccuFilterExprDlg ACBP=A9
 0001:000592C4 0000000E C=CODE     S=.text    G=(none)   M=ccuSetExportColumnDlg ACBP=A9
 0001:000592D4 0000000E C=CODE     S=.text    G=(none)   M=ccuRegExpr ACBP=A9
 0001:000592E4 0000000E C=CODE     S=.text    G=(none)   M=ccuPubVclUtil ACBP=A9
 0001:000592F4 00000038 C=CODE     S=.text    G=(none)   M=ccuUtils ACBP=A9
 0001:0005932C 0000001E C=CODE     S=.text    G=(none)   M=VCLZip   ACBP=A9
 0001:0005934C 0000000E C=CODE     S=.text    G=(none)   M=kpZcnst  ACBP=A9
 0001:0005935C 0000000E C=CODE     S=.text    G=(none)   M=kpMatch  ACBP=A9
 0001:0005936C 0000000E C=CODE     S=.text    G=(none)   M=kpZipObj ACBP=A9
 0001:0005937C 0000000E C=CODE     S=.text    G=(none)   M=kpCntn   ACBP=A9
 0001:0005938C 0000000E C=CODE     S=.text    G=(none)   M=KpLib    ACBP=A9
 0001:0005939C 0000000E C=CODE     S=.text    G=(none)   M=kpSStrm  ACBP=A9
 0001:000593AC 0000000E C=CODE     S=.text    G=(none)   M=kpSHuge  ACBP=A9
 0001:000593BC 00000016 C=CODE     S=.text    G=(none)   M=VCLUnZip ACBP=A9
 0001:000593D4 00000038 C=CODE     S=.text    G=(none)   M=CheckFolderFrm ACBP=A9
 0001:0005940C 00002094 C=CODE     S=.text    G=(none)   M=Zipfrm   ACBP=A9
 0001:0005B4A0 0000076D C=CODE     S=.text    G=(none)   M=PZip     ACBP=A9
 0002:00000000 00000018 C=DATA     S=.data    G=DGROUP   M=SysInit  ACBP=A9
 0002:00000018 00000014 C=DATA     S=.data    G=DGROUP   M=ELeaks   ACBP=A9
 0002:0000002C 00000908 C=DATA     S=.data    G=DGROUP   M=EConsts  ACBP=A9
 0002:00000934 00000044 C=DATA     S=.data    G=DGROUP   M=ECore    ACBP=A9
 0002:00000978 0000004C C=DATA     S=.data    G=DGROUP   M=EDebug   ACBP=A9
 0002:000009C4 00000001 C=DATA     S=.data    G=DGROUP   M=EWinSock ACBP=A9
 0002:000009C8 000001A0 C=DATA     S=.data    G=DGROUP   M=EHook    ACBP=A9
 0002:00000B68 00000001 C=DATA     S=.data    G=DGROUP   M=ESockets ACBP=A9
 0002:00000B6C 00000E5C C=DATA     S=.data    G=DGROUP   M=EZlib2   ACBP=A9
 0002:000019C8 00000212 C=DATA     S=.data    G=DGROUP   M=EHash    ACBP=A9
 0002:00001BDC 00000144 C=DATA     S=.data    G=DGROUP   M=EBase64  ACBP=A9
 0002:00001D20 000034B0 C=DATA     S=.data    G=DGROUP   M=EWebTools ACBP=A9
 0002:000051D0 00000020 C=DATA     S=.data    G=DGROUP   M=EXMLBuilder ACBP=A9
 0002:000051F0 00000024 C=DATA     S=.data    G=DGROUP   M=ELogManager ACBP=A9
 0002:00005214 000012D5 C=DATA     S=.data    G=DGROUP   M=EDisAsm  ACBP=A9
 0002:000064EC 000005E0 C=DATA     S=.data    G=DGROUP   M=ExceptionLog ACBP=A9
 0002:00006ACC 00000028 C=DATA     S=.data    G=DGROUP   M=Zipfrm   ACBP=A9
 0002:00007000 00000018 C=BSS      S=.bss     G=DGROUP   M=SysInit  ACBP=A9
 0002:00007018 00000004 C=BSS      S=.bss     G=DGROUP   M=Windows  ACBP=A9
 0002:0000701C 00000054 C=BSS      S=.bss     G=DGROUP   M=ELeaks   ACBP=A9
 0002:00007070 00000004 C=BSS      S=.bss     G=DGROUP   M=Messages ACBP=A9
 0002:00007074 00000004 C=BSS      S=.bss     G=DGROUP   M=ETypes   ACBP=A9
 0002:00007078 00000004 C=BSS      S=.bss     G=DGROUP   M=EConsts  ACBP=A9
 0002:0000707C 00000009 C=BSS      S=.bss     G=DGROUP   M=ECore    ACBP=A9
 0002:00007088 00000004 C=BSS      S=.bss     G=DGROUP   M=EDebug   ACBP=A9
 0002:0000708C 00000004 C=BSS      S=.bss     G=DGROUP   M=ShellAPI ACBP=A9
 0002:00007090 00000010 C=BSS      S=.bss     G=DGROUP   M=EWinSock ACBP=A9
 0002:000070A0 00000010 C=BSS      S=.bss     G=DGROUP   M=EHook    ACBP=A9
 0002:000070B0 00000004 C=BSS      S=.bss     G=DGROUP   M=ELang    ACBP=A9
 0002:000070B4 00000004 C=BSS      S=.bss     G=DGROUP   M=ESockets ACBP=A9
 0002:000070B8 00002894 C=BSS      S=.bss     G=DGROUP   M=EZlib2   ACBP=A9
 0002:0000994C 00000404 C=BSS      S=.bss     G=DGROUP   M=EHash    ACBP=A9
 0002:00009D50 0000001C C=BSS      S=.bss     G=DGROUP   M=EEncrypt ACBP=A9
 0002:00009D6C 00000004 C=BSS      S=.bss     G=DGROUP   M=EBase64  ACBP=A9
 0002:00009D70 00000004 C=BSS      S=.bss     G=DGROUP   M=EZip     ACBP=A9
 0002:00009D74 00000048 C=BSS      S=.bss     G=DGROUP   M=EWebTools ACBP=A9
 0002:00009DBC 00000004 C=BSS      S=.bss     G=DGROUP   M=EXMLBuilder ACBP=A9
 0002:00009DC0 00000004 C=BSS      S=.bss     G=DGROUP   M=ELogManager ACBP=A9
 0002:00009DC4 00000004 C=BSS      S=.bss     G=DGROUP   M=EListView ACBP=A9
 0002:00009DC8 00000004 C=BSS      S=.bss     G=DGROUP   M=EDisAsm  ACBP=A9
 0002:00009DCC 00000E80 C=BSS      S=.bss     G=DGROUP   M=ExceptionLog ACBP=A9
 0002:0000AC4C 00000004 C=BSS      S=.bss     G=DGROUP   M=CommCtrl ACBP=A9
 0002:0000AC50 00000004 C=BSS      S=.bss     G=DGROUP   M=Imm      ACBP=A9
 0002:0000AC54 00000004 C=BSS      S=.bss     G=DGROUP   M=ShlObj   ACBP=A9
 0002:0000AC58 00000004 C=BSS      S=.bss     G=DGROUP   M=UrlMon   ACBP=A9
 0002:0000AC5C 00000004 C=BSS      S=.bss     G=DGROUP   M=WinInet  ACBP=A9
 0002:0000AC60 00000004 C=BSS      S=.bss     G=DGROUP   M=RegStr   ACBP=A9
 0002:0000AC64 00000004 C=BSS      S=.bss     G=DGROUP   M=WinSpool ACBP=A9
 0002:0000AC68 00000004 C=BSS      S=.bss     G=DGROUP   M=CommDlg  ACBP=A9
 0002:0000AC6C 00000004 C=BSS      S=.bss     G=DGROUP   M=Dlgs     ACBP=A9
 0002:0000AC70 00000004 C=BSS      S=.bss     G=DGROUP   M=RichEdit ACBP=A9
 0002:0000AC74 00000004 C=BSS      S=.bss     G=DGROUP   M=ccuUtils ACBP=A9
 0002:0000AC78 00000004 C=BSS      S=.bss     G=DGROUP   M=CheckFolderFrm ACBP=A9
 0002:0000AC7C 00000008 C=BSS      S=.bss     G=DGROUP   M=Zipfrm   ACBP=A9


  Address         Publics by Name

 0001:000122EC       ..
 0002:00000B94       ..
 0001:00013800       ..
 0001:00013CD4       ..
 0002:00000C04       ..
 0002:00000BF0       ..
 0001:00013C0C       ..
 0002:000070C0       ..
 0002:00000C1C       ..
 0002:00000C70       ..
 0002:00000CC0       ..
 0002:000090C0       ..
 0002:00000E30       ..
 0001:0001773C       ..
 0002:00000F5C       ..
 0002:00000BFC       ..
 0002:00007088       .03
 0002:0000AC50       .1
 0002:00007010       .1
 0002:0000AC54       .1
 0002:00007070       .1
 0002:0000AC70       .1
 0002:00009D50       .1
 0002:0000708C       .1
 0002:0000994C       .1
 0002:0000AC6C       .1
 0002:0000AC68       .1
 0002:00007074       .1
 0002:00007034       .1
 0002:0000AC60       .1
 0002:0000AC4C       .1
 0002:000070A0       .1
 0002:0000AC5C       .1
 0002:000070B0       .1
 0002:0000AC58       .1
 0002:00009D6C       .1
 0002:0000AC74       .1
 0002:000070B8       .2
 0002:00009DC8       .2
 0002:0000AC78       .2
 0002:00009DC4       .2
 0002:00009DF0       .21
 0002:000070B4       .3
 0002:00007018       .3
 0002:0000AC80       .3
 0002:0000AC64       .3
 0002:00009D70       .3
 0002:00009DBC       .3
 0002:00009DC0       .3
 0002:00007090       .4
 0002:00007080       .4
 0002:00007078       .5
 0002:00009D74       .7
 0001:00014680       @deflateInit2_
 0001:000138CC       @fill_fopen_filefunc
 0001:00000478       @GetTls
 0001:00013E04       @get_crc_table
 0001:00015D74       @inflateInit2_
 0001:000157BC       @inflate_fast
 0001:000172CC       @inflate_table
 0001:000004C4       @InitExe
 0001:0001893C       @_tr_align
 0001:00018C08       @_tr_flush_block
 0001:00017740       @_tr_init
 0001:00018880       @_tr_stored_block
 0002:00009F21       AbortOperation
 0001:0004A54C       AccessViolationModuleInLongFormat
 0001:000410F0       ActicatePage
 0002:00009F68       ActivateEurekaLog
 0001:0001C228       AddAuthenticationToURL
 0001:00050D14       AddCallerCallStack
 0001:00045038       AddColor
 0001:0003CB8C       AddCustomHeadersToLog
 0001:0003CA30       AddCustomHeaderToLog
 0001:000110BC       AddDNS
 0002:00007030       AddLeak
 0001:0003B74C       AddModule
 0001:0003B648       AddModuleFromFileName
 0001:000356F8       AddNewProcess
 0001:00035AC0       AddNewProcessEx
 0001:0000F2E8       AddrSize
 0001:00049850       AddStr
 0001:0003B7EC       AddToStack
 0001:00024284       AddValueField
 0001:00012104       AddZipFile
 0001:00041040       AdjustDialog
 0001:0003E4CC       AdjustFlatStyle
 0001:00013904       adler32
 0001:00045C08       AfterScreenshot
 0001:0004592C       AfterScreenshotToStream
 0002:0000704C       AllocatedList_End
 0002:00007044       AllocatedList_Lock
 0002:00007048       AllocatedList_Start
 0001:00000420       AllocTlsBuffer
 0002:000051B0       AlphaNumerics
 0001:0003BF5C       ApplicationRestore
 0001:000016CC       AreTheSameLeak
 0001:0003A55C       ASMAssigned
 0002:00000A68       AsmConst
 0001:0004A318       ASPDotNetWebSiteFile
 0001:0003FA68       AssemblerDialogProc
 0001:00031038       AssemblerToRTF
 0001:00043520       AssignOnCloseData
 0001:0003D44C       AssignPriority
 0001:0000E644       AssignValidDebugInfo
 0001:00046AB4       AttachedFile
 0001:00046D4C       AttachedFiles
 0002:00009DE4       AttachedFilesRequest
 0001:0004C994       AttrToString
 0002:00009F6C       AutoCloseTimer
 0001:0003C904       AutoCloseTimerProc
 0001:0001A590       Base64Decode
 0001:0001A68C       Base64DecodeStr
 0001:0001A6F0       Base64DecodeString
 0001:0001A474       Base64Encode
 0001:0004665C       Base64EncodeFromFile
 0001:0001A644       Base64EncodeStr
 0001:0001A6E8       Base64EncodeString
 0001:0001A6F8       Base64EncodeToString
 0002:00001C1C       Base64Filler
 0001:00000970       BeginPaint
 0001:00008288       BinToStr
 0001:00000868       BitBlt
 0001:000493E0       BlockingSendInternetMessage
 0002:0000001C       BlockOverFoot
 0002:00000018       BlockOverHead
 0001:00035D54       BuildListPS
 0001:00035C1C       BuildListTH
 0002:000064D4       ByteRegs1
 0002:000064D8       ByteRegs2
 0001:000451A0       BytesPerScanline
 0001:00044BE4       BytesSwap
 0002:0000A164       Cached_LogFile
 0001:00054A58       CalcAddr
 0001:00044C14       CalcCRC
 0001:0001A434       CalcDecodedSize
 0001:00038764       CalcDuplicatedException
 0001:0001A408       CalcEncodedSize
 0001:0000F640       CalculateRelocatedAsmSize
 0001:00039778       CallAttachedFilesRequest
 0001:000397E8       CallAttachedFilesRequestEvents
 0001:0003991C       CallCustomButtonClickEvent
 0001:00039988       CallCustomButtonClickEvents
 0001:000396A8       CallCustomDataRequest
 0001:00039718       CallCustomDataRequestEvents
 0001:0003984C       CallCustomWebFieldsRequest
 0001:000398BC       CallCustomWebFieldsRequestEvents
 0001:00000D1C       CallerOfReallocMem
 0001:000393AC       CallExceptionActionNotify
 0001:0004D290       CallExceptionActionNotify_atSavedLogFile
 0001:0004D26C       CallExceptionActionNotify_atSavingLogFile
 0001:000481D4       CallExceptionActionNotify_atSendingEmail
 0001:0004821C       CallExceptionActionNotify_atSendingWebMessage
 0001:000481F8       CallExceptionActionNotify_atSentEmail
 0001:00048240       CallExceptionActionNotify_atSentWebMessage
 0001:0004D60C       CallExceptionActionNotify_atShowedExceptionInfo
 0001:0004D5E8       CallExceptionActionNotify_atShowingExceptionInfo
 0001:00044504       CallExceptionActionNotify_atTerminating
 0001:00039520       CallExceptionErrorNotify
 0001:0004D2B4       CallExceptionErrorNotify_atSavedLogFile
 0001:00048264       CallExceptionErrorNotify_atSentEmail
 0001:00048288       CallExceptionErrorNotify_atSentWebMessage
 0001:000391B4       CallExceptionNotify
 0001:00039220       CallExceptionNotifyEvents
 0002:000064F4       CallForGetLogText
 0002:000064F0       CallFromCOMObject
 0001:00039284       CallHandledExceptionNotify
 0001:000392F0       CallHandledExceptionNotifyEvents
 0001:00039724       CallModuleEvent_AttachedFilesRequest
 0001:000398C8       CallModuleEvent_CustomButtonClickNotify
 0001:00039654       CallModuleEvent_CustomDataRequest
 0001:000397F4       CallModuleEvent_CustomWebFieldsRequest
 0001:000392FC       CallModuleEvent_ExceptionActionNotify
 0001:00039474       CallModuleEvent_ExceptionErrorNotify
 0001:00039164       CallModuleEvent_ExceptionNotify
 0001:0003922C       CallModuleEvent_HandledExceptionNotify
 0001:00039994       CallModuleEvent_PasswordRequest
 0001:000395E8       CallPasswordRequest
 0001:0003BBDC       CallStackByAddresses
 0001:0003FF80       CallStackDialogProc
 0001:0004D630       CallWriteIntraWebText
 0001:000535D8       Call_HookedExceptionObject
 0001:0005333C       Call_HookedRaise
 0001:00053604       Call_HookedRtlUnwind
 0001:0004476C       CalsCoordinates
 0002:00009F22       CanAttachScreenshot
 0002:00009F1D       CanAttachScreenshot_Show
 0002:00009F23       CanCopy
 0002:00009F1E       CanCopy_Show
 0001:0003A340       CanExit
 0002:00009EE5       CanHookLibraries
 0002:00006A18       CannotProcessMessagesExceptions
 0002:00006A64       CannotShowDialog
 0002:0000A0E8       CannotUseThread
 0001:00050D88       CanPauseThisThread
 0002:00009F1C       CanSendError_Show
 0002:00009F20       CanSendMessage
 0001:00054908       CanShowHandledExceptionEx
 0002:00009F1F       CanSupport_Show
 0002:0000A194       CaptionFontName
 0002:0000A3D0       CAPTION_HEIGHT
 0002:00001C20       cBase64Codec
 0002:00001BDC       cBase64Codec
 0001:00059324       ccuUtils
 0001:0003DF0C       CenterOnActiveWndMonitor
 0001:0003C888       CenterWindow
 0002:00009EA0       CGIHandleException
 0002:00009E4C       CGIOutputFile
 0001:00056C54       ChangeFinalizationOrder
 0001:00043494       ChangeLogUserEmail
 0002:000051F4       chars
 0001:00057588       CheckCrc32
 0001:00007344       CheckDirectoryExists
 0001:0001C194       CheckError
 0001:0000FC1C       CheckFail
 0001:00059404       CheckFolderFrm
 0001:00056944       CheckForMemoryLeaks
 0001:000373DC       CheckForResult
 0001:0000711C       CheckIntoIDE
 0001:00011AB0       CheckLibrary
 0001:00030080       CheckMagicCode
 0001:0000140C       CheckOurPointer
 0001:00033F7C       ClearInternalError
 0002:0000A339       ClickLinkActive
 0001:00027704       ClickOnSign
 0001:00032460       CloneObject
 0001:00000978       CloseClipboard
 0001:00000588       CloseHandle
 0001:00038748       CloseLogFile
 0001:000469D8       CloseSendDialog
 0001:0000EA78       closesocket
 0001:000122C4       CloseZipFile
 0002:00009EA8       CLXHandleException
 0002:00009EAC       CLXShowException
 0002:00006A8C       ColIdx
 0002:0000A36C       ColWidths
 0001:00000870       CombineRgn
 0001:00058564       CommCtrl
 0001:00058854       CommDlg
 0001:00045870       CommonSaveToStream
 0001:0003A82C       CompareEurekaFunctions
 0001:000351C4       CompareModulesFunctions
 0001:00035550       CompareProcessesFunctions
 0001:0004B770       CompleteIP
 0001:0001E014       CompleteNumber
 0001:00030620       CompleteStr
 0001:0002349C       CompleteStr
 0001:0004C9F0       CompleteString
 0001:00005CB8       CompleteVersion
 0001:000196C0       Compress
 0001:00013CC0       compressBound
 0001:00009D2C       ComputerName
 0001:00031F1C       ComputerName
 0001:0000EAA4       connect
 0001:000069EC       ConvertAddress
 0001:0000100C       ConvertAddress
 0001:00022BC8       ConvertNotDosText
 0001:0001ABF0       ConvertSpecialHTMLChars
 0001:00000BD0       CopyMemory
 0001:00000980       CopyRect
 0001:00039C88       CopyStrings
 0001:00001DE8       CountAllLeaks
 0001:00059920       CovFileDate
 0001:00040E14       CPUDialogProc
 0001:000313D4       CPUToRTF
 0002:000019C8       Crc16Tab
 0001:00013E18       crc32
 0002:00009950       crc_table
 0002:00001BC8       crc_table_computed
 0001:000453B4       Create8bitBitmap
 0001:00000878       CreateBitmap
 0001:00000880       CreateCompatibleBitmap
 0001:00000888       CreateCompatibleDC
 0001:00000C08       CreateDialogA
 0001:0003C51C       CreateDialogFonts
 0001:00000988       CreateDialogParamA
 0001:00000890       CreateDIBSection
 0001:0003D71C       CreateExceptionReport
 0001:00000590       CreateFile
 0001:00000598       CreateFileA
 0001:000005A0       CreateFileMapping
 0001:00000898       CreateFontA
 0001:000008A0       CreateFontIndirect
 0001:000008A8       CreateFontIndirectA
 0001:0004D63C       CreateGeneralText
 0001:00036788       CreateHTMLByLayout
 0001:00038D50       CreateHTMLFile
 0001:0003DA74       CreateLeakReport
 0001:0004E898       CreateLogText
 0001:000114E0       CreateMXQuery
 0001:00044FD4       CreateOctreeNode
 0001:000008B0       CreatePalette
 0001:000005A8       CreateProcessA
 0001:000008B8       CreateRectRgn
 0001:000008C0       CreateRectRgnIndirect
 0001:000008C8       CreateSolidBrush
 0001:00036B60       CreateTemplateFile
 0001:0003DC1C       CreateThreadStr
 0001:00047CC0       CreateTmpLogFile
 0001:00032AA0       CreateVirtualFile
 0001:00038E1C       CreateXMLLogCopy
 0001:00012070       CreateZipFile
 0001:000482AC       CreateZIPFile
 0001:00055E24       Create_EurekaLogUnitsList
 0002:00000934       CriticalError
 0002:00006A3C       CriticalExceptObject
 0002:00009ED4       CurrentAsmErrorLine
 0002:00009EDC       CurrentAsmErrorText
 0002:00009EE0       CurrentCPUErrorText
 0002:00009F70       CurrentDialog
 0001:00054ACC       CurrentEurekaLogOptions
 0002:00009ED8       CurrentGeneralErrorText
 0002:00009E48       CurrentOptions
 0002:00009F88       CurrentProcessWindowsList
 0002:00006A28       CurrentStackList
 0002:00009DEC       CustomButtonClickNotify
 0002:00009DE0       CustomDataRequest
 0002:00009F0C       CustomExceptMessage
 0001:000569D8       CustomHandler
 0002:000064FC       CustomSmtpHeloCommand
 0002:00009DE8       CustomWebFieldsRequest
 0002:00009D54       CV
 0001:00006230       DateTimeToStrFixed
 0002:00009F84       DbgSection
 0002:0000A0C4       DebugHook_Assigned
 0001:000498A0       DebugToStr
 0001:0000BBA8       DecodeNameString
 0001:0001A30C       Decrypt
 0001:00014C50       deflate
 0001:00014F14       deflateEnd
 0001:00014664       deflateInit_
 0001:00000990       DefWindowProcA
 0001:000005B0       DeleteCriticalSection
 0001:000008D0       DeleteDC
 0001:00048418       DeleteExtraFiles
 0001:000005B8       DeleteFileA
 0001:00035150       DeleteFileEx
 0001:000008D8       DeleteObject
 0001:00044EE0       DeleteTree
 0001:00032C0C       DeleteVirtualFile
 0002:00006AAC       DeniedChars
 0001:0003C764       DestroyDialogFonts
 0001:00000998       DestroyWindow
 0002:0000A3AC       DetailsActive
 0001:0003E50C       DetailsState
 0001:000009A0       DialogBoxParamA
 0002:0000A3B8       DialogHeight
 0002:0000A0D4       DialogType
 0002:00000938       Digits
 0001:00036B3C       DirectoryExists
 0001:000028C8       DisableMemoryLeaksCheck
 0001:000009A8       DispatchMessage
 0001:0005888C       Dlgs
 0001:0003C1D4       DlgTemplate
 0002:000070A8       DllList
 0001:00011940       Done
 0001:0000A070       Done
 0001:00002AB4       Done
 0001:00057EAC       Done
 0001:000100F0       Done
 0001:00055AF4       DoneCheckFreeze
 0002:00009E9C       DoneExcept
 0001:00056C08       DoneExceptAddr
 0001:0001BC18       DoneLib
 0001:00002654       DoneShareMem
 0001:00006574       DotNetHostedFile
 0001:0004A370       DotNetHostedFileHandle
 0001:0004A324       DotNetMainFile
 0002:00006A4C       DotNetMetadataFile
 0002:00006A6C       Dots
 0001:00026EC8       DrawBmp
 0001:00027A4C       DrawBottom
 0001:000433E8       DrawButton
 0001:0004327C       DrawClickHere
 0001:000431F4       DrawControl
 0001:000279D8       DrawFrame
 0001:000009B0       DrawIconEx
 0001:00027AF4       DrawItem
 0001:00027AA0       DrawLine
 0001:000413D0       DrawSupportLink
 0001:000009B8       DrawTextA
 0002:00009F24       DuplicatedException
 0001:000005C0       DuplicateHandle
 0001:0001A758       EBase64
 0001:000059B4       EConsts
 0001:0000A0C8       ECore
 0001:0000E7A4       EDebug
 0001:0002F508       EDisAsm
 0001:0001A400       EEncrypt
 0001:0001A0AC       EHash
 0001:000101EC       EHook
 0001:0002312C       ElaborateString
 0001:0001C454       ElaborateURL
 0001:0001C5BC       ElaborateWebPage
 0001:000102FC       ELang
 0001:00002B74       ELeaks
 0001:00028110       EListView
 0001:00026DF0       ELogManager
 0001:000009C0       EmptyClipboard
 0002:00000034       EMsgs
 0001:0000273C       EnableMemoryLeaksCheck
 0001:000009C8       EnableWindow
 0001:00044DCC       Encode
 0002:000051D0       EncodedChars
 0001:00047E24       EncodeURL
 0001:000009D0       EndDialog
 0001:000009D8       EndPaint
 0001:000005C8       EnterCriticalSection
 0001:000005D0       EnumSystemLocalesA
 0001:000009E0       EnumWindows
 0001:00034380       EnumWindowsProc
 0001:000342C8       EnumWindowsProc
 0001:00034224       EnumWindowsProc
 0001:00034494       EnumWindowsProc
 0001:0000B0F4       Eof
 0002:000051F0       EOFLine
 0001:00045CD4       Error
 0001:0000251C       Error
 0002:0000080C       EShowOptions
 0001:000119A0       ESockets
 0001:00003070       ETypes
 0002:0000002C       EurekaLogCurrentVersion
 0002:00009F40       EurekaLogList
 0001:000465B4       EurekaLogSendEmail
 0002:00006500       EurekaLogUnits
 0002:00009F64       EurekaLogUnitsList
 0001:0003A154       EurekaLog_AttachedFilesRequestEvent
 0001:00053CBC       EurekaLog_CallCreateThread
 0001:0005344C       EurekaLog_CallExceptObject
 0001:00053DF4       EurekaLog_CallExitThread
 0001:000532C8       EurekaLog_CallGeneralRaise
 0001:00053D50       EurekaLog_CallResumeThread
 0001:0003A29C       EurekaLog_CustomButtonClickEvent
 0001:0003A0B0       EurekaLog_CustomDataRequestEventEx
 0001:0003A1F8       EurekaLog_CustomWebFieldsRequestEvent
 0001:00039F68       EurekaLog_ExceptionActionNotifyEvent
 0001:0003A00C       EurekaLog_ExceptionErrorNotifyEvent
 0001:00039E20       EurekaLog_ExceptionNotifyEvent
 0001:00039EC4       EurekaLog_HandledExceptionNotifyEvent
 0001:00053CB4       EurekaLog_LastDelphiException
 0001:00039D0C       EurekaLog_PasswordRequestEvent
 0001:00039D50       EurekaLog_PasswordRequestEventEx
 0002:00000594       EVals
 0002:000008CC       EVariablesOptions
 0001:000224F0       EWebTools
 0001:0000ED18       EWinSock
 0002:00009DD4       ExceptionActionNotify
 0002:00009E1C       ExceptionCriticalSection
 0002:00009DD8       ExceptionErrorNotify
 0001:00033520       ExceptionLine
 0001:00058314       ExceptionLog
 0001:00054DF0       ExceptionManager
 0002:00009DCC       ExceptionNotify
 0002:00009E54       ExceptionNumber
 0002:00009F78       ExceptionsTime
 0002:00009F7C       ExceptionTime
 0001:000370C4       ExceptionTypeByAddr
 0001:0005292C       ExceptNotify
 0001:000496C8       ExceptNotifyAfter1
 0001:000497C4       ExceptNotifyAfter2
 0001:000497D8       ExceptNotifyAfter3
 0001:000072B8       ExcludeLastBackslash
 0001:000005D8       ExitThread
 0001:00022A98       EXMLBuilder
 0001:00006488       ExpandEnvVars
 0001:0003A8DC       ExportedFunctions
 0001:000382DC       ExtractDebugData
 0001:00000CA8       ExtractFileName
 0001:000552C0       ExtractGZipStream
 0001:00005F2C       ExtractList
 0001:00037E18       ExtractStr
 0001:00006EA0       ExtractStringsEx
 0001:0003D534       ExtractThreadByList
 0001:0002479C       ExtractValue
 0001:0001A8AC       EZip
 0001:000195B0       EZlib2
 0002:0000A170       fActive
 0002:00006A60       fActivePage
 0002:0000A18C       fBigFont
 0002:0000A174       fCaptionFont
 0002:0000A168       fDlgBack
 0001:0004CD60       FetchStr
 0002:0000A17C       fFixedFont1
 0002:0000A180       fFixedFont2
 0001:000005E0       FileTimeToDosDateTime
 0001:000005E8       FileTimeToLocalFileTime
 0001:000005F0       FileTimeToSystemTime
 0001:00038FA8       FillAttachedList
 0001:000009E8       FillRect
 0001:0003560C       FillThreadsCount
 0001:00058158       Finalization
 0001:0000ECE8       Finalization
 0001:00019580       Finalization
 0001:000587DC       Finalization
 0001:00058824       Finalization
 0001:00002DE8       Finalization
 0001:000592F4       Finalization
 0001:0005885C       Finalization
 0001:00002B3C       Finalization
 0001:00058A4C       Finalization
 0001:000593D4       Finalization
 0001:000280E0       Finalization
 0001:0001A3D0       Finalization
 0001:0000E7B4       Finalization
 0001:000102CC       Finalization
 0001:00058794       Finalization
 0001:00026DB4       Finalization
 0001:00058534       Finalization
 0001:00011948       Finalization
 0001:0002F46C       Finalization
 0001:0005866C       Finalization
 0001:00005930       Finalization
 0001:0001A728       Finalization
 0001:000224A0       Finalization
 0001:0005875C       Finalization
 0001:00022A68       Finalization
 0001:00000C20       Finalization
 0001:0000E708       Finalization
 0001:0001A87C       Finalization
 0001:0005B430       Finalization
 0001:00000508       Finalization
 0001:0005B4A0       Finalization
 0001:000586EC       Finalization
 0001:0001A07C       Finalization
 0001:00058724       Finalization
 0001:0000A074       Finalization
 0001:00010198       Finalization
 0001:00003040       Finalization
 0002:00007024       FinalizationProc
 0001:000005F8       FindClose
 0001:00047C40       FindEOFLine
 0001:0001C02C       FindErrorMessage
 0001:0004D58C       FindException
 0001:00000600       FindFirstFileA
 0001:000358B0       FindFullPath
 0001:00038228       FindFunction
 0001:00030094       FindHandled
 0001:00001798       FindLeakAddress
 0001:000019BC       FindLeakClassName
 0001:000016F0       FindLeakSons
 0001:000574C4       FindMainInstance
 0001:00034904       FindModuleType
 0001:0000164C       FindNextValidLeak
 0001:0000B264       FindParam
 0001:0000E914       FindProc
 0001:00035558       FindProcess
 0001:00000608       FindResourceA
 0001:0001B78C       FindSelected
 0001:0003004C       FirstProc
 0002:0000A198       FixedFontName1
 0002:0000A19C       FixedFontName2
 0002:0000A190       FixedFontSize
 0002:0000A3D4       FixedTmpOptionsFile
 0002:0000A184       fLinkFont
 0002:0000A188       fLinkFont2
 0002:0000A314       fListViewItems
 0002:00005BD4       FloatingPointOpcodes
 0001:00000610       FlushInstructionCache
 0002:0000A16C       fMemoBack
 0002:0000A2F4       fMonitor
 0002:0000A2FC       fMonitorInfo
 0001:00054D3C       ForceApplicationTermination
 0001:00007368       ForceDirectoriesEx
 0001:0004D1AC       FormatComplete
 0001:0000E0D0       FormatProcName
 0001:000009F0       FrameRect
 0001:00001DBC       FreeAllLeaks
 0001:00032494       FreeClonedObject
 0001:00000618       FreeLibrary
 0001:000331CC       FreeOutOfMemoryCache
 0001:00045C98       FreeScreenshot
 0002:00009EE8       FreezeThread
 0002:0000A2F8       fSendBmp
 0002:00009DA8       FtpOpenFile
 0001:00021ED0       FTPUploadFiles
 0002:0000A178       fVariableFont
 0001:00040C0C       GeneralDialogProc
 0001:000530A8       GeneralRaise
 0001:00030BD4       GeneralToRTF
 0001:00048DD4       GenerateCustomWebFieldsString
 0001:00036A18       GenerateHTML
 0001:00021314       GenerateMultipartBoundary
 0001:0001CDE4       GenerateMultipartBoundary
 0001:00021450       GenerateRequestBody
 0001:0001CEB4       GenerateRequestBody
 0001:00000620       GetACP
 0001:0004ABAC       GetActiveControlClass
 0001:0004ABC4       GetActiveControlText
 0001:0004AACC       GetActiveFormClass
 0001:0004AB18       GetActiveFormText
 0001:0003DC8C       GetActiveMonitorData
 0001:0004B8B4       GetAdapterInfo
 0001:000355D8       GetAllocatedMemory
 0001:00038208       GetAndSetFunctionSize
 0001:0004B41C       GetApplicationName
 0001:000343F8       GetApplicationRect
 0001:0004AAAC       GetApplicationUpTime
 0001:0000F450       GetAsmSize
 0001:0003BFD0       GetBaseOfStack
 0001:00043360       GetBottonWidth
 0001:00000C04       GetBValue
 0001:0003BEAC       GetCallStackByAddresses
 0001:0003320C       GetCallStackDump
 0001:000009F8       GetClassInfo
 0001:00000A00       GetClassNameA
 0001:00027F60       GetColumnAlign
 0001:00027F34       GetColumnCount
 0001:00000628       GetCommandLine
 0001:0004CC08       GetCompanyName
 0001:0004AA50       GetCompilationDate
 0001:000306A8       GetCompleteTimeStr
 0001:00000630       GetComputerNameA
 0001:000523AC       GetControlClass
 0001:00052408       GetControlText
 0001:0001965C       GetCRC16
 0001:00019614       GetCRC32
 0001:000008E0       GetCurrentObject
 0001:0004CED8       GetCurrentPrinterHandle
 0001:00000638       GetCurrentProcess
 0001:00000640       GetCurrentProcessId
 0001:0003BFD8       GetCurrentStackPointer
 0001:00054DE8       GetCurrentStackPointer
 0001:00000648       GetCurrentThread
 0001:00000650       GetCurrentThreadId
 0001:000324B4       GetCurrentTopOfStack
 0001:0004CA30       GetCurrentUserPrivileges
 0001:00000A08       GetCursor
 0001:00000A10       GetCursorPos
 0001:00001524       GetDataCaller
 0001:00000A18       GetDC
 0001:0003B7AC       GetDebugDetail
 0001:00049940       GetDebugInfoEx
 0001:000385D4       GetDebugInfosByAddr
 0001:00037FF4       GetDebugPartialInfo
 0001:0004CDF4       GetDefaultPrinter
 0001:00000A20       GetDesktopWindow
 0001:000008F0       GetDeviceCaps
 0001:0004101C       GetDialogState
 0001:000008E8       GetDIBits
 0001:0004B1D0       GetDiskInfo
 0001:0004C93C       GetDisplayDPI
 0001:0004B6D0       GetDisplayMode
 0001:00000A28       GetDlgItem
 0001:000110E0       GetDNSList
 0001:0001129C       GetDomain
 0001:00011408       GetDomainName
 0001:0004E534       GetDump
 0001:0004E234       GetEAX
 0001:0004E294       GetEBX
 0001:0004E2F4       GetECX
 0001:0004E414       GetEDI
 0001:0003CFA8       GetEditText
 0001:0004E354       GetEDX
 0001:0003A554       GetEF
 0001:0002DE60       GetEffectiveAddress
 0001:0004E4D4       GetEIP
 0001:0004E7A4       GetEmptySection
 0001:00000658       GetEnvironmentVariableA
 0001:0000634C       GetEnvVariable
 0001:0004E3B4       GetESI
 0001:000331FC       GetESP
 0001:0004E474       GetESP
 0001:000066E8       GetEurekaLogDir
 0001:0003ADE4       GetEurekaLogModuleVersion
 0001:0004ADC0       GetExceptionAddress
 0001:0004ADA8       GetExceptionDate
 0001:0004A818       GetExceptionMessage
 0001:0004ADF4       GetExceptionModuleName
 0001:0004AED8       GetExceptionModuleVersion
 0001:0004AF5C       GetExceptionType
 0001:0003C0E4       GetExceptMessage
 0001:00000660       GetExitCodeProcess
 0001:00000668       GetExitCodeThread
 0001:0001B02C       GetFieldValue
 0001:00000670       GetFileAttributes
 0001:00000678       GetFileAttributesA
 0001:0001BFC0       GetFileContents
 0001:000213E4       GetFileContents
 0001:00021E94       GetFileSize
 0001:0003511C       GetFileSize
 0001:000120C8       GetFileSize
 0001:00059964       GetFileTime
 0001:0004BDE0       GetFileVersionEx
 0001:00000850       GetFileVersionInfoA
 0001:00000858       GetFileVersionInfoSizeA
 0001:00000A30       GetFocus
 0001:0000659C       GetFolder
 0001:00000A38       GetForegroundWindow
 0001:00001084       GetFramesCallStackDump
 0001:0004B2C4       GetFreeDisk
 0001:0004B150       GetFreeMemory
 0001:00049C20       GetFunctionAsm
 0001:0000F588       GetFunctionSize
 0001:000070D4       GetGMT
 0001:00000C00       GetGValue
 0001:00000680       GetHandleInformation
 0001:0000EBC8       gethostbyname
 0001:0000EBF8       gethostname
 0001:00021720       GetHTTPResponse
 0001:0001C6CC       GetHTTPResponse
 0001:00000A40       GetIconInfo
 0001:0000E408       GetImageNtHeaders
 0001:0004BFD4       GetIndexKeyName
 0001:0004CD94       GetIniDefPrinter
 0001:00052D84       GetIntraWebExceptionType
 0001:00026EA0       GetItemRect
 0001:0003FF34       GetItemText
 0001:00000A48       GetKeyboardState
 0001:0004AD5C       GetLanguageString
 0001:00000688       GetLastError
 0001:0000174C       GetLeakCount
 0001:0001B99C       GetListDefault
 0001:0001B618       GetListValue
 0001:0004AC30       GetLocaleDataA
 0001:0004ABF0       GetLocaleDataW
 0001:00000698       GetLocaleInfoA
 0001:000006A0       GetLocaleInfoW
 0001:00000690       GetLocalTime
 0001:00006AC8       GetLongNameFromShort
 0001:0003425C       GetMainWindow
 0001:000008F8       GetMapMode
 0001:00019F7C       GetMD5
 0001:0004B004       GetMemInfo
 0001:00011F6C       GetModifiedDate
 0001:00006A24       GetModifiedDate
 0001:00034CD4       GetModuleDescriptionAndVersion
 0001:000006A8       GetModuleFileNameA
 0001:000006B0       GetModuleHandle
 0001:00000400       GetModuleHandle
 0001:000006B8       GetModuleHandleA
 0001:00034AC8       GetModulePath
 0001:00034BA4       GetModuleSize
 0001:000354C0       GetModulesList
 0001:00035330       GetModulesWin9X
 0001:000351CC       GetModulesWinNT
 0001:00034C34       GetModuleVer
 0001:00039110       GetModule_ProcedureEvent
 0001:0003DEE8       GetMonitorWorkAreaFromActiveWnd
 0001:0003DEC4       GetMonitorWorkAreaFromWnd
 0001:0003DDE0       GetMonitorWorkAreaFromWndEx
 0001:00011634       GetMXBestRecord
 0001:0001156C       GetMXRecord
 0001:00011724       GetMXServerFromEmail
 0001:0004BC5C       GetNetworkData
 0001:00000900       GetObject
 0001:00001538       GetObjectCaller
 0001:00045344       GetOptimizedPalette
 0001:0001B878       GetOptionsDefault
 0001:000024CC       GetOptionsFromExeFile
 0001:0001B418       GetOptionsValue
 0001:00031EE8       GetOSBuild
 0001:0004AD90       GetOSCharset
 0001:0004AD84       GetOSLanguage
 0001:00031AC0       GetOSType
 0001:0004ABDC       GetOSUpdate
 0001:000331B0       GetOutOfMemoryCache
 0001:00044F1C       GetPaletteColors
 0001:0004A9C0       GetParameters
 0001:00035F80       GetParentProcessID
 0001:0003D004       GetParentWnd
 0001:0003B134       GetPassword
 0001:00000908       GetPixel
 0001:0004CF50       GetPrinterStr
 0001:000006C0       GetPriorityClass
 0001:000006C8       GetPrivateProfileStringA
 0001:000006D0       GetProcAddress
 0001:00035DB4       GetProcessesList
 0001:0004B4EC       GetProcessor
 0001:0003508C       GetProcessThreads
 0001:000006D8       GetProfileStringA
 0001:000010FC       GetRawCallStackDump
 0001:00002430       GetRawOptions
 0001:00000D30       GetReadableSize
 0001:0000694C       GetReadableSize
 0001:000388B8       GetRealFileName
 0001:0002D82C       GetRefAddress
 0001:0002D968       GetRegName
 0001:000023E8       GetResourceData
 0001:000371B8       GetResourceData
 0001:00000BFC       GetRValue
 0001:00037534       GetSourceInfoByAddr
 0001:0004E714       GetStack
 0001:0004B404       GetStartDate
 0001:000006E0       GetStartupInfoA
 0001:00000910       GetStockObject
 0001:00037CA4       GetSymbolAddr
 0001:00000A50       GetSysColor
 0001:000006E8       GetSystemDefaultLangID
 0001:00000A58       GetSystemMetrics
 0001:00000918       GetSystemPaletteEntries
 0001:000006F0       GetSystemTime
 0001:0004B694       GetSystemUpTime
 0001:0001ADE0       GetTagValue
 0001:000006F8       GetTempPathA
 0001:0001B20C       GetTextAreaValue
 0001:00000920       GetTextExtentPoint32
 0001:00000928       GetTextExtentPoint32A
 0001:0003CD40       GetTextHeight
 0001:0003CF24       GetTextWidth
 0001:00000700       GetThreadContext
 0001:0003D5CC       GetThreadData
 0001:00052D0C       GetThreadParams
 0001:00000708       GetThreadPriority
 0001:00000710       GetTickCount
 0001:0000042C       GetTlsSize
 0001:00000540       GetTokenInformation
 0001:00033204       GetTopOfStack
 0001:0004B364       GetTotalDisk
 0001:0004B0D0       GetTotalMemory
 0001:00006660       GetUserApplicationsPath
 0001:0004CBF4       GetUserEmail
 0001:00000548       GetUserNameA
 0001:00055820       GetValidMainWindow
 0001:0001C8E8       GetValueFromIndex
 0001:00000718       GetVersionEx
 0001:000350C8       GetVersionNumber
 0001:0004C1A4       GetVideoCardStr
 0001:0000F054       GetVirtualMethod
 0001:000340C8       GetWindowClassName
 0001:00000A60       GetWindowDC
 0001:00000A68       GetWindowLong
 0001:0003427C       GetWindowName
 0001:00000A70       GetWindowPlacement
 0001:00000A78       GetWindowRect
 0001:00000720       GetWindowsDirectoryA
 0001:00000A80       GetWindowTextA
 0001:00000A88       GetWindowThreadProcessId
 0001:0000751C       GetWorkingFile
 0001:00000728       GlobalAlloc
 0001:00000730       GlobalFree
 0001:00000738       GlobalLock
 0001:00000740       GlobalMemoryStatus
 0002:0000A7D4       GlobalSendValues
 0001:00000748       GlobalUnlock
 0002:0000A14C       Global_AttachedFiles
 0002:0000A0F3       Global_CloseDialog
 0002:0000A140       Global_CurrentEvent
 0002:0000A154       Global_DataFields
 0002:0000A118       Global_ExceptionRecord
 0002:0000A0F0       Global_Execute
 0002:0000A0F1       Global_Handled
 0002:00006A58       Global_IntoHandleException
 0002:0000A15C       Global_IntraWebText
 0002:0000A148       Global_LastInitPassword
 0002:0000A158       Global_Module
 0002:0000A144       Global_Password
 0002:0000A0F2       Global_Retry
 0002:0000A150       Global_WebFields
 0002:0000A160       Global_WebTextID
 0001:00052F54       GoNotify
 0002:00005A14       GroupsOpcodes
 0002:00005B54       GroupsOperands
 0001:00056B04       HandleAnyExceptionAddr
 0002:00009E58       HandleAnyExceptionAddr_Variable
 0001:00001E10       HandleAnyLeak
 0001:00056BA8       HandleAutoExceptionAddr
 0002:00009E60       HandleAutoExceptionAddr_Variable
 0001:00027964       HandleBackgroundState
 0002:00009FBC       HandledCache
 0002:00009FB8       HandledCacheCount
 0002:0000A0AC       HandledCacheCriticalSection
 0002:00009DD0       HandledExceptionNotify
 0001:000014EC       HandleError
 0001:00056B50       HandleOnExceptionAddr
 0002:00009E5C       HandleOnExceptionAddr_Variable
 0001:0003408C       HasWindowASize
 0002:0000700C       HInstance
 0001:00000BCC       HiWord
 0002:000070BC       hLib
 0001:0003A4B8       HookBPLProcedureByAddr
 0001:0003A52C       HookBPLProcedureBySymbol
 0001:0000FC80       HookDllProcedure
 0001:00053E14       HookedCreateThread
 0001:000535E0       HookedExceptionObject
 0001:00053770       HookedExceptProc
 0001:0005428C       HookedExitThread
 0001:0005437C       HookedHttpExtensionProc
 0002:000070AC       HookedMethodsList
 0002:000070A4       HookedProcedures
 0001:0005342C       HookedRaise
 0001:00054070       HookedResumeThread
 0001:00053A54       HookedRTLThreadProc
 0001:000536B8       HookedRtlUnwind
 0001:000538FC       HookedThreadExecute
 0001:00053B84       HookedThreadProc
 0001:00054348       HookedWriteClientProc
 0001:000536E0       HookedWriteFile
 0001:00054F74       Hooked_CGIHandleServerException
 0001:00055088       Hooked_CLXHandleException
 0001:000550B8       Hooked_CLXShowException
 0001:00055758       Hooked_DoneExcept
 0001:00055728       Hooked_IndyThreadHandleException
 0001:0005510C       Hooked_IntraWebCreateServer
 0001:00055408       Hooked_IntraWebSendResponse
 0001:00054FA4       Hooked_ISAPIHandleServerException
 0001:00055674       Hooked_NTServiceLogMessage
 0001:00054FD4       Hooked_VCLHandleException
 0001:00055048       Hooked_VCLShowException
 0001:0005748C       HookingModuleName
 0001:000574B0       HookingRTLModuleName
 0001:00056E00       HookLastFInit
 0001:00056D78       HookLastInit
 0001:0000F860       HookProcedure
 0001:0000F974       HookProcedureEx
 0001:0003A420       HookSymbolProcedure
 0001:0000F0A0       HookVirtualMethod
 0001:00056E10       Hook_InitializationAndFinalization
 0001:00056FD8       Hook_OnExceptionEvents
 0001:00046A14       HostName
 0002:00005004       HTMLChars
 0002:00004D04       HTMLDelimiters
 0001:0000EAD4       htons
 0002:00009D84       HttpAddRequestHeaders
 0002:00009D94       HttpEndRequest
 0002:00009D80       HttpOpenRequest
 0002:00009D98       HttpQueryInfo
 0002:00009D88       HttpSendRequest
 0002:00009D8C       HttpSendRequestEx
 0001:000219D4       HTTPUploadFiles
 0002:00006A94       IDATHeader
 0001:00044D84       IDATWrite
 0002:0000A0E4       IDC_CURSOR
 0001:00030470       ifelseStr
 0001:000304E8       ifStr
 0002:00006AA8       iLevel
 0001:00027158       ImageList_Add
 0001:00027150       ImageList_Create
 0001:00027160       ImageList_Destroy
 0001:0005869C       Imm
 0001:00049AAC       ImmidiateDataProc
 0002:00009F60       InactiveThreads
 0001:00007200       IncludeLastBackslash
 0001:000469C4       IncSendDialogBar
 0002:00009F8C       IndyHooked
 0002:00009E98       IndyThread_HandleException
 0002:00009E7C       Indy_OnException
 0001:00016078       inflate
 0001:00016F30       inflateEnd
 0001:00011B44       InflateInit
 0001:00015E40       inflateInit_
 0001:00015CB8       inflateReset
 0001:0000674C       IniDir
 0001:000100BC       Init
 0001:00011938       Init
 0001:000028E8       Init
 0001:0005768C       Init
 0001:0000A064       Init
 0001:00055A4C       InitCheckFreeze
 0001:00044C98       InitDeflate
 0002:00009EBA       InitFInitException
 0001:00000750       InitializeCriticalSection
 0002:00000B68       Initialized
 0002:00006A30       Initialized
 0001:000004B8       InitializeModule
 0001:0001A26C       InitKey
 0001:0001BC30       InitLib
 0001:000454FC       InitScreenshot
 0001:00002560       InitShareMem
 0001:00000434       InitThreadTLS
 0001:0003DF88       InsertColumn
 0001:000301EC       InsertHandled
 0002:00007058       InstallNewMemoryManager
 0001:000574A4       InstanceModuleName
 0001:00010428       InternalCleanup
 0001:000336A4       InternalCriticalError
 0002:00009F38       InternalErrorCode
 0002:00009F3C       InternalErrorMsg
 0001:00050FE4       InternalExceptNotify
 0001:0003612C       InternalFileExists
 0002:00007084       InternalIntoIDE
 0001:00045CE0       InternalSendMail
 0001:000103F8       InternalStartup
 0001:00001C2C       Internal_AddLeak
 0001:00056200       Internal_AddLeak
 0001:00056938       Internal_Finalization
 0001:00056920       Internal_MultiFreeProc
 0001:00056908       Internal_OverrunProc
 0001:00001C18       Internal_ResetLeaks
 0001:00055EA0       Internal_ResetLeaks
 0001:00056380       Internal_ShowLeaks
 0001:00001D00       Internal_ShowLeaks
 0002:00009D9C       InternetCloseHandle
 0002:00009D7C       InternetConnect
 0002:00009DB8       InternetGetConnectedState
 0002:00009DAC       InternetGetLastResponseInfo
 0002:00009D78       InternetOpen
 0002:00009DB0       InternetOpenUrl
 0002:00009DA0       InternetQueryOption
 0002:00009DB4       InternetReadFile
 0002:00009DA4       InternetSetOption
 0002:00009D90       InternetWriteFile
 0001:0003A594       IntoCreateClassFunction
 0002:00009EB9       IntoFinalization
 0001:00007114       IntoIDE
 0002:00009EB8       IntoInitialization
 0001:0003A564       IntoSystemUnit
 0001:0003A57C       IntoThisUnit
 0002:00009EC0       IntraWebApplication
 0002:00009EC8       IntraWebCompressedPage
 0002:00009EC4       IntraWebServerController
 0001:00056EF0       IntraWeb_BPL
 0002:00009E70       IntraWeb_CreateServer
 0002:00009ED0       IntraWeb_NewEvent
 0001:00052EF0       IntraWeb_OnExceptionEvent
 0001:00052E6C       IntraWeb_OnExceptionEvent_New
 0001:00052DE0       IntraWeb_OnExceptionEvent_Old
 0002:00009E78       IntraWeb_OnException_New
 0002:00009E74       IntraWeb_OnException_Old
 0002:00009E88       IntraWeb_SendResponse
 0002:00009E84       IntraWeb_ShowMessage
 0002:00009ECC       IntraWeb_Version
 0001:00000A90       InvalidateRect
 0001:00000A98       InvalidateRgn
 0001:0000EAFC       ioctlsocket
 0001:0000165C       IsALeakChild
 0001:0003447C       IsANewProcessWindow
 0001:0000151C       IsAntiLeaksEnabled
 0001:000328A8       IsAParent
 0001:00000F40       IsAParentClassStr
 0001:00032798       IsAParentClassStr
 0001:0003296C       IsAParentClassStr_Unsafe
 0001:00032918       IsAParents
 0001:00032880       IsAParentStr
 0001:00032A4C       IsAParentStr_Unsafe
 0001:0004D440       IsAParentX
 0002:00009EA4       ISAPIHandleException
 0002:00009E0C       ISAPI_HttpExtensionProc
 0002:00009E14       ISAPI_Proc
 0002:00006A1C       ISAPI_SendError
 0002:00009E10       ISAPI_WriteClientProc
 0001:00034114       IsApplicationWindow
 0001:00000758       IsBadReadPtr
 0001:00050D5C       IsBorlandThread
 0001:000360F8       IsCGI
 0001:0004D4C4       IsCompatibleException
 0001:0003241C       IsCompatibleVersion
 0001:000370B0       IsCompiledWithPackages
 0001:00002724       IsCompiledWithPackages
 0001:000360F0       IsConsoleApp
 0001:00034464       IsCurrentProcessWindow
 0001:0003231C       IsDebugged
 0001:0000B108       IsDecDigit
 0001:000331E8       IsDelphiException
 0001:00034358       IsDelphiProcess
 0002:0000A3B4       IsDialogShowed
 0001:0001AD4C       IsEnd
 0001:0003DF60       IsEscapePressed
 0001:00054DE0       IsEurekaLogActive
 0001:00054D80       IsEurekaLogActiveInThread
 0001:0003ADB0       IsEurekaLogCompatibleModule
 0001:00054AC4       IsEurekaLogInstalled
 0001:0003AD8C       IsEurekaLogModule
 0001:0003ACFC       IsEurekaLogModule_New
 0001:0003ABE4       IsEurekaLogModule_Old
 0001:0003A5F8       IsExceptionHandled
 0001:0000750C       IsFileOK
 0002:0000A0D5       IsFilterDialog
 0001:00005E3C       IsGreaterVersion
 0001:00036368       IsGUI
 0001:000528B8       IsHandledSafeCallException
 0001:00055240       IsHTMLPage
 0001:00000AA0       IsIconic
 0001:00002304       IsIntoIDE
 0001:00036330       IsIntraWeb
 0001:000362F4       IsISAPI
 0001:00037054       IsLocalStorageProc
 0001:00050D4C       IsMainThread
 0001:00034184       IsMainWindow
 0001:00032A68       IsManageableObject
 0002:00007060       IsMMHost
 0001:00034824       IsModuleLibrary
 0001:00000CEC       IsObjectCreation
 0001:0003C9F4       ISODateTime
 0001:00053838       IsOldIndy9
 0001:000074D4       IsReadableFile
 0001:0001BFA4       IsRealFile
 0001:000370A4       IsRTLCompiledWithStackFrames
 0001:000532FC       IsSetThreadNameException
 0001:00053310       IsSetThreadNameExceptionEx
 0001:00037074       IsStackFramesProc
 0001:000069D4       IsValidBlockAddr
 0001:00000DB8       IsValidBlockAddr
 0001:00000EAC       IsValidClass
 0001:00032560       IsValidClass
 0001:00011054       IsValidDNS
 0001:00043450       IsValidEmail
 0001:0003238C       IsValidHandle
 0001:000303D8       IsValidModule
 0001:00032674       IsValidObject
 0001:000323EC       IsValidRunningThread
 0001:000324BC       IsValidSymbolName
 0001:00000E94       IsValidSymbolName
 0001:0003633C       IsWeb
 0001:00031A28       IsWin64
 0001:000319D4       IsWin95
 0001:0000FBBC       IsWin9xDebugThunk
 0001:0003619C       IsWinCGI
 0001:00050D78       IsWindowsThread
 0001:00000AA8       IsWindowUnicode
 0001:00000AB0       IsWindowVisible
 0001:000319F0       IsWinNT4
 0001:00031A0C       IsWinVista
 0001:00031A80       IsWorkstation
 0001:0000743C       IsWritableFile
 0001:0003B9B0       IsWrongCall
 0001:00037110       Is_HandleOnException_Handled
 0001:0000F298       JumpToMem
 0002:00009DFC       Kernel_CreateThread
 0002:00009E04       Kernel_ExitThread
 0002:00009DF4       Kernel_RaiseException
 0002:00009E00       Kernel_ResumeThread
 0002:00009DF8       Kernel_RtlUnwind
 0002:00009E08       Kernel_WriteFile
 0002:00009D5C       KeyData
 0001:000345C4       KillApplication
 0001:00000AB8       KillTimer
 0002:00009E50       LanguageStr
 0002:0000A0D0       LastBugID
 0002:00009F04       LastDelphiException
 0002:00009F90       LastDumpCriticalSection
 0002:0000707C       LastEurekaVersion
 0002:00009EF4       LastExceptAddr
 0002:00006A34       LastExceptionAddress
 0002:00009FAC       LastExceptionCallStackAddress
 0002:00009FB4       LastExceptionCallStackDump
 0002:00009FB0       LastExceptionCallStackSize
 0002:00009F14       LastExceptionLog
 0002:0000A0CC       LastExceptionMessage
 0002:00006A38       LastExceptionObject
 0002:00009F10       LastExceptionRecord
 0002:00009FA8       LastExceptionThreadID
 0002:0000A0C8       LastExceptionType
 0002:00009F08       LastExceptMessage
 0002:00009F00       LastExceptObject
 0002:00009EFC       LastExceptThreadID
 0002:00009E6C       LastFinalizationPtr
 0002:00009EB0       LastHTMLPage
 0002:00009E68       LastInitializationPtr
 0002:00009EB4       LastInitPointer
 0002:00009F18       LastLog
 0001:00058144       LastProc
 0002:0000A0E0       LeakAddr
 0001:00001E98       LeaksCheck
 0002:0000705A       LeaksOptions
 0002:00006A2C       LeaksStackList
 0002:0000A0DC       LeakTotalCount
 0002:0000A0D8       LeakTotalSize
 0001:00000760       LeaveCriticalSection
 0002:0000A360       LeftButton
 0002:00007094       Lib1
 0002:00007098       Lib2
 0002:0000709C       Lib3
 0001:00026BA8       Lines
 0002:0000A358       ListHeight
 0002:0000A354       ListWidth
 0001:00030968       Load
 0001:00000AC0       LoadBitmap
 0001:00000AC8       LoadBitmapA
 0001:00000AD0       LoadCursorA
 0001:0003B1C4       LoadData
 0001:0003AFC4       LoadData_Old
 0001:0003B5E8       LoadDebugInformation
 0002:000009C4       Loaded
 0002:00006A48       LoadedDotNetMain
 0001:00057534       LoadFromFile
 0001:00000768       LoadLibrary
 0001:00000770       LoadLibraryA
 0001:00000778       LoadLibraryExA
 0001:00000780       LoadResource
 0001:00032D0C       LoadSharedDataEx
 0001:00038F10       LoadTextFile
 0001:00000408       LocalAlloc
 0001:0004AC74       LocalesCallback
 0001:00052F48       LockCheck
 0001:00001048       LockCheck
 0001:00000788       LockResource
 0001:00001054       LockVariable
 0001:00047DD0       LogFileMessage
 0001:00046A4C       LoggedUserName
 0001:000360E4       LogicToPhysicAddr
 0001:00000550       LookupPrivilegeName
 0001:00000558       LookupPrivilegeNameA
 0001:000196A8       LRot32
 0001:0003FC70       MailSlotSend
 0002:0000A3B0       MainDialog
 0002:00009EEC       MainThreadHandle
 0002:00009EF0       MainThreadTopOfStack
 0001:00000BC0       MakeLong
 0001:000195B8       make_crc_table
 0001:00039A7C       MappedExceptionObject
 0001:00000790       MapViewOfFile
 0002:00006A98       Mask
 0001:0000AD18       Max
 0002:00001D20       MaxBugOccurrences
 0002:00006A54       MemoryOverrunExceptionText
 0002:0000705C       MemoryPages
 0001:00000AD8       MessageBeep
 0001:00000AE0       MessageBox
 0001:00000AE8       MessageBoxA
 0001:00002E18       Messages
 0001:0000AD20       Min
 0001:0002D910       ModRM
 0001:0000F314       ModRMByte
 0002:00000000       Module
 0001:0003EA70       ModuleBmp
 0001:0000F2B8       ModuleFileName
 0001:000302E8       ModuleFileName
 0001:0000E4EC       ModuleFileName
 0001:00034810       ModuleInfoByAddr
 0001:00034754       ModuleInfoByHandle
 0002:00006A44       ModuleInfoData
 0002:00006A40       ModuleInfoHandle
 0001:000360D4       ModuleInitTable
 0002:00007000       ModuleIsLib
 0001:0000269C       ModuleName
 0002:00006A20       ModulesList
 0001:0003EB68       ModulesListDialogProc
 0002:0000A3C0       MonitorRect
 0001:00000798       MoveFileA
 0001:00000AF0       MoveWindow
 0001:000007A0       MulDiv
 0002:00006A50       MultiFreeExceptionText
 0002:00007020       MultiFreeProc
 0002:0000A13C       MustFreeGlobalMappedObject
 0001:00050DC8       MustPauseThisThread
 0001:00050C20       MustRestoreApplication
 0001:00050BE0       MustSendMessage
 0002:00006AD4       myWhiteSpaceChar
 0001:00022B88       NeedConvertNotDosText
 0002:00004CF0       NetLib
 0001:000414AC       NewDialogProc
 0001:00044860       NewDialogProc
 0001:0003D048       NewDialogProc
 0001:000015B0       NewFreeMem
 0001:00001544       NewGetMem
 0002:00000020       NewMemoryManager
 0001:000436FC       NewMSDialogProc
 0001:000015DC       NewReallocMem
 0001:0003B940       NextItem
 0002:00000958       NoChars
 0002:0000A1A0       NonClientMetrics
 0001:00026BDC       NormalizeLines
 0001:00026A14       NormalizeSpaces
 0002:0000A0E9       NoSynchronizeEvent
 0002:00009F69       NotLoadDebugInfo
 0002:00009E94       NTService_LogMessage
 0001:0003244C       ObjectInstanceSize
 0001:000326C8       ObjectName
 0001:00000AF8       OffsetRect
 0002:00009E44       OldExceptObjProc
 0002:00009E34       OldExceptProc
 0002:0000A3BC       OldForegroundWnd
 0002:0000A0F4       OldGlobal_ExceptionRecord
 0002:00007038       OldMemoryManager
 0001:00049990       OnCallInstr
 0002:00005214       OneByteOpcodes
 0001:00030568       OneString
 0002:00009EE4       OnlySafeCallExceptions
 0001:00049AA4       OnRefProc
 0002:00000A28       OpCodeLongJump1Byte
 0002:00000A48       OpCodeLongJump2Bytes
 0002:000009C8       OpCodePrefixes
 0002:00000A08       OpCodeReturn
 0002:000009E8       OpCodeShortJump
 0001:00000B00       OpenClipboard
 0002:00006A5C       Opened_LogFile_Name
 0001:0003FDD0       OpenIDEEditor
 0001:0003867C       OpenLogFile
 0001:000007A8       OpenProcess
 0001:00000560       OpenProcessToken
 0001:000217D8       OpenRequest
 0001:0002E3CC       Operand
 0002:0000A340       OriginalHeight
 0002:00007064       OriginalMemMgr
 0002:00009EBC       OriginalThreadProc
 0002:0000A33C       OriginalWidth
 0001:0004BFA0       OSSupportDisplayAPI
 0002:0000A0EC       OutOfMemoryCache
 0001:000007B0       OutputDebugStringA
 0002:0000701C       OverrunProc
 0002:00001BCC       p
 0001:0001BB08       ParserHTML
 0002:00004D00       PassiveMode
 0002:00009DDC       PasswordRequest
 0001:00000B08       PeekMessage
 0001:0000C844       PEInitialize
 0001:0000C7A4       PeMapImgFindSection
 0001:0000C800       PeMapImgNtHeaders
 0001:0000FBD0       PeMapImgNtHeaders
 0001:0000C790       PeMapImgSections
 0002:0000AC40       PNG_Bitmap
 0002:0000A7F4       PNG_ColoursCount
 0002:0000A824       PNG_CRCList
 0002:00006A68       PNG_CRCListed
 0002:0000AC34       PNG_Cursor
 0002:0000A804       PNG_Data
 0002:0000A7FC       PNG_DataSize
 0002:0000AC3C       PNG_DCCompatible
 0002:0000AC38       PNG_DCScreen
 0002:0000A820       PNG_Encode_Data
 0002:0000A81C       PNG_Encode_Filter
 0002:0000AC30       PNG_FocusWnd
 0002:00006AA0       PNG_HeaderBytes
 0002:0000A80C       PNG_HeaderData
 0002:0000AC48       PNG_Height
 0002:0000AC2C       PNG_HWindow
 0002:0000A800       PNG_ImgData
 0002:0000A808       PNG_ImgSize
 0002:0000AC24       PNG_pal
 0002:0000A7F8       PNG_RowBytes
 0002:0000AC28       PNG_UsePal
 0002:0000AC44       PNG_Width
 0001:000344C4       PopulateCurrentProcessWindows
 0001:00006CF4       PosEx
 0001:00000B10       PostMessage
 0001:00049320       PrepareFilesToSend
 0001:00034F84       PriorityToString
 0001:000467E4       ProcessDialogMessages
 0002:00006A24       ProcessesList
 0001:0003F29C       ProcessesListDialogProc
 0001:000451C0       ProcessImage
 0001:0003BEFC       ProcessMessage
 0001:000527B4       ProcessMessages
 0002:00004CF8       ProxyPassword
 0002:00004CFC       ProxyServer
 0002:00004CF4       ProxyUserName
 0001:00000B18       PtInRect
 0002:00000998       PublicsByNameHeader
 0002:000009A8       PublicsByValueHeader
 0001:0003BA40       PurgeCallStack
 0001:00001154       PurgeCallStack
 0001:00001D14       PurgeCallStacks
 0001:0001ABBC       PurgeHTMLCode
 0001:00001A48       PurgeInvalidLeaks
 0001:00050C78       PurgeModulesList
 0001:0001AFD4       PurgeQuotes
 0001:0004A480       PurgeString
 0001:0005BBC8       PZip
 0001:00006D8C       QuickStringReplace
 0002:00009EF8       RaisedExceptAddr
 0002:0000A328       rClick
 0001:0003D714       ReadableThreadID
 0001:0003A8B8       ReadAddr
 0001:0000B1F8       ReadAddress
 0001:0002D80C       ReadByte
 0001:0000B148       ReadDecValue
 0001:0002D7CC       ReadDWord
 0001:0004C0BC       ReadDWordKey
 0001:00037200       ReadEncodeString
 0001:0000B17C       ReadHexValue
 0001:00006FC0       ReadKey
 0001:0002DA7C       ReadSib
 0001:0003A834       ReadStartData
 0001:0003E04C       ReadState
 0001:000083B8       ReadString
 0001:0000676C       ReadString
 0001:0000B234       ReadString
 0001:0000B11C       ReadTextLine
 0001:0002D7EC       ReadWord
 0001:00056AF0       RealAddr
 0002:0000A350       RealHeight
 0002:0000A344       RealLeft
 0001:00035864       RealPriority
 0001:00038BF4       RealTmpLastHTMLPage
 0002:0000A348       RealTop
 0002:0000A34C       RealWidth
 0001:0003474C       Real_FindHInstance
 0001:00030424       Real_GetCommandLine
 0001:00030448       Real_GetCurrentModuleFileName
 0001:00030438       Real_GetCurrentProcess
 0001:00030440       Real_GetCurrentProcessID
 0001:00005EE0       Real_GetMainModuleFileName
 0001:0000EB30       recv
 0001:00045108       ReduceTree
 0001:00000568       RegCloseKey
 0001:00000570       RegEnumKeyExA
 0001:00000B20       RegisterClass
 0001:00000578       RegOpenKeyExA
 0001:00000580       RegQueryValueExA
 0001:000587C4       RegStr
 0001:00000B28       ReleaseDC
 0001:0000F6DC       RelocateMemory
 0001:0004A8F8       RemoveDoubleQuotes
 0001:000268C4       RemoveEmptySections
 0001:00001BF0       RemoveExtraLeaks
 0001:0004BBDC       RemoveLastSeparator
 0001:00001D94       RemoveLeaksSons
 0001:000018D8       RemoveMemBlock
 0001:0002ED94       Replacer
 0001:0003C978       ResetAutoCloseTimer
 0001:00046A88       ResetCounting
 0001:00052770       ResetGlobalVars
 0002:00007028       ResetLeaks
 0002:000009B8       ResourceFilesHeader
 0001:00039C18       RestoreGlobalExceptionRecord
 0001:000007B8       ResumeThread
 0001:00032DE0       RFCDate
 0001:00000BE0       RGB
 0001:00058A7C       RichEdit
 0001:0003A400       RoundMatch
 0001:0003A418       RoundMatchPtr
 0002:0000A318       rSupport
 0001:000309B4       RTF_LoadFromStream
 0001:000309E0       RTF_LoadFromText
 0001:00009E88       SafeExec
 0001:0000ADA4       SafeLoadFromFileToStream
 0001:0004E84C       SafeStrForLog
 0002:0000A7F0       SavedLastHTMLPage
 0001:000389CC       SavedScreenshot
 0001:00039B50       SaveGlobalExceptionRecord
 0001:0004D2D8       SaveLogFile
 0001:0003E2FC       SaveState
 0001:00000B30       ScreenToClient
 0001:0000AD28       SearchDynArray
 0001:000232A0       SearchItem
 0001:00022D68       SearchNextItem
 0001:0001C39C       SearchPort
 0001:0001C30C       SearchWord
 0001:0000B7A4       Search_MapLineNumber
 0001:0000B970       Search_MapProcName
 0002:00000988       SegmentsHeader
 0001:00000930       SelectObject
 0001:00000938       SelectPalette
 0001:0000EB64       send
 0001:00046E70       SendCommandEx
 0001:0004859C       SendEmailMessage
 0001:00046EF0       SendHello
 0001:00049674       SendInternetMessage
 0001:00000B38       SendMessage
 0001:00000B40       SendMessageA
 0001:00000B48       SendMessageTimeout
 0002:0000A7EC       SendPosition
 0001:000491D4       SendWebMessage
 0001:000211D4       SendWebTrakerReport
 0002:00009E18       ServerECB
 0001:0003C934       SetAutoCloseTimer
 0001:0003C9C4       SetAutoTopMost
 0001:00000940       SetBkColor
 0001:00000948       SetBkMode
 0001:00000B50       SetClipboardData
 0001:000344E0       SetClipboardText
 0001:00046A64       SetCounting
 0001:0000622C       SetCurrentCodePage
 0001:00054CB0       SetCurrentStackPointer
 0001:00000B58       SetCursor
 0001:0003C0D0       SetCustomErrorMessage
 0001:00057470       SetDebugHook
 0001:0003E004       SetDialogRect
 0001:0003E494       SetDialogState
 0001:00000950       SetDIBColorTable
 0001:000007C0       SetEnvironmentVariable
 0001:000007C8       SetEnvironmentVariableA
 0001:00050E20       SetEnvVariables
 0001:00048760       SetError
 0001:00033F90       SetErrorType
 0001:00054DD8       SetEurekaLogState
 0001:000322C8       SetEventAddr
 0001:000007D0       SetFileAttributes
 0001:00000B60       SetFocus
 0001:00000B68       SetForegroundWindow
 0001:00048C10       SetFullURL
 0001:00052850       SetHandledWithEurekaLog
 0001:000538D0       SetIndyEvent
 0001:0005388C       SetIndyEvent10
 0001:00053848       SetIndyEvent9
 0001:0003C7B4       SetInitDialog
 0001:00033E30       SetInternalError
 0001:00052F04       SetIntraWebEvent
 0001:00030198       SetItem
 0001:0005341C       SetLastECX
 0001:000007D8       SetLastError
 0001:0003BFC8       SetLastException
 0001:0003BFA0       SetLastExceptionData
 0001:00039108       SetLastExceptionObject
 0001:0003BFE0       SetLastExceptStack
 0001:0005340C       SetLastStackPointer
 0001:00032704       SetLastThreadException
 0001:00056AF4       SetMainThreadTopOfStack
 0001:00000958       SetMapMode
 0001:00001350       SetOurPointer
 0001:000212F0       SetProxyAuthenticationData
 0001:00021284       SetProxyServer
 0001:0003C110       SetRectangles
 0001:000447C4       SetRectangles
 0001:00041304       SetRectangles
 0001:00030A94       SetRTFBackColor
 0001:0004697C       SetSendDialogBar
 0001:00046850       SetSendDialogLabel
 0001:00046944       SetSendDialogSingleLabel
 0001:00000960       SetTextColor
 0001:00000B70       SetTimer
 0001:000007E0       SetUnhandledExceptionFilter
 0001:0000F05C       SetVirtualMethod
 0001:00048C58       SetWebTrakerError
 0001:00000B78       SetWindowLong
 0001:00000B80       SetWindowPlacement
 0001:00000B88       SetWindowPos
 0001:0000E7E4       ShellAPI
 0001:0000E7AC       ShellExecuteA
 0001:00047F08       ShellSendMail
 0001:0003D008       ShiftWndBottom
 0001:0005871C       ShlObj
 0001:00044528       ShowDialog
 0002:000064EC       ShowEurekaLogUnits
 0002:0000A3AD       ShowInDetailsMode
 0002:000064F8       ShowInternalSendErrors
 0002:0000702C       ShowLeaks
 0001:0003D3A4       ShowRequestDialog
 0001:00044B3C       ShowSendDialog
 0001:00044AA4       ShowSendDialogThread
 0001:00050CD0       ShowType
 0001:00000B90       ShowWindow
 0001:0002D93C       Sib
 0001:0000F2FC       SIDSize
 0001:0002D76C       SignedIntToHex
 0001:0002126C       SimpleCheckError
 0001:0000BB68       SimpleCryptString
 0001:00030660       SimpleWord
 0001:000007E8       SizeofResource
 0001:0000B0D4       SkipEndLine
 0001:0000B0B4       SkipWhiteSpace
 0001:000007F0       Sleep
 0001:000557F4       SleepAndWait
 0001:00047E10       SMTPSend
 0001:00047860       SMTPSendEmail
 0001:00046FC0       SMTPSendSingleEmail
 0001:0000EB98       socket
 0001:000269E0       Spaces
 0001:00054CF4       StandardEurekaNotify
 0001:000324D4       StandardIsValidClass
 0001:00049BE8       StartComment
 0002:00009F28       StartDir
 0002:00009E3C       StartingDate
 0001:00032C3C       StoreSharedDataEx
 0001:0000DFCC       StringReplace
 0001:00006168       StringToUtf8
 0001:0000831C       StrToBin
 0001:000062B4       StrToDateTimeFixed
 0001:00011280       StrToWord
 0002:0000A338       SupportLinkActive
 0001:000007F8       SuspendThread
 0001:0001A0D8       SwapDWord
 0001:0003A34C       SynchronizeEvent
 0002:00009F2C       SynchronizeExcept
 0002:00009F30       SynchronizeRaise
 0001:0000B284       SyncToHeader
 0001:0000B34C       SyncToPrefix
 0001:00000538       SysInit
 0001:00000B98       SystemParametersInfo
 0001:00000BA0       SystemParametersInfoA
 0002:00000978       TableHeader
 0001:00030050       TActiveXException.Destroy
 0001:0002F0CC       TDisAsm.GetInstruction
 0001:0001A1BC       TEA_Decrypt
 0001:0001A10C       TEA_Encrypt
 0001:0000AEA8       TELAbstractMapParser.Create
 0001:0000AF08       TELAbstractMapParser.Destroy
 0001:0000AF3C       TELAbstractMapParser.MapStringToStr
 0001:0000B41C       TELAbstractMapParser.Parse
 0001:0000BD48       TELBinDebugScanner.CacheLineNumbers
 0001:0000BE00       TELBinDebugScanner.CacheProcNames
 0001:0000BEF4       TELBinDebugScanner.CheckFormat
 0001:0000BCF0       TELBinDebugScanner.Create
 0001:0000BF90       TELBinDebugScanner.DataToStr
 0001:0000E6C8       TELBinDebugScanner.Destroy
 0001:0000BFC0       TELBinDebugScanner.LineNumberFromAddr
 0001:0000C0C4       TELBinDebugScanner.MakePtr
 0001:0000C0D0       TELBinDebugScanner.ModuleNameFromAddr
 0001:0000C13C       TELBinDebugScanner.ModuleStartFromAddr
 0001:0000C194       TELBinDebugScanner.ProcNameFromAddr
 0001:0000C348       TELBinDebugScanner.ReadValue
 0001:0000C384       TELBinDebugScanner.SourceNameFromAddr
 0001:0000D4B0       TELConstantSymbolInfo.Create
 0001:0000D254       TELDataSymbolInfo.Create
 0001:0000C65C       TELDebugInfoJedy.Destroy
 0001:0000C69C       TELDebugInfoJedy.GetLocationInfo
 0001:0000C87C       TELDebugInfoJedy.InitializeSource
 0001:0000C974       TELDebugInfoJedy.ValidData
 0001:0000C498       TELDebugInfoMap.Destroy
 0001:0000C4CC       TELDebugInfoMap.GetLocationInfo
[...]
 16934 0001:000552E0 16935 0001:000552EF 16937 0001:000552F5 16938 0001:00055303
 16940 0001:00055319 16941 0001:00055334 16942 0001:0005533F 16943 0001:0005534D
 16944 0001:00055362 16945 0001:0005536A 16947 0001:00055376 16948 0001:00055388
 16949 0001:00055396 16951 0001:000553B1 16954 0001:000553D1 16956 0001:00055401
 16958 0001:00055408 16959 0001:00055428 16961 0001:00055437 16962 0001:00055446
 16963 0001:00055454 16964 0001:00055462 16965 0001:00055470 16966 0001:0005547F
 16967 0001:00055498 16968 0001:000554B0 16971 0001:000554CE 16972 0001:000554F8
 16974 0001:00055505 16975 0001:00055514 16976 0001:00055522 16977 0001:0005553E
 16978 0001:0005554A 16979 0001:00055559 16980 0001:00055567 16981 0001:00055572
 16982 0001:0005557E 16983 0001:00055590 16985 0001:000555B9 16988 0001:000555D6
 16991 0001:000555E6 16994 0001:00055600 16997 0001:00055626 17000 0001:00055636
 17001 0001:00055661 17009 0001:00055674 17010 0001:00055697 17013 0001:000556B8
 17014 0001:000556BC 17017 0001:000556D3 17018 0001:000556EC 17020 0001:0005571E
 17025 0001:00055728 17026 0001:0005572E 17027 0001:00055748 17028 0001:00055752
 17034 0001:00055758 17035 0001:0005575F 17037 0001:00055761 17038 0001:00055766
 17039 0001:00055768 17041 0001:0005576A 17042 0001:0005576E 17043 0001:00055773
 17044 0001:00055775 17046 0001:00055777 17047 0001:0005577C 17048 0001:00055782
 17049 0001:00055783 17050 0001:00055789 17051 0001:0005578B 17052 0001:0005578D
 17053 0001:0005578F 17054 0001:00055795 17055 0001:00055797 17056 0001:00055799
 17057 0001:0005579B 17058 0001:000557A0 17059 0001:000557A2 17060 0001:000557A7
 17061 0001:000557A9 17062 0001:000557AA 17063 0001:000557AF 17064 0001:000557B0
 17067 0001:000557B5 17068 0001:000557BB 17073 0001:000557BC 17074 0001:000557CE
 17075 0001:000557F0 17090 0001:000557F4 17091 0001:000557FE 17094 0001:00055802
 17095 0001:00055808 17092 0001:00055809 17097 0001:00055819 17100 0001:00055820
 17102 0001:00055827 17103 0001:00055833 17104 0001:0005583D 17105 0001:0005584F
 17107 0001:00055854 17109 0001:00055878 17112 0001:0005587A 17115 0001:00055888
 17117 0001:000558A1 17120 0001:000558AA 17121 0001:000558BB 17123 0001:000558BD
 17124 0001:000558D6 17125 0001:000558F5 17127 0001:000558FD 17128 0001:00055908
 17129 0001:00055914 17130 0001:00055922 17131 0001:00055934 17132 0001:0005593E
 17135 0001:0005596C 17137 0001:00055993 17140 0001:000559A1 17142 0001:000559DC
 17146 0001:000559F9 17147 0001:00055A04 17150 0001:00055A18 17151 0001:00055A45
 17156 0001:00055A4C 17157 0001:00055A4F 17160 0001:00055A6A 17161 0001:00055A71
 17162 0001:00055A7F 17163 0001:00055A9C 17165 0001:00055AA3 17166 0001:00055AB4
 17167 0001:00055ABD 17168 0001:00055AC9 17170 0001:00055AE0 17172 0001:00055AEF
 17176 0001:00055AF4 17178 0001:00055B06 17179 0001:00055B10 17180 0001:00055B1E
 17182 0001:00055B30 17183 0001:00055B40 17184 0001:00055B4A 17185 0001:00055B51
 17192 0001:00055B54 17193 0001:00055B5A 17195 0001:00055B63 17197 0001:00055B6B
 17198 0001:00055B74 17199 0001:00055B7E 17201 0001:00055B85 17205 0001:00055B8D
 17206 0001:00055B96 17209 0001:00055B9C 17210 0001:00055BA2 17212 0001:00055BAB
 17214 0001:00055BB0 17215 0001:00055BB9 17216 0001:00055BC6 17218 0001:00055BCD
 17222 0001:00055BD5 17223 0001:00055BDE 17227 0001:00055BE4 17228 0001:00055BE9
 17232 0001:00055BEC 17233 0001:00055BF1 17242 0001:00055BF4 17243 0001:00055C18
 17246 0001:00055C54 17247 0001:00055C6B 17248 0001:00055C72 17252 0001:00055C81
 17253 0001:00055C98 17257 0001:00055CA7 17258 0001:00055CBE 17262 0001:00055CCD
 17263 0001:00055CE4 17267 0001:00055CF3 17268 0001:00055D0A 17272 0001:00055D19
 17273 0001:00055D30 17277 0001:00055D3F 17278 0001:00055D56 17279 0001:00055D73
 17283 0001:00055D7A 17284 0001:00055D91 17288 0001:00055D9D 17289 0001:00055DB4
 17293 0001:00055DC0 17294 0001:00055DD7 17297 0001:00055E10 17400 0001:00055E24
 17401 0001:00055E3F 17402 0001:00055E4D 17403 0001:00055E56 17405 0001:00055E60
 17406 0001:00055E74 17403 0001:00055E77 17407 0001:00055E97 17420 0001:00055EA0
 17421 0001:00055EB8 17424 0001:00055EC5 17426 0001:00055ED3 17427 0001:00055EDA
 17429 0001:00055EF1 17433 0001:00055F0C 17434 0001:00055F1A 17435 0001:00055F21
 17437 0001:00055F38 17442 0001:00055F53 17443 0001:00055F61 17444 0001:00055F68
 17445 0001:00055F6F 17447 0001:00055F7B 17448 0001:00055F82 17450 0001:00055F93
 17451 0001:00055FAC 17452 0001:00055FB5 17454 0001:00055FBD 17457 0001:00055FCE
 17458 0001:00055FDA 17460 0001:00055FF8 17462 0001:0005600B 17463 0001:0005601C
 17464 0001:0005602F 17465 0001:00056042 17466 0001:00056053 17467 0001:0005605D
 17468 0001:00056067 17469 0001:00056071 17470 0001:0005607B 17471 0001:0005608A
 17472 0001:00056091 17474 0001:000560B3 17476 0001:000560C1 17477 0001:000560CA
 17478 0001:000560D2 17480 0001:000560DA 17481 0001:000560EB 17482 0001:000560FC
 17483 0001:0005610D 17484 0001:00056112 17485 0001:00056123 17486 0001:00056134
 17487 0001:00056145 17489 0001:00056159 17491 0001:0005618A 17499 0001:00056200
 17500 0001:00056227 17502 0001:00056234 17503 0001:00056238 17504 0001:00056246
 17506 0001:0005624E 17507 0001:0005625A 17508 0001:0005626D 17511 0001:00056287
 17513 0001:0005628D 17514 0001:00056291 17516 0001:00056295 17517 0001:000562A1
 17520 0001:000562AE 17521 0001:000562B2 17522 0001:000562D5 17523 0001:000562DB
 17524 0001:000562E1 17526 0001:000562ED 17504 0001:000562F1 17528 0001:000562FA
 17529 0001:00056303 17530 0001:0005630C 17532 0001:00056328 17534 0001:0005634C
 17536 0001:0005635B 17544 0001:00056380 17545 0001:000563A2 17547 0001:000563AF
 17549 0001:000563CB 17553 0001:000563D9 17555 0001:000563E0 17558 0001:000563FF
 17562 0001:0005647C 17564 0001:0005648A 17566 0001:000564C1 17569 0001:000564E0
 17574 0001:000564F1 17575 0001:000564FB 17578 0001:00056502 17579 0001:00056510
 17580 0001:00056517 17581 0001:00056521 17582 0001:00056528 17583 0001:00056532
 17584 0001:00056539 17585 0001:00056543 17586 0001:0005654A 17587 0001:00056554
 17588 0001:0005655E 17589 0001:00056568 17590 0001:00056572 17591 0001:0005657C
 17592 0001:00056583 17593 0001:0005658D 17594 0001:00056594 17595 0001:0005659E
 17596 0001:000565A5 17597 0001:000565AF 17598 0001:000565B6 17599 0001:000565C0
 17600 0001:000565C7 17601 0001:000565D1 17602 0001:000565D8 17603 0001:000565E2
 17604 0001:000565E9 17605 0001:000565F3 17606 0001:000565FA 17607 0001:00056604
 17608 0001:0005660B 17609 0001:00056616 17610 0001:00056625 17613 0001:0005662A
 17614 0001:00056633 17617 0001:0005663C 17618 0001:00056646 17619 0001:00056650
 17620 0001:0005665A 17621 0001:00056664 17622 0001:0005666E 17623 0001:00056678
 17624 0001:00056682 17625 0001:0005668C 17626 0001:00056696 17627 0001:000566A0
 17628 0001:000566AA 17629 0001:000566B4 17630 0001:000566BE 17631 0001:000566C8
 17632 0001:000566D2 17633 0001:000566DC 17634 0001:000566E6 17635 0001:000566F0
 17636 0001:000566FA 17637 0001:00056704 17638 0001:0005670E 17639 0001:00056718
 17640 0001:00056722 17641 0001:0005672C 17642 0001:00056736 17643 0001:00056740
 17644 0001:0005674A 17645 0001:00056754 17646 0001:0005675E 17647 0001:00056768
 17649 0001:0005676D 17652 0001:00056786 17657 0001:000567A1 17659 0001:000567AF
 17660 0001:000567B6 17662 0001:000567CD 17666 0001:000567E8 17667 0001:000567F6
 17668 0001:000567FD 17670 0001:00056814 17675 0001:00056851 17679 0001:00056908
 17680 0001:0005691F 17684 0001:00056920 17685 0001:00056937 17692 0001:00056938
 17693 0001:00056942 17696 0001:00056944 17698 0001:00056957 17699 0001:00056962
 17700 0001:0005696D 17703 0001:00056978 17704 0001:00056983 17707 0001:0005698E
 17708 0001:000569AA 17709 0001:000569D2 17725 0001:000569D8 17726 0001:000569F5
 17727 0001:000569FC 17728 0001:000569FE 17729 0001:00056A12 17730 0001:00056A19
 17732 0001:00056A1D 17734 0001:00056A33 17736 0001:00056A3A 17738 0001:00056A48
 17740 0001:00056A4C 17741 0001:00056A7B 17744 0001:00056A80 17745 0001:00056AA4
 17746 0001:00056AB0 17747 0001:00056AC0 17748 0001:00056AE6 17763 0001:00056AF0
 17767 0001:00056AF4 17768 0001:00056AFB 17769 0001:00056B00 17774 0001:00056B04
 17775 0001:00056B0B 17777 0001:00056B28 17779 0001:00056B2D 17781 0001:00056B32
 17782 0001:00056B33 17783 0001:00056B36 17785 0001:00056B39 17786 0001:00056B49
 17791 0001:00056B50 17792 0001:00056B57 17797 0001:00056B85 17799 0001:00056B8A
 17800 0001:00056B8B 17801 0001:00056B8E 17803 0001:00056B91 17804 0001:00056BA1
 17809 0001:00056BA8 17810 0001:00056BAE 17811 0001:00056BBD 17812 0001:00056BCB
 17814 0001:00056BF0 17816 0001:00056C03 17821 0001:00056C08 17822 0001:00056C0F
 17824 0001:00056C2C 17826 0001:00056C31 17828 0001:00056C36 17829 0001:00056C37
 17830 0001:00056C3A 17832 0001:00056C3D 17833 0001:00056C4D 17845 0001:00056C54
 17846 0001:00056C5D 17849 0001:00056C64 17850 0001:00056C73 17851 0001:00056C81
 17852 0001:00056C8B 17853 0001:00056C9A 17855 0001:00056CA5 17856 0001:00056CAF
 17857 0001:00056CBE 17859 0001:00056CC9 17860 0001:00056CD3 17861 0001:00056CE2
 17863 0001:00056CED 17866 0001:00056CF7 17870 0001:00056CFE 17871 0001:00056D0D
 17872 0001:00056D17 17863 0001:00056D18 17874 0001:00056D1B 17877 0001:00056D25
 17878 0001:00056D3F 17879 0001:00056D50 17874 0001:00056D51 17881 0001:00056D61
 17883 0001:00056D71 17894 0001:00056D78 17896 0001:00056D7B 17897 0001:00056D81
 17900 0001:00056D88 17902 0001:00056D9B 17903 0001:00056DB1 17904 0001:00056DBE
 17905 0001:00056DD9 17909 0001:00056DEE 17910 0001:00056DFB 17914 0001:00056E00
 17915 0001:00056E07 17916 0001:00056E0D 17918 0001:00056E10 17919 0001:00056E16
 17921 0001:00056E1D 17922 0001:00056E20 17929 0001:00056E2A 17930 0001:00056E2B
 17923 0001:00056E33 17932 0001:00056E40 17935 0001:00056E49 17936 0001:00056E54
 17938 0001:00056E6D 17939 0001:00056E7D 17942 0001:00056E8A 17943 0001:00056E8D
 17950 0001:00056E98 17951 0001:00056E99 17944 0001:00056EA2 17953 0001:00056EAF
 17956 0001:00056EB8 17957 0001:00056EC4 17959 0001:00056EDE 17961 0001:00056EEA
 17971 0001:00056EF0 17972 0001:00056F0B 17973 0001:00056F18 17974 0001:00056F34
 17975 0001:00056F5F 17976 0001:00056F88 17978 0001:00056FD8 17980 0001:00056FF6
 17991 0001:00057011 18001 0001:0005702C 18011 0001:00057039 18014 0001:0005704A
 18021 0001:0005705B 18025 0001:00057076 18031 0001:00057091 18034 0001:00057096
 18038 0001:000570B6 18047 0001:000570D6 18048 0001:000570D7 18050 0001:000570E4
 18055 0001:00057104 18064 0001:0005711F 18069 0001:0005713A 18070 0001:00057143
 18075 0001:0005715E 18077 0001:0005716C 18080 0001:000571A9 18084 0001:00057470
 18085 0001:0005748A 18088 0001:0005748C 18089 0001:0005748F 18090 0001:000574A0
 18093 0001:000574A4 18097 0001:000574A7 18099 0001:000574AE 18128 0001:000574B0
 18129 0001:000574B3 18131 0001:000574BA 18132 0001:000574C1 18137 0001:000574C4
 18138 0001:000574CC 18140 0001:000574DB 18141 0001:000574E0 18143 0001:000574ED
 18146 0001:00057515 18147 0001:00057528 18149 0001:0005752A 18141 0001:0005752B
 18150 0001:0005752E 18161 0001:00057534 18162 0001:0005753B 18163 0001:0005754E
 18164 0001:0005755C 18166 0001:00057573 18168 0001:00057583 18170 0001:00057588
 18171 0001:000575A5 18172 0001:000575A9 18174 0001:000575C6 18175 0001:000575D5
 18176 0001:000575E3 18177 0001:000575FB 18179 0001:0005760F 18180 0001:00057621
 18181 0001:00057624 18182 0001:00057629 18183 0001:0005763E 18185 0001:00057651
 18187 0001:00057686 18189 0001:0005768C 18190 0001:000576AB 18191 0001:000576C9
 18193 0001:000576D3 18195 0001:000576DE 18198 0001:00057708 18209 0001:00057725
 18211 0001:0005772C 18213 0001:00057733 18214 0001:0005773A 18215 0001:00057741
 18216 0001:00057748 18218 0001:0005775D 18222 0001:00057764 18223 0001:0005776B
 18224 0001:00057772 18225 0001:00057779 18226 0001:00057780 18227 0001:00057787
 18228 0001:0005778E 18229 0001:00057795 18230 0001:0005779C 18231 0001:000577B3
 18232 0001:000577CA 18233 0001:000577D1 18234 0001:000577DB 18235 0001:000577E2
 18236 0001:000577F1 18237 0001:000577F8 18238 0001:00057809 18239 0001:00057813
 18241 0001:0005781A 18242 0001:00057824 18243 0001:0005782E 18245 0001:00057838
 18247 0001:0005783D 18250 0001:00057846 18253 0001:0005784B 18255 0001:00057859
 18256 0001:00057860 18260 0001:00057865 18261 0001:00057876 18263 0001:00057887
 18264 0001:000578A0 18265 0001:000578A9 18267 0001:000578B1 18305 0001:000578C4
 18307 0001:000578C9 18308 0001:000578DA 18309 0001:000578EB 18310 0001:000578FC
 18311 0001:0005790D 18317 0001:0005791E 18318 0001:00057925 18319 0001:00057931
 18320 0001:00057938 18321 0001:0005793F 18322 0001:00057949 18323 0001:00057950
 18324 0001:00057957 18327 0001:00057979 18328 0001:0005798C 18330 0001:0005799A
 18331 0001:000579A3 18332 0001:000579AB 18335 0001:000579B3 18336 0001:000579B8
 18337 0001:000579C2 18338 0001:000579CC 18340 0001:000579DD 18341 0001:000579EE
 18342 0001:000579F3 18343 0001:000579FA 18344 0001:00057A04 18345 0001:00057A0B
 18346 0001:00057A12 18347 0001:00057A19 18348 0001:00057A20 18349 0001:00057A27
 18351 0001:00057A2E 18352 0001:00057A35 18353 0001:00057A3C 18355 0001:00057A43
 18357 0001:00057A4A 18360 0001:00057A52 18362 0001:00057A5C 18364 0001:00057A76
 18365 0001:00057A82 18366 0001:00057A8D 18367 0001:00057A99 18369 0001:00057AA4
 18372 0001:00057AA9 18378 0001:00057AF6 18384 0001:00057B43 18390 0001:00057B90
 18391 0001:00057BA5 18393 0001:00057BAE 18407 0001:00057BC7 18413 0001:00057C14
 18419 0001:00057C61 18425 0001:00057CAE 18427 0001:00057CBC 18429 0001:00057CCA
 18431 0001:00057CD8 18432 0001:00057CDD 18436 0001:00057D07 18438 0001:00057D14
 18441 0001:00057D28 18442 0001:00057D59 18446 0001:00057D95 18450 0001:00057D9C
 18452 0001:00057DA5 18453 0001:00057DAA 18457 0001:00057DD9 18464 0001:00057EAC
 18465 0001:00057EC0 18466 0001:00057ECE 18468 0001:00057EE1 18469 0001:00057EEB
 18471 0001:00057EF5 18472 0001:00057F08 18474 0001:00057F0F 18475 0001:00057F19
 18476 0001:00057F20 18477 0001:00057F2A 18478 0001:00057F31 18479 0001:00057F3B
 18480 0001:00057F42 18481 0001:00057F4C 18482 0001:00057F53 18483 0001:00057F5D
 18485 0001:00057F64 18486 0001:00057F69 18488 0001:00057F74 18490 0001:00057F86
 18491 0001:00057F93 18493 0001:00057FA0 18495 0001:00057FA9 18496 0001:00057FBC
 18501 0001:00057FC3 18502 0001:00057FCC 18504 0001:00057FDB 18505 0001:00057FE5
 18506 0001:00057FEC 18507 0001:00057FF6 18508 0001:00057FFD 18509 0001:00058007
 18511 0001:0005800E 18512 0001:00058018 18513 0001:00058022 18514 0001:0005802C
 18515 0001:00058036 18518 0001:0005803D 18520 0001:00058046 18521 0001:00058052
 18522 0001:0005805C 18525 0001:0005806F 18526 0001:00058079 18527 0001:00058080
 18528 0001:0005808A 18529 0001:00058091 18530 0001:0005809B 18532 0001:000580A2
 18533 0001:000580B1 18540 0001:000580B8 18542 0001:000580C1 18543 0001:000580CC
 18544 0001:000580D6 18545 0001:000580E0 18553 0001:000580E7 18554 0001:000580EC
 18556 0001:00058100 18557 0001:0005810A 18558 0001:00058111 18560 0001:00058140
 18592 0001:00058144 18602 0001:00058158 18603 0001:00058184 18605 0001:000582F4
 18596 0001:00058314 18597 0001:00058338 18598 0001:00058347 18599 0001:0005834C
 18601 0001:0005836B

Line numbers for ccuUtils(..\PUBLIC\ccuUtils.pas) segment .text

   144 0001:00059324   144 0001:0005932B

Line numbers for CheckFolderFrm(CheckFolderFrm.pas) segment .text

    51 0001:00059404    51 0001:0005940B

Line numbers for Zipfrm(ZipFrm.pas) segment .text

   106 0001:00059920   107 0001:0005992C   108 0001:0005993B   109 0001:0005994A
   111 0001:0005995C   118 0001:00059964   119 0001:00059992   120 0001:000599A4
   124 0001:000599E8   131 0001:00059A0C   132 0001:00059A38   133 0001:00059A47
   135 0001:00059A56   136 0001:00059A63   137 0001:00059A75   139 0001:00059A81
   140 0001:00059A92   141 0001:00059AD6   142 0001:00059ADB   144 0001:00059B1C
   145 0001:00059B4A   146 0001:00059B4C   136 0001:00059B4D   147 0001:00059B55
   148 0001:00059BB1   162 0001:00059C08   164 0001:00059C31   167 0001:00059C62
   168 0001:00059C70   169 0001:00059C80   172 0001:00059C8D   174 0001:00059CAF
   175 0001:00059CD1   178 0001:00059CDF   180 0001:00059D01   181 0001:00059D0D
   184 0001:00059D20   185 0001:00059D36   182 0001:00059D4A   187 0001:00059D5A
   188 0001:00059D66   191 0001:00059DBF   192 0001:00059DCD   193 0001:00059DDD
   194 0001:00059DEF   196 0001:00059DFE   197 0001:00059E15   198 0001:00059E68
   196 0001:00059E6B   199 0001:00059E70   201 0001:00059E74   202 0001:00059E84
   220 0001:00059E91   221 0001:00059EA0   222 0001:00059EA4   224 0001:00059EB2
   225 0001:00059EFE   226 0001:00059F1E   228 0001:00059F55   231 0001:00059F5E
   233 0001:00059F68   236 0001:00059F9C   239 0001:00059FFA   240 0001:0005A007
   241 0001:0005A018   242 0001:0005A0DD   272 0001:0005A1D4   273 0001:0005A20C
   274 0001:0005A210   275 0001:0005A21E   276 0001:0005A22F   277 0001:0005A23D
   278 0001:0005A24B   279 0001:0005A256   280 0001:0005A282   281 0001:0005A289
   282 0001:0005A290   284 0001:0005A2A5   287 0001:0005A2C4   289 0001:0005A307
   298 0001:0005A310   300 0001:0005A332   301 0001:0005A364   302 0001:0005A396
   303 0001:0005A3A4   304 0001:0005A3B2   305 0001:0005A3C9   307 0001:0005A3EE
   309 0001:0005A411   310 0001:0005A430   311 0001:0005A44E   307 0001:0005A451
   313 0001:0005A456   314 0001:0005A47E   315 0001:0005A48C   316 0001:0005A4B1
   317 0001:0005A4C0   319 0001:0005A4CA   320 0001:0005A4D5   321 0001:0005A4E8
   323 0001:0005A504   324 0001:0005A512   325 0001:0005A52F   327 0001:0005A546
   328 0001:0005A580   329 0001:0005A599   333 0001:0005A59D   334 0001:0005A59F
   335 0001:0005A5BF   338 0001:0005A600   340 0001:0005A626   341 0001:0005A67F
   342 0001:0005A68D   343 0001:0005A6A6   345 0001:0005A6C3   346 0001:0005A6DC
   347 0001:0005A728   351 0001:0005A72E   353 0001:0005A732   356 0001:0005A75F
   358 0001:0005A769   359 0001:0005A799   362 0001:0005A7B8   366 0001:0005A836
   367 0001:0005A866   371 0001:0005A882   372 0001:0005A8B2   376 0001:0005A8D9
   313 0001:0005A8E4   378 0001:0005A8ED   379 0001:0005A910   378 0001:0005A931
   381 0001:0005A936   383 0001:0005A951   385 0001:0005AA69   391 0001:0005ABA0
   392 0001:0005ABC3   393 0001:0005ABCF   396 0001:0005ABEA   398 0001:0005AC19
   399 0001:0005AC26   402 0001:0005AC60   404 0001:0005ACA9   405 0001:0005ACDE
   393 0001:0005ACDF   406 0001:0005ACE6   407 0001:0005AD48   414 0001:0005ADDC
   415 0001:0005ADFB   416 0001:0005ADFD   417 0001:0005AE0D   419 0001:0005AE23
   420 0001:0005AE25   421 0001:0005AE27   416 0001:0005AE28   422 0001:0005AE4A
   425 0001:0005AE50   426 0001:0005AE56   427 0001:0005AE68   432 0001:0005AE6C
   433 0001:0005AE8C   434 0001:0005AE9A   436 0001:0005AEA9   437 0001:0005AEBA
   439 0001:0005AED9   441 0001:0005AF26   437 0001:0005AF29   442 0001:0005AF2C
   445 0001:0005AFA7   451 0001:0005AFD8   452 0001:0005AFF4   453 0001:0005B010
   456 0001:0005B01E   458 0001:0005B029   460 0001:0005B048   461 0001:0005B05E
   462 0001:0005B06B   463 0001:0005B078   458 0001:0005B07B   464 0001:0005B07E
   466 0001:0005B0B2   472 0001:0005B0D4   473 0001:0005B0F6   474 0001:0005B104
   475 0001:0005B11C   477 0001:0005B12F   479 0001:0005B152   480 0001:0005B168
   483 0001:0005B1D5   484 0001:0005B1E2   477 0001:0005B1E5   485 0001:0005B1EC
   487 0001:0005B257   492 0001:0005B278   494 0001:0005B295   495 0001:0005B2BA
   497 0001:0005B2E8   500 0001:0005B31F   501 0001:0005B365   504 0001:0005B3A4
   505 0001:0005B3BA   507 0001:0005B3F3   511 0001:0005B3F8   512 0001:0005B405
   517 0001:0005B408   520 0001:0005B40C   521 0001:0005B40F   522 0001:0005B42A
   537 0001:0005B42C   539 0001:0005B48C   539 0001:0005B49F

Line numbers for PZip(D:\Delphi\Zip\PZip.dpr) segment .text

    11 0001:0005BBC8    12 0001:0005BBD8    13 0001:0005BBE4    14 0001:0005BBFC
    15 0001:0005BC08

Bound resource files

C:\Program Files (x86)\EurekaLog 6\Delphi6\DIALOG.RES
CheckFolderFrm.dfm
Zipfrm.dfm
PZip.res
PZip.drf


Program entry point at 0001:0005BBC8
