
 Start         Length     Name                   Class
 0001:00000000 0000354CH .text                   CODE
 0002:00000000 0000003CH .data                   DATA
 0002:0000003C 00000065H .bss                    BSS


Detailed map of segments

 0001:00000000 0000013E C=CODE     S=.text    G=(none)   M=System   ACBP=A9
 0001:00000140 000001EC C=CODE     S=.text    G=(none)   M=SysInit  ACBP=A9
 0001:0000032C 00000058 C=CODE     S=.text    G=(none)   M=Windows  ACBP=A9
 0001:00000384 0000000E C=CODE     S=.text    G=(none)   M=Types    ACBP=A9
 0001:00000394 00000038 C=CODE     S=.text    G=(none)   M=Messages ACBP=A9
 0001:000003CC 0000008E C=CODE     S=.text    G=(none)   M=SysUtils ACBP=A9
 0001:0000045C 0000000E C=CODE     S=.text    G=(none)   M=SysConst ACBP=A9
 0001:0000046C 0000000E C=CODE     S=.text    G=(none)   M=Variants ACBP=A9
 0001:0000047C 0000000E C=CODE     S=.text    G=(none)   M=VarUtils ACBP=A9
 0001:0000048C 000000DE C=CODE     S=.text    G=(none)   M=Classes  ACBP=A9
 0001:0000056C 0000000E C=CODE     S=.text    G=(none)   M=ActiveX  ACBP=A9
 0001:0000057C 0000000E C=CODE     S=.text    G=(none)   M=TypInfo  ACBP=A9
 0001:0000058C 0000000E C=CODE     S=.text    G=(none)   M=RTLConsts ACBP=A9
 0001:0000059C 00000016 C=CODE     S=.text    G=(none)   M=Graphics ACBP=A9
 0001:000005B4 0000000E C=CODE     S=.text    G=(none)   M=Consts   ACBP=A9
 0001:000005C4 0000021E C=CODE     S=.text    G=(none)   M=Controls ACBP=A9
 0001:000007E4 0000000E C=CODE     S=.text    G=(none)   M=ActnList ACBP=A9
 0001:000007F4 0000000E C=CODE     S=.text    G=(none)   M=Contnrs  ACBP=A9
 0001:00000804 0000000E C=CODE     S=.text    G=(none)   M=Math     ACBP=A9
 0001:00000814 0000000E C=CODE     S=.text    G=(none)   M=ImgList  ACBP=A9
 0001:00000824 00000038 C=CODE     S=.text    G=(none)   M=CommCtrl ACBP=A9
 0001:0000085C 0000012E C=CODE     S=.text    G=(none)   M=Forms    ACBP=A9
 0001:0000098C 0000000E C=CODE     S=.text    G=(none)   M=HelpIntfs ACBP=A9
 0001:0000099C 0000000E C=CODE     S=.text    G=(none)   M=MultiMon ACBP=A9
 0001:000009AC 00000038 C=CODE     S=.text    G=(none)   M=Imm      ACBP=A9
 0001:000009E4 0000000E C=CODE     S=.text    G=(none)   M=Menus    ACBP=A9
 0001:000009F4 0000000E C=CODE     S=.text    G=(none)   M=WinHelpViewer ACBP=A9
 0001:00000A04 0000000E C=CODE     S=.text    G=(none)   M=StdActns ACBP=A9
 0001:00000A14 0000001E C=CODE     S=.text    G=(none)   M=Dialogs  ACBP=A9
 0001:00000A34 00000038 C=CODE     S=.text    G=(none)   M=ShlObj   ACBP=A9
 0001:00000A6C 00000038 C=CODE     S=.text    G=(none)   M=UrlMon   ACBP=A9
 0001:00000AA4 00000038 C=CODE     S=.text    G=(none)   M=WinInet  ACBP=A9
 0001:00000ADC 00000038 C=CODE     S=.text    G=(none)   M=RegStr   ACBP=A9
 0001:00000B14 00000038 C=CODE     S=.text    G=(none)   M=ShellAPI ACBP=A9
 0001:00000B4C 0000000E C=CODE     S=.text    G=(none)   M=Printers ACBP=A9
 0001:00000B5C 00000038 C=CODE     S=.text    G=(none)   M=WinSpool ACBP=A9
 0001:00000B94 0000019E C=CODE     S=.text    G=(none)   M=StdCtrls ACBP=A9
 0001:00000D34 00000038 C=CODE     S=.text    G=(none)   M=CommDlg  ACBP=A9
 0001:00000D6C 00000038 C=CODE     S=.text    G=(none)   M=Dlgs     ACBP=A9
 0001:00000DA4 0000003E C=CODE     S=.text    G=(none)   M=ExtCtrls ACBP=A9
 0001:00000DE4 0000000E C=CODE     S=.text    G=(none)   M=StrUtils ACBP=A9
 0001:00000DF4 0000000E C=CODE     S=.text    G=(none)   M=Clipbrd  ACBP=A9
 0001:00000E04 0000000E C=CODE     S=.text    G=(none)   M=FlatSB   ACBP=A9
 0001:00000E14 00000C28 C=CODE     S=.text    G=(none)   M=UzslVcl  ACBP=A9
 0001:00001A3C 00000016 C=CODE     S=.text    G=(none)   M=DesignIntf ACBP=A9
 0001:00001A54 0000000E C=CODE     S=.text    G=(none)   M=DesignMenus ACBP=A9
 0001:00001A64 0000000E C=CODE     S=.text    G=(none)   M=IniFiles ACBP=A9
 0001:00001A74 00000086 C=CODE     S=.text    G=(none)   M=DesignEditors ACBP=A9
 0001:00001AFC 0000000E C=CODE     S=.text    G=(none)   M=Proxies  ACBP=A9
 0001:00001B0C 0000000E C=CODE     S=.text    G=(none)   M=DesignConst ACBP=A9
 0001:00001B1C 00000016 C=CODE     S=.text    G=(none)   M=VCLEditors ACBP=A9
 0001:00001B34 0000000E C=CODE     S=.text    G=(none)   M=Registry ACBP=A9
 0001:00001B44 0000001E C=CODE     S=.text    G=(none)   M=DBTables ACBP=A9
 0001:00001B64 0000000E C=CODE     S=.text    G=(none)   M=SMINTF   ACBP=A9
 0001:00001B74 0000000E C=CODE     S=.text    G=(none)   M=BDE      ACBP=A9
 0001:00001B84 0000000E C=CODE     S=.text    G=(none)   M=DBCommon ACBP=A9
 0001:00001B94 0000000E C=CODE     S=.text    G=(none)   M=SqlTimSt ACBP=A9
 0001:00001BA4 0000000E C=CODE     S=.text    G=(none)   M=DBConsts ACBP=A9
 0001:00001BB4 0000000E C=CODE     S=.text    G=(none)   M=DateUtils ACBP=A9
 0001:00001BC4 0000000E C=CODE     S=.text    G=(none)   M=DB       ACBP=A9
 0001:00001BD4 0000000E C=CODE     S=.text    G=(none)   M=FMTBcd   ACBP=A9
 0001:00001BE4 0000000E C=CODE     S=.text    G=(none)   M=MaskUtils ACBP=A9
 0001:00001BF4 0000000E C=CODE     S=.text    G=(none)   M=ComObj   ACBP=A9
 0001:00001C04 0000000E C=CODE     S=.text    G=(none)   M=ComConst ACBP=A9
 0001:00001C14 0000000E C=CODE     S=.text    G=(none)   M=bdeconst ACBP=A9
 0001:00001C24 000004E4 C=CODE     S=.text    G=(none)   M=UTableBox ACBP=A9
 0001:00002108 000004A0 C=CODE     S=.text    G=(none)   M=UzslEditors ACBP=A9
 0001:000025A8 000006D8 C=CODE     S=.text    G=(none)   M=UVersionLabel ACBP=A9
 0001:00002C80 0000000E C=CODE     S=.text    G=(none)   M=Buttons  ACBP=A9
 0001:00002C90 00000554 C=CODE     S=.text    G=(none)   M=UAboutBoxDialog ACBP=A9
 0001:000031E4 000000F8 C=CODE     S=.text    G=(none)   M=UzslRegisterComponents ACBP=A9
 0001:000032DC 0000026D C=CODE     S=.text    G=(none)   M=zslVcl60 ACBP=A9
 0002:00000000 00000028 C=DATA     S=.data    G=DGROUP   M=SysInit  ACBP=A9
 0002:00001000 00000018 C=BSS      S=.bss     G=DGROUP   M=SysInit  ACBP=A9
 0002:00001018 00000004 C=BSS      S=.bss     G=DGROUP   M=Windows  ACBP=A9
 0002:0000101C 00000004 C=BSS      S=.bss     G=DGROUP   M=Messages ACBP=A9
 0002:00001020 00000004 C=BSS      S=.bss     G=DGROUP   M=CommCtrl ACBP=A9
 0002:00001024 00000004 C=BSS      S=.bss     G=DGROUP   M=Imm      ACBP=A9
 0002:00001028 00000004 C=BSS      S=.bss     G=DGROUP   M=ShlObj   ACBP=A9
 0002:0000102C 00000004 C=BSS      S=.bss     G=DGROUP   M=UrlMon   ACBP=A9
 0002:00001030 00000004 C=BSS      S=.bss     G=DGROUP   M=WinInet  ACBP=A9
 0002:00001034 00000004 C=BSS      S=.bss     G=DGROUP   M=RegStr   ACBP=A9
 0002:00001038 00000004 C=BSS      S=.bss     G=DGROUP   M=ShellAPI ACBP=A9
 0002:0000103C 00000004 C=BSS      S=.bss     G=DGROUP   M=WinSpool ACBP=A9
 0002:00001040 00000004 C=BSS      S=.bss     G=DGROUP   M=CommDlg  ACBP=A9
 0002:00001044 00000004 C=BSS      S=.bss     G=DGROUP   M=Dlgs     ACBP=A9
 0002:00001048 00000004 C=BSS      S=.bss     G=DGROUP   M=UzslVcl  ACBP=A9
 0002:0000104C 00000008 C=BSS      S=.bss     G=DGROUP   M=UTableBox ACBP=A9
 0002:00001054 00000004 C=BSS      S=.bss     G=DGROUP   M=UzslEditors ACBP=A9
 0002:00001058 00000004 C=BSS      S=.bss     G=DGROUP   M=UVersionLabel ACBP=A9
 0002:0000105C 00000004 C=BSS      S=.bss     G=DGROUP   M=UAboutBoxDialog ACBP=A9
 0002:00001060 00000004 C=BSS      S=.bss     G=DGROUP   M=UzslRegisterComponents ACBP=A9


  Address         Publics by Name

 0002:00001030       .1
 0002:00001060       .1
 0002:00001044       .1
 0002:0000102C       .1
 0002:00001038       .1
 0002:00001034       .1
 0002:00001028       .1
 0002:00001040       .1
 0002:00001010       .1
 0002:00001024       .1
 0002:0000101C       .1
 0002:00001020       .1
 0002:00001058       .2
 0002:00001050       .3
 0002:0000103C       .3
 0002:00001018       .3
 0002:0000105C       .3
 0002:00001048       .4
 0002:00001054       .4
 0001:00003524       @GetPackageInfoTable
 0001:00000278       @InitPkg
 0001:0000352C       @PackageLoad
 0001:000002DC       @PackageLoad
 0001:00003538       @PackageUnload
 0001:000002E8       @PackageUnload
 0001:00000178       AllocTlsBuffer
 0001:00000854       CommCtrl
 0001:00000D64       CommDlg
 0001:000028C8       DecodeVersion
 0001:00000D9C       Dlgs
 0001:0000128C       DoWrite
 0001:00000224       ExitProcessTLS
 0001:000001FC       ExitThreadTLS
 0001:000020D0       Finalization
 0001:00000A6C       Finalization
 0001:00000A34       Finalization
 0001:00000AA4       Finalization
 0001:000009AC       Finalization
 0001:00000824       Finalization
 0001:00000394       Finalization
 0001:00002570       Finalization
 0001:00000ADC       Finalization
 0001:00001A04       Finalization
 0001:000002F4       Finalization
 0001:00000B14       Finalization
 0001:00000B5C       Finalization
 0001:00002C48       Finalization
 0001:000031AC       Finalization
 0001:000032A4       Finalization
 0001:00000D34       Finalization
 0001:00000D6C       Finalization
 0001:0000034C       Finalization
 0001:00000140       FreeLibrary
 0001:0000032C       GetEnvironmentVariable
 0001:00000334       GetFileVersionInfo
 0001:0000033C       GetFileVersionInfoSize
 0001:00000184       GetTlsSize
 0001:00002854       GetValue
 0001:00002728       GetVersionString
 0002:0000100C       HInstance
 0001:000009DC       Imm
 0001:00000248       InitializeModule
 0001:000001D0       InitProcessTLS
 0001:0000018C       InitThreadTLS
 0001:00000148       LocalAlloc
 0001:00000150       LocalFree
 0001:000003C4       Messages
 0002:00000000       Module
 0002:00001000       ModuleIsLib
 0002:00001001       ModuleIsPackage
 0001:000031E4       Register
 0001:00000B0C       RegStr
 0002:0000104C       Session
 0001:00000B44       ShellAPI
 0001:00000A64       ShlObj
 0001:00000324       SysInit
 0001:00003004       TAboutBoxDialog.Create
 0001:00003048       TAboutBoxDialog.Destroy
 0001:00003078       TAboutBoxDialog.Execute
 0001:00003194       TAboutBoxDialog.SetPicture
 0001:00002000       TCustomTableBox.DropDown
 0001:00002060       TCustomTableBox.Notification
 0001:00002090       TCustomTableBox.SetDatabaseName
 0001:000020A8       TCustomTableBox.SetSession
 0001:00002558       TDatabaseNameProperty.GetNames
 0001:00002498       TDBPropertyEditor.GetAttributes
 0001:000024A4       TDBPropertyEditor.GetValues
 0001:00001580       TEditType.GetAsBoolean
 0001:00001630       TEditType.GetAsCurrency
 0001:000016E8       TEditType.GetAsDate
 0001:00001794       TEditType.GetAsDateTime
 0001:00001844       TEditType.GetAsFloat
 0001:000018EC       TEditType.GetAsInteger
 0001:000019F0       TEditType.GetAsString
 0001:00001990       TEditType.GetAsTime
 0001:0000152C       TEditType.SetAsBoolean
 0001:000015D0       TEditType.SetAsCurrency
 0001:00001694       TEditType.SetAsDate
 0001:00001740       TEditType.SetAsDateTime
 0001:000017EC       TEditType.SetAsFloat
 0001:0000189C       TEditType.SetAsInteger
 0001:000019E8       TEditType.SetAsString
 0001:0000193C       TEditType.SetAsTime
 0001:0000237C       TFileNameProperty.Edit
 0001:00001198       TImagePanel.Create
 0001:00000158       TlsAlloc
 0002:00001014       tlsBuffer
 0001:00000160       TlsFree
 0001:00000168       TlsGetValue
 0002:00001004       TlsIndex
 0002:FFBFB000       TlsLast
 0002:00000018       TlsProc
 0001:00000170       TlsSetValue
 0001:00001210       TStoreProperties.Create
 0001:00001354       TStoreProperties.DefineProperties
 0001:000013DC       TStoreProperties.Destroy
 0001:0000140C       TStoreProperties.ReadAnInt
 0001:00001420       TStoreProperties.ReadStrings
 0001:00001494       TStoreProperties.WriteAnInt
 0001:000014A0       TStoreProperties.WriteStrings
 0001:0000297C       TVersionLabel.Create
 0001:00002B04       TVersionLabel.GetApplicationName
 0001:00002AC4       TVersionLabel.GetEnvPathString
 0001:00002B94       TVersionLabel.SetFileName
 0001:00002C1C       TVersionLabel.SetMask
 0001:000029FC       TVersionLabel.SetVersion
 0001:000031DC       UAboutBoxDialog
 0001:00000254       UninitializeModule
 0001:00000A9C       UrlMon
 0001:00002100       UTableBox
 0001:00002C78       UVersionLabel
 0001:000025A0       UzslEditors
 0001:000032D4       UzslRegisterComponents
 0001:00001A34       UzslVcl
 0001:00000344       VerQueryValue
 0001:0000037C       Windows
 0001:00000AD4       WinInet
 0001:00000B8C       WinSpool
 0001:00003544       zslVcl60


  Address         Publics by Value

 0002:FFBFB000       TlsLast
 0001:00000140       FreeLibrary
 0001:00000148       LocalAlloc
 0001:00000150       LocalFree
 0001:00000158       TlsAlloc
 0001:00000160       TlsFree
 0001:00000168       TlsGetValue
 0001:00000170       TlsSetValue
 0001:00000178       AllocTlsBuffer
 0001:00000184       GetTlsSize
 0001:0000018C       InitThreadTLS
 0001:000001D0       InitProcessTLS
 0001:000001FC       ExitThreadTLS
 0001:00000224       ExitProcessTLS
 0001:00000248       InitializeModule
 0001:00000254       UninitializeModule
 0001:00000278       @InitPkg
 0001:000002DC       @PackageLoad
 0001:000002E8       @PackageUnload
 0001:000002F4       Finalization
 0001:00000324       SysInit
 0001:0000032C       GetEnvironmentVariable
 0001:00000334       GetFileVersionInfo
 0001:0000033C       GetFileVersionInfoSize
 0001:00000344       VerQueryValue
 0001:0000034C       Finalization
 0001:0000037C       Windows
 0001:00000394       Finalization
 0001:000003C4       Messages
 0001:00000824       Finalization
 0001:00000854       CommCtrl
 0001:000009AC       Finalization
 0001:000009DC       Imm
 0001:00000A34       Finalization
 0001:00000A64       ShlObj
 0001:00000A6C       Finalization
 0001:00000A9C       UrlMon
 0001:00000AA4       Finalization
 0001:00000AD4       WinInet
 0001:00000ADC       Finalization
 0001:00000B0C       RegStr
 0001:00000B14       Finalization
 0001:00000B44       ShellAPI
 0001:00000B5C       Finalization
 0001:00000B8C       WinSpool
 0001:00000D34       Finalization
 0001:00000D64       CommDlg
 0001:00000D6C       Finalization
 0001:00000D9C       Dlgs
 0001:00001198       TImagePanel.Create
 0001:00001210       TStoreProperties.Create
 0001:0000128C       DoWrite
 0001:00001354       TStoreProperties.DefineProperties
 0001:000013DC       TStoreProperties.Destroy
 0001:0000140C       TStoreProperties.ReadAnInt
 0001:00001420       TStoreProperties.ReadStrings
 0001:00001494       TStoreProperties.WriteAnInt
 0001:000014A0       TStoreProperties.WriteStrings
 0001:0000152C       TEditType.SetAsBoolean
 0001:00001580       TEditType.GetAsBoolean
 0001:000015D0       TEditType.SetAsCurrency
 0001:00001630       TEditType.GetAsCurrency
 0001:00001694       TEditType.SetAsDate
 0001:000016E8       TEditType.GetAsDate
 0001:00001740       TEditType.SetAsDateTime
 0001:00001794       TEditType.GetAsDateTime
 0001:000017EC       TEditType.SetAsFloat
 0001:00001844       TEditType.GetAsFloat
 0001:0000189C       TEditType.SetAsInteger
 0001:000018EC       TEditType.GetAsInteger
 0001:0000193C       TEditType.SetAsTime
 0001:00001990       TEditType.GetAsTime
 0001:000019E8       TEditType.SetAsString
 0001:000019F0       TEditType.GetAsString
 0001:00001A04       Finalization
 0001:00001A34       UzslVcl
 0001:00002000       TCustomTableBox.DropDown
 0001:00002060       TCustomTableBox.Notification
 0001:00002090       TCustomTableBox.SetDatabaseName
 0001:000020A8       TCustomTableBox.SetSession
 0001:000020D0       Finalization
 0001:00002100       UTableBox
 0001:0000237C       TFileNameProperty.Edit
 0001:00002498       TDBPropertyEditor.GetAttributes
 0001:000024A4       TDBPropertyEditor.GetValues
 0001:00002558       TDatabaseNameProperty.GetNames
 0001:00002570       Finalization
 0001:000025A0       UzslEditors
 0001:00002728       GetVersionString
 0001:00002854       GetValue
 0001:000028C8       DecodeVersion
 0001:0000297C       TVersionLabel.Create
 0001:000029FC       TVersionLabel.SetVersion
 0001:00002AC4       TVersionLabel.GetEnvPathString
 0001:00002B04       TVersionLabel.GetApplicationName
 0001:00002B94       TVersionLabel.SetFileName
 0001:00002C1C       TVersionLabel.SetMask
 0001:00002C48       Finalization
 0001:00002C78       UVersionLabel
 0001:00003004       TAboutBoxDialog.Create
 0001:00003048       TAboutBoxDialog.Destroy
 0001:00003078       TAboutBoxDialog.Execute
 0001:00003194       TAboutBoxDialog.SetPicture
 0001:000031AC       Finalization
 0001:000031DC       UAboutBoxDialog
 0001:000031E4       Register
 0001:000032A4       Finalization
 0001:000032D4       UzslRegisterComponents
 0001:00003524       @GetPackageInfoTable
 0001:0000352C       @PackageLoad
 0001:00003538       @PackageUnload
 0001:00003544       zslVcl60
 0002:00000000       Module
 0002:00000018       TlsProc
 0002:00001000       ModuleIsLib
 0002:00001001       ModuleIsPackage
 0002:00001004       TlsIndex
 0002:0000100C       HInstance
 0002:00001010       .1
 0002:00001014       tlsBuffer
 0002:00001018       .3
 0002:0000101C       .1
 0002:00001020       .1
 0002:00001024       .1
 0002:00001028       .1
 0002:0000102C       .1
 0002:00001030       .1
 0002:00001034       .1
 0002:00001038       .1
 0002:0000103C       .3
 0002:00001040       .1
 0002:00001044       .1
 0002:00001048       .4
 0002:0000104C       Session
 0002:00001050       .3
 0002:00001054       .4
 0002:00001058       .2
 0002:0000105C       .3
 0002:00001060       .1


Line numbers for UzslVcl(UzslVcl.pas) segment .text

    85 0001:00001198    86 0001:000011AF    87 0001:000011B8    88 0001:000011CE
    89 0001:000011D7    90 0001:000011E4    91 0001:0000120A    98 0001:00001210
    99 0001:00001227   100 0001:00001230   101 0001:00001237   102 0001:00001248
   103 0001:0000126D   108 0001:0000128C   109 0001:000012A4   111 0001:000012B0
   115 0001:00001302   116 0001:0000134D   118 0001:00001354   119 0001:00001361
   120 0001:0000136C   121 0001:0000138D   122 0001:000013B5   125 0001:000013DC
   126 0001:000013E7   127 0001:000013EF   128 0001:00001406   131 0001:0000140C
   132 0001:00001412   133 0001:0000141C   136 0001:00001420   137 0001:00001439
   138 0001:00001440   140 0001:0000144A   139 0001:0000145F   141 0001:0000146A
   142 0001:0000148E   146 0001:00001494   147 0001:0000149D   152 0001:000014A0
   153 0001:000014C2   154 0001:000014CA   155 0001:000014DF   154 0001:000014FB
   156 0001:000014FE   157 0001:00001523   162 0001:0000152C   164 0001:00001545
   165 0001:00001578   168 0001:00001580   170 0001:00001596   171 0001:000015C9
   174 0001:000015D0   176 0001:000015E6   177 0001:00001625   180 0001:00001630
   182 0001:0000164C   183 0001:00001688   186 0001:00001694   188 0001:000016AA
   189 0001:000016DF   192 0001:000016E8   194 0001:00001704   195 0001:0000173A
   198 0001:00001740   200 0001:00001756   201 0001:0000178B   204 0001:00001794
   205 0001:000017B0   206 0001:000017B1   207 0001:000017E7   210 0001:000017EC
   212 0001:00001802   213 0001:0000183B   216 0001:00001844   218 0001:00001860
   219 0001:00001896   222 0001:0000189C   224 0001:000018B5   225 0001:000018E6
   228 0001:000018EC   229 0001:00001902   230 0001:00001903   231 0001:00001936
   234 0001:0000193C   236 0001:00001952   237 0001:00001987   240 0001:00001990
   241 0001:000019AC   242 0001:000019AD   243 0001:000019E3   247 0001:000019E8
   248 0001:000019E9   249 0001:000019EE   252 0001:000019F0   254 0001:000019F6
   255 0001:000019FF   281 0001:00001A34   281 0001:00001A3B

Line numbers for UTableBox(UTableBox.pas) segment .text

    56 0001:00002000    57 0001:00002003    58 0001:0000200A    59 0001:00002020
    60 0001:0000202F    61 0001:00002050    64 0001:00002060    65 0001:00002069
    66 0001:00002074    67 0001:00002081    68 0001:0000208A    71 0001:00002090
    72 0001:00002096    73 0001:000020A3    76 0001:000020A8    77 0001:000020AE
    78 0001:000020B6    79 0001:000020C1    80 0001:000020C7    81 0001:000020CD
    83 0001:00002100    83 0001:00002107

Line numbers for UzslEditors(UzslEditors.pas) segment .text

    35 0001:0000237C    36 0001:00002396    37 0001:000023AD    38 0001:000023BB
    39 0001:000023D3    40 0001:000023E3    41 0001:000023F5    43 0001:00002423
    45 0001:00002458    60 0001:00002498    61 0001:0000249E    67 0001:000024A4
    68 0001:000024C2    69 0001:000024D1    70 0001:000024DF    71 0001:000024E9
    73 0001:00002522    75 0001:0000254F    80 0001:00002558    81 0001:00002562
    82 0001:0000256E    84 0001:000025A0    84 0001:000025A7

Line numbers for UVersionLabel(UVersionLabel.pas) segment .text

    55 0001:00002728    56 0001:00002751    57 0001:0000275D    58 0001:00002773
    60 0001:0000277B    61 0001:00002785    62 0001:00002793    63 0001:000027AC
    64 0001:000027B3    65 0001:000027E4    66 0001:000027EB    68 0001:00002802
    70 0001:00002837    76 0001:00002854    77 0001:0000285A    78 0001:00002876
    79 0001:00002893    80 0001:000028AD    82 0001:000028C8    83 0001:000028F4
    84 0001:00002909    85 0001:0000291E    86 0001:00002934    87 0001:0000296C
    93 0001:0000297C    94 0001:000029A1    95 0001:000029AA    96 0001:000029F5
   101 0001:000029FC   102 0001:00002A27   103 0001:00002A35   104 0001:00002A4B
   105 0001:00002AB6   113 0001:00002AC4   114 0001:00002AC7   115 0001:00002AD3
   116 0001:00002AEE   117 0001:00002AFA   120 0001:00002B04   121 0001:00002B22
   123 0001:00002B28   125 0001:00002B5A   126 0001:00002B8A   129 0001:00002B94
   130 0001:00002BBB   131 0001:00002BCD   132 0001:00002BE8   133 0001:00002C14
   136 0001:00002C1C   137 0001:00002C22   138 0001:00002C31   139 0001:00002C3E
   140 0001:00002C45   143 0001:00002C78   143 0001:00002C7F

Line numbers for UAboutBoxDialog(UAboutBoxDialog.pas) segment .text

    57 0001:00003004    58 0001:00003016    59 0001:0000301F    60 0001:00003045
    63 0001:00003048    64 0001:00003053    65 0001:0000305B    66 0001:00003072
    69 0001:00003078    70 0001:00003095    71 0001:000030B1    72 0001:000030BF
    73 0001:000030D0    74 0001:000030E7    75 0001:000030FE    76 0001:00003121
    77 0001:0000313E    79 0001:00003159    81 0001:0000316C    82 0001:0000318D
    85 0001:00003194    86 0001:00003198    87 0001:0000319F    88 0001:000031A6
    91 0001:000031DC    91 0001:000031E3

Line numbers for UzslRegisterComponents(UzslRegisterComponents.pas) segment .text

    76 0001:000031E4    77 0001:000031E7    85 0001:0000322D    86 0001:00003248
    87 0001:00003263    89 0001:000032D4    89 0001:000032DB

Line numbers for zslVcl60(D:\Resourse\delphi\20131208Vcl\zslVcl60.dpk) segment .text

    38 0001:00003544

Bound resource files

UzslVcl.dcr
UAboutBoxDialog.dfm
zslVcl60.res
zslVcl60.drf


Program entry point at 0001:00003544
