
 Start         Length     Name                   Class
 0001:00000000 000E8EF0H .text                   CODE
 0002:00000000 00008038H .data                   DATA
 0002:00008038 00004981H .bss                    BSS


Detailed map of segments

 0001:00000000 00005D27 C=CODE     S=.text    G=(none)   M=System   ACBP=A9
 0001:00005D28 00000140 C=CODE     S=.text    G=(none)   M=SysInit  ACBP=A9
 0001:00005E68 000000BC C=CODE     S=.text    G=(none)   M=Types    ACBP=A9
 0001:00005F24 00000FA0 C=CODE     S=.text    G=(none)   M=Windows  ACBP=A9
 0001:00006EC4 00001F1F C=CODE     S=.text    G=(none)   M=ELeaks   ACBP=A9
 0001:00008DE4 00000348 C=CODE     S=.text    G=(none)   M=SysConst ACBP=A9
 0001:0000912C 00006FFC C=CODE     S=.text    G=(none)   M=SysUtils ACBP=A9
 0001:00010128 00000038 C=CODE     S=.text    G=(none)   M=Messages ACBP=A9
 0001:00010160 00000184 C=CODE     S=.text    G=(none)   M=VarUtils ACBP=A9
 0001:000102E4 000088C4 C=CODE     S=.text    G=(none)   M=Variants ACBP=A9
 0001:00018BA8 00000168 C=CODE     S=.text    G=(none)   M=RTLConsts ACBP=A9
 0001:00018D10 00000DCC C=CODE     S=.text    G=(none)   M=TypInfo  ACBP=A9
 0001:00019ADC 00000038 C=CODE     S=.text    G=(none)   M=ActiveX  ACBP=A9
 0001:00019B14 0000CB0A C=CODE     S=.text    G=(none)   M=Classes  ACBP=A9
 0001:00026620 00000038 C=CODE     S=.text    G=(none)   M=ETypes   ACBP=A9
 0001:00026658 00002944 C=CODE     S=.text    G=(none)   M=EConsts  ACBP=A9
 0001:00028F9C 0000473C C=CODE     S=.text    G=(none)   M=ECore    ACBP=A9
 0001:0002D6D8 000046B4 C=CODE     S=.text    G=(none)   M=EDebug   ACBP=A9
 0001:00031D8C 00000040 C=CODE     S=.text    G=(none)   M=ShellAPI ACBP=A9
 0001:00031DCC 00000534 C=CODE     S=.text    G=(none)   M=EWinSock ACBP=A9
 0001:00032300 000014FC C=CODE     S=.text    G=(none)   M=EHook    ACBP=A9
 0001:000337FC 000000E8 C=CODE     S=.text    G=(none)   M=ELang    ACBP=A9
 0001:000338E4 000016D0 C=CODE     S=.text    G=(none)   M=ESockets ACBP=A9
 0001:00034FB4 00007BE4 C=CODE     S=.text    G=(none)   M=EZlib2   ACBP=A9
 0001:0003CB98 00000AFC C=CODE     S=.text    G=(none)   M=EHash    ACBP=A9
 0001:0003D694 00000354 C=CODE     S=.text    G=(none)   M=EEncrypt ACBP=A9
 0001:0003D9E8 00000358 C=CODE     S=.text    G=(none)   M=EBase64  ACBP=A9
 0001:0003DD40 00000154 C=CODE     S=.text    G=(none)   M=EZip     ACBP=A9
 0001:0003DE94 00007C44 C=CODE     S=.text    G=(none)   M=EWebTools ACBP=A9
 0001:00045AD8 000005A8 C=CODE     S=.text    G=(none)   M=EXMLBuilder ACBP=A9
 0001:00046080 00004358 C=CODE     S=.text    G=(none)   M=ELogManager ACBP=A9
 0001:0004A3D8 00001320 C=CODE     S=.text    G=(none)   M=EListView ACBP=A9
 0001:0004B6F8 000073F8 C=CODE     S=.text    G=(none)   M=EDisAsm  ACBP=A9
 0001:00052AF0 00028E7C C=CODE     S=.text    G=(none)   M=ExceptionLog ACBP=A9
 0001:0007B96C 00000350 C=CODE     S=.text    G=(none)   M=Consts   ACBP=A9
 0001:0007BCBC 0000933F C=CODE     S=.text    G=(none)   M=Graphics ACBP=A9
 0001:00084FFC 00000048 C=CODE     S=.text    G=(none)   M=Math     ACBP=A9
 0001:00085044 000002B8 C=CODE     S=.text    G=(none)   M=Contnrs  ACBP=A9
 0001:000852FC 0000083C C=CODE     S=.text    G=(none)   M=CommCtrl ACBP=A9
 0001:00085B38 00000787 C=CODE     S=.text    G=(none)   M=MultiMon ACBP=A9
 0001:000862C0 00000038 C=CODE     S=.text    G=(none)   M=Imm      ACBP=A9
 0001:000862F8 00001098 C=CODE     S=.text    G=(none)   M=HelpIntfs ACBP=A9
 0001:00087390 00000038 C=CODE     S=.text    G=(none)   M=WinSpool ACBP=A9
 0001:000873C8 00000044 C=CODE     S=.text    G=(none)   M=Printers ACBP=A9
 0001:0008740C 0000031F C=CODE     S=.text    G=(none)   M=FlatSB   ACBP=A9
 0001:0008772C 00008E10 C=CODE     S=.text    G=(none)   M=StdCtrls ACBP=A9
 0001:0009053C 00000038 C=CODE     S=.text    G=(none)   M=RegStr   ACBP=A9
 0001:00090574 00000038 C=CODE     S=.text    G=(none)   M=WinInet  ACBP=A9
 0001:000905AC 00000038 C=CODE     S=.text    G=(none)   M=UrlMon   ACBP=A9
 0001:000905E4 00000038 C=CODE     S=.text    G=(none)   M=ShlObj   ACBP=A9
 0001:0009061C 00000038 C=CODE     S=.text    G=(none)   M=CommDlg  ACBP=A9
 0001:00090654 00002E48 C=CODE     S=.text    G=(none)   M=ExtCtrls ACBP=A9
 0001:0009349C 00000038 C=CODE     S=.text    G=(none)   M=Dlgs     ACBP=A9
 0001:000934D4 000012F5 C=CODE     S=.text    G=(none)   M=Dialogs  ACBP=A9
 0001:000947CC 00000668 C=CODE     S=.text    G=(none)   M=Clipbrd  ACBP=A9
 0001:00094E34 00000038 C=CODE     S=.text    G=(none)   M=StrUtils ACBP=A9
 0001:00094E6C 00000168 C=CODE     S=.text    G=(none)   M=StdActns ACBP=A9
 0001:00094FD4 00000CC4 C=CODE     S=.text    G=(none)   M=WinHelpViewer ACBP=A9
 0001:00095C98 00010D67 C=CODE     S=.text    G=(none)   M=Controls ACBP=A9
 0001:000A6A00 0000130E C=CODE     S=.text    G=(none)   M=ActnList ACBP=A9
 0001:000A7D10 0000176C C=CODE     S=.text    G=(none)   M=ImgList  ACBP=A9
 0001:000A947C 000064CD C=CODE     S=.text    G=(none)   M=Menus    ACBP=A9
 0001:000AF94C 0000CAF4 C=CODE     S=.text    G=(none)   M=Forms    ACBP=A9
 0001:000BC440 00000038 C=CODE     S=.text    G=(none)   M=RichEdit ACBP=A9
 0001:000BC478 00000038 C=CODE     S=.text    G=(none)   M=ToolWin  ACBP=A9
 0001:000BC4B0 00000098 C=CODE     S=.text    G=(none)   M=ComStrs  ACBP=A9
 0001:000BC548 000000F5 C=CODE     S=.text    G=(none)   M=Buttons  ACBP=A9
 0001:000BC640 00000038 C=CODE     S=.text    G=(none)   M=ExtDlgs  ACBP=A9
 0001:000BC678 00000068 C=CODE     S=.text    G=(none)   M=IniFiles ACBP=A9
 0001:000BC6E0 00000068 C=CODE     S=.text    G=(none)   M=Registry ACBP=A9
 0001:000BC748 0000006C C=CODE     S=.text    G=(none)   M=Mapi     ACBP=A9
 0001:000BC7B4 00000058 C=CODE     S=.text    G=(none)   M=ExtActns ACBP=A9
 0001:000BC80C 00001AF8 C=CODE     S=.text    G=(none)   M=ListActns ACBP=A9
 0001:000BE304 0001306C C=CODE     S=.text    G=(none)   M=ComCtrls ACBP=A9
 0001:000D1370 000002CC C=CODE     S=.text    G=(none)   M=ChildFrm ACBP=A9
 0001:000D163C 00000038 C=CODE     S=.text    G=(none)   M=CheckBinaryDfmFrm ACBP=A9
 0001:000D1674 00000A18 C=CODE     S=.text    G=(none)   M=MaskUtils ACBP=A9
 0001:000D208C 00002104 C=CODE     S=.text    G=(none)   M=Mask     ACBP=A9
 0001:000D4190 000068E4 C=CODE     S=.text    G=(none)   M=Grids    ACBP=A9
 0001:000DAA74 00003C58 C=CODE     S=.text    G=(none)   M=Outline  ACBP=A9
 0001:000DE6CC 000014E4 C=CODE     S=.text    G=(none)   M=DirOutln ACBP=A9
 0001:000DFBB0 0000440C C=CODE     S=.text    G=(none)   M=FileCtrl ACBP=A9
 0001:000E3FBC 0000063C C=CODE     S=.text    G=(none)   M=DirSearchFrm ACBP=A9
 0001:000E45F8 00000A58 C=CODE     S=.text    G=(none)   M=ExplorerFrm ACBP=A9
 0001:000E5050 00000070 C=CODE     S=.text    G=(none)   M=Variables ACBP=A9
 0001:000E50C0 0000023D C=CODE     S=.text    G=(none)   M=Unit2    ACBP=A9
 0001:000E5300 00000298 C=CODE     S=.text    G=(none)   M=Unit1    ACBP=A9
 0001:000E5598 000006BC C=CODE     S=.text    G=(none)   M=UPointerTestFrm ACBP=A9
 0001:000E5C54 00000488 C=CODE     S=.text    G=(none)   M=testTreeView ACBP=A9
 0001:000E60DC 00001534 C=CODE     S=.text    G=(none)   M=InheritTestFrm ACBP=A9
 0001:000E7610 000002DC C=CODE     S=.text    G=(none)   M=UMessageTestFrm ACBP=A9
 0001:000E78EC 000004B8 C=CODE     S=.text    G=(none)   M=Util     ACBP=A9
 0001:000E7DA4 00000548 C=CODE     S=.text    G=(none)   M=ReNameFrm ACBP=A9
 0001:000E82EC 00000824 C=CODE     S=.text    G=(none)   M=MainFrm  ACBP=A9
 0001:000E8B10 00000038 C=CODE     S=.text    G=(none)   M=NewChildFrm ACBP=A9
 0001:000E8B48 000003A7 C=CODE     S=.text    G=(none)   M=Simple   ACBP=A9
 0002:00000000 00000090 C=DATA     S=.data    G=DGROUP   M=System   ACBP=A9
 0002:00000090 00000018 C=DATA     S=.data    G=DGROUP   M=SysInit  ACBP=A9
 0002:000000A8 00000014 C=DATA     S=.data    G=DGROUP   M=ELeaks   ACBP=A9
 0002:000000BC 00000274 C=DATA     S=.data    G=DGROUP   M=SysUtils ACBP=A9
 0002:00000330 00000108 C=DATA     S=.data    G=DGROUP   M=VarUtils ACBP=A9
 0002:00000438 00000172 C=DATA     S=.data    G=DGROUP   M=Variants ACBP=A9
 0002:000005AC 0000000C C=DATA     S=.data    G=DGROUP   M=TypInfo  ACBP=A9
 0002:000005B8 00000080 C=DATA     S=.data    G=DGROUP   M=Classes  ACBP=A9
 0002:00000638 00000908 C=DATA     S=.data    G=DGROUP   M=EConsts  ACBP=A9
 0002:00000F40 00000044 C=DATA     S=.data    G=DGROUP   M=ECore    ACBP=A9
 0002:00000F84 0000004C C=DATA     S=.data    G=DGROUP   M=EDebug   ACBP=A9
 0002:00000FD0 00000001 C=DATA     S=.data    G=DGROUP   M=EWinSock ACBP=A9
 0002:00000FD4 000001A0 C=DATA     S=.data    G=DGROUP   M=EHook    ACBP=A9
 0002:00001174 00000001 C=DATA     S=.data    G=DGROUP   M=ESockets ACBP=A9
 0002:00001178 00000E5C C=DATA     S=.data    G=DGROUP   M=EZlib2   ACBP=A9
 0002:00001FD4 00000212 C=DATA     S=.data    G=DGROUP   M=EHash    ACBP=A9
 0002:000021E8 00000144 C=DATA     S=.data    G=DGROUP   M=EBase64  ACBP=A9
 0002:0000232C 000034B0 C=DATA     S=.data    G=DGROUP   M=EWebTools ACBP=A9
 0002:000057DC 00000020 C=DATA     S=.data    G=DGROUP   M=EXMLBuilder ACBP=A9
 0002:000057FC 00000024 C=DATA     S=.data    G=DGROUP   M=ELogManager ACBP=A9
 0002:00005820 000012D5 C=DATA     S=.data    G=DGROUP   M=EDisAsm  ACBP=A9
 0002:00006AF8 000005E0 C=DATA     S=.data    G=DGROUP   M=ExceptionLog ACBP=A9
 0002:000070D8 00000304 C=DATA     S=.data    G=DGROUP   M=Graphics ACBP=A9
 0002:000073DC 00000004 C=DATA     S=.data    G=DGROUP   M=Printers ACBP=A9
 0002:000073E0 00000100 C=DATA     S=.data    G=DGROUP   M=StdCtrls ACBP=A9
 0002:000074E0 00000014 C=DATA     S=.data    G=DGROUP   M=ExtCtrls ACBP=A9
 0002:000074F4 000000B4 C=DATA     S=.data    G=DGROUP   M=Dialogs  ACBP=A9
 0002:000075A8 0000013C C=DATA     S=.data    G=DGROUP   M=Controls ACBP=A9
 0002:000076E4 00000020 C=DATA     S=.data    G=DGROUP   M=ImgList  ACBP=A9
 0002:00007704 000000EC C=DATA     S=.data    G=DGROUP   M=Menus    ACBP=A9
 0002:000077F0 00000124 C=DATA     S=.data    G=DGROUP   M=Forms    ACBP=A9
 0002:00007914 0000002C C=DATA     S=.data    G=DGROUP   M=Buttons  ACBP=A9
 0002:00007940 00000008 C=DATA     S=.data    G=DGROUP   M=IniFiles ACBP=A9
 0002:00007948 00000008 C=DATA     S=.data    G=DGROUP   M=Registry ACBP=A9
 0002:00007950 00000008 C=DATA     S=.data    G=DGROUP   M=Mapi     ACBP=A9
 0002:00007958 000001A8 C=DATA     S=.data    G=DGROUP   M=ComCtrls ACBP=A9
 0002:00007B00 00000009 C=DATA     S=.data    G=DGROUP   M=MaskUtils ACBP=A9
 0002:00007B0C 00000004 C=DATA     S=.data    G=DGROUP   M=Mask     ACBP=A9
 0002:00007B10 00000014 C=DATA     S=.data    G=DGROUP   M=Outline  ACBP=A9
 0002:00007B24 0000000E C=DATA     S=.data    G=DGROUP   M=FileCtrl ACBP=A9
 0002:00009000 0000070C C=BSS      S=.bss     G=DGROUP   M=System   ACBP=A9
 0002:0000970C 00000018 C=BSS      S=.bss     G=DGROUP   M=SysInit  ACBP=A9
 0002:00009724 00000004 C=BSS      S=.bss     G=DGROUP   M=Types    ACBP=A9
 0002:00009728 00000004 C=BSS      S=.bss     G=DGROUP   M=Windows  ACBP=A9
 0002:0000972C 00000054 C=BSS      S=.bss     G=DGROUP   M=ELeaks   ACBP=A9
 0002:00009780 00000004 C=BSS      S=.bss     G=DGROUP   M=SysConst ACBP=A9
 0002:00009784 00000120 C=BSS      S=.bss     G=DGROUP   M=SysUtils ACBP=A9
 0002:000098A4 00000004 C=BSS      S=.bss     G=DGROUP   M=Messages ACBP=A9
 0002:000098A8 00000004 C=BSS      S=.bss     G=DGROUP   M=VarUtils ACBP=A9
 0002:000098AC 00000184 C=BSS      S=.bss     G=DGROUP   M=Variants ACBP=A9
 0002:00009A30 00000004 C=BSS      S=.bss     G=DGROUP   M=RTLConsts ACBP=A9
 0002:00009A34 00000004 C=BSS      S=.bss     G=DGROUP   M=TypInfo  ACBP=A9
 0002:00009A38 00000004 C=BSS      S=.bss     G=DGROUP   M=ActiveX  ACBP=A9
 0002:00009A3C 00000044 C=BSS      S=.bss     G=DGROUP   M=Classes  ACBP=A9
 0002:00009A80 00000004 C=BSS      S=.bss     G=DGROUP   M=ETypes   ACBP=A9
 0002:00009A84 00000004 C=BSS      S=.bss     G=DGROUP   M=EConsts  ACBP=A9
 0002:00009A88 00000009 C=BSS      S=.bss     G=DGROUP   M=ECore    ACBP=A9
 0002:00009A94 00000004 C=BSS      S=.bss     G=DGROUP   M=EDebug   ACBP=A9
 0002:00009A98 00000004 C=BSS      S=.bss     G=DGROUP   M=ShellAPI ACBP=A9
 0002:00009A9C 00000010 C=BSS      S=.bss     G=DGROUP   M=EWinSock ACBP=A9
 0002:00009AAC 00000010 C=BSS      S=.bss     G=DGROUP   M=EHook    ACBP=A9
 0002:00009ABC 00000004 C=BSS      S=.bss     G=DGROUP   M=ELang    ACBP=A9
 0002:00009AC0 00000004 C=BSS      S=.bss     G=DGROUP   M=ESockets ACBP=A9
 0002:00009AC4 00002894 C=BSS      S=.bss     G=DGROUP   M=EZlib2   ACBP=A9
 0002:0000C358 00000404 C=BSS      S=.bss     G=DGROUP   M=EHash    ACBP=A9
 0002:0000C75C 0000001C C=BSS      S=.bss     G=DGROUP   M=EEncrypt ACBP=A9
 0002:0000C778 00000004 C=BSS      S=.bss     G=DGROUP   M=EBase64  ACBP=A9
 0002:0000C77C 00000004 C=BSS      S=.bss     G=DGROUP   M=EZip     ACBP=A9
 0002:0000C780 00000048 C=BSS      S=.bss     G=DGROUP   M=EWebTools ACBP=A9
 0002:0000C7C8 00000004 C=BSS      S=.bss     G=DGROUP   M=EXMLBuilder ACBP=A9
 0002:0000C7CC 00000004 C=BSS      S=.bss     G=DGROUP   M=ELogManager ACBP=A9
 0002:0000C7D0 00000004 C=BSS      S=.bss     G=DGROUP   M=EListView ACBP=A9
 0002:0000C7D4 00000004 C=BSS      S=.bss     G=DGROUP   M=EDisAsm  ACBP=A9
 0002:0000C7D8 00000E80 C=BSS      S=.bss     G=DGROUP   M=ExceptionLog ACBP=A9
 0002:0000D658 00000004 C=BSS      S=.bss     G=DGROUP   M=Consts   ACBP=A9
 0002:0000D65C 00000060 C=BSS      S=.bss     G=DGROUP   M=Graphics ACBP=A9
 0002:0000D6BC 00000004 C=BSS      S=.bss     G=DGROUP   M=Math     ACBP=A9
 0002:0000D6C0 00000004 C=BSS      S=.bss     G=DGROUP   M=Contnrs  ACBP=A9
 0002:0000D6C4 0000000C C=BSS      S=.bss     G=DGROUP   M=CommCtrl ACBP=A9
 0002:0000D6D0 00000031 C=BSS      S=.bss     G=DGROUP   M=MultiMon ACBP=A9
 0002:0000D704 00000004 C=BSS      S=.bss     G=DGROUP   M=Imm      ACBP=A9
 0002:0000D708 00000008 C=BSS      S=.bss     G=DGROUP   M=HelpIntfs ACBP=A9
 0002:0000D710 00000004 C=BSS      S=.bss     G=DGROUP   M=WinSpool ACBP=A9
 0002:0000D714 00000004 C=BSS      S=.bss     G=DGROUP   M=Printers ACBP=A9
 0002:0000D718 00000034 C=BSS      S=.bss     G=DGROUP   M=FlatSB   ACBP=A9
 0002:0000D74C 00000004 C=BSS      S=.bss     G=DGROUP   M=StdCtrls ACBP=A9
 0002:0000D750 00000004 C=BSS      S=.bss     G=DGROUP   M=RegStr   ACBP=A9
 0002:0000D754 00000004 C=BSS      S=.bss     G=DGROUP   M=WinInet  ACBP=A9
 0002:0000D758 00000004 C=BSS      S=.bss     G=DGROUP   M=UrlMon   ACBP=A9
 0002:0000D75C 00000004 C=BSS      S=.bss     G=DGROUP   M=ShlObj   ACBP=A9
 0002:0000D760 00000004 C=BSS      S=.bss     G=DGROUP   M=CommDlg  ACBP=A9
 0002:0000D764 00000004 C=BSS      S=.bss     G=DGROUP   M=ExtCtrls ACBP=A9
 0002:0000D768 00000004 C=BSS      S=.bss     G=DGROUP   M=Dlgs     ACBP=A9
 0002:0000D76C 00000038 C=BSS      S=.bss     G=DGROUP   M=Dialogs  ACBP=A9
 0002:0000D7A4 0000000C C=BSS      S=.bss     G=DGROUP   M=Clipbrd  ACBP=A9
 0002:0000D7B0 00000004 C=BSS      S=.bss     G=DGROUP   M=StrUtils ACBP=A9
 0002:0000D7B4 00000004 C=BSS      S=.bss     G=DGROUP   M=StdActns ACBP=A9
 0002:0000D7B8 00000010 C=BSS      S=.bss     G=DGROUP   M=WinHelpViewer ACBP=A9
 0002:0000D7C8 00000080 C=BSS      S=.bss     G=DGROUP   M=Controls ACBP=A9
 0002:0000D848 00000004 C=BSS      S=.bss     G=DGROUP   M=ActnList ACBP=A9
 0002:0000D84C 00000004 C=BSS      S=.bss     G=DGROUP   M=ImgList  ACBP=A9
 0002:0000D850 00000010 C=BSS      S=.bss     G=DGROUP   M=Menus    ACBP=A9
 0002:0000D860 00000020 C=BSS      S=.bss     G=DGROUP   M=Forms    ACBP=A9
 0002:0000D880 00000004 C=BSS      S=.bss     G=DGROUP   M=RichEdit ACBP=A9
 0002:0000D884 00000004 C=BSS      S=.bss     G=DGROUP   M=ToolWin  ACBP=A9
 0002:0000D888 00000004 C=BSS      S=.bss     G=DGROUP   M=ComStrs  ACBP=A9
 0002:0000D88C 00000030 C=BSS      S=.bss     G=DGROUP   M=Buttons  ACBP=A9
 0002:0000D8BC 00000004 C=BSS      S=.bss     G=DGROUP   M=ExtDlgs  ACBP=A9
 0002:0000D8C0 00000004 C=BSS      S=.bss     G=DGROUP   M=IniFiles ACBP=A9
 0002:0000D8C4 00000004 C=BSS      S=.bss     G=DGROUP   M=Registry ACBP=A9
 0002:0000D8C8 00000004 C=BSS      S=.bss     G=DGROUP   M=Mapi     ACBP=A9
 0002:0000D8CC 00000009 C=BSS      S=.bss     G=DGROUP   M=ExtActns ACBP=A9
 0002:0000D8D8 00000004 C=BSS      S=.bss     G=DGROUP   M=ListActns ACBP=A9
 0002:0000D8DC 00000010 C=BSS      S=.bss     G=DGROUP   M=ComCtrls ACBP=A9
 0002:0000D8EC 00000004 C=BSS      S=.bss     G=DGROUP   M=ChildFrm ACBP=A9
 0002:0000D8F0 00000004 C=BSS      S=.bss     G=DGROUP   M=CheckBinaryDfmFrm ACBP=A9
 0002:0000D8F4 00000004 C=BSS      S=.bss     G=DGROUP   M=MaskUtils ACBP=A9
 0002:0000D8F8 00000004 C=BSS      S=.bss     G=DGROUP   M=Mask     ACBP=A9
 0002:0000D8FC 00000004 C=BSS      S=.bss     G=DGROUP   M=Grids    ACBP=A9
 0002:0000D900 00000004 C=BSS      S=.bss     G=DGROUP   M=Outline  ACBP=A9
 0002:0000D904 00000004 C=BSS      S=.bss     G=DGROUP   M=DirOutln ACBP=A9
 0002:0000D908 00000004 C=BSS      S=.bss     G=DGROUP   M=FileCtrl ACBP=A9
 0002:0000D90C 00000008 C=BSS      S=.bss     G=DGROUP   M=DirSearchFrm ACBP=A9
 0002:0000D914 00000008 C=BSS      S=.bss     G=DGROUP   M=ExplorerFrm ACBP=A9
 0002:0000D91C 0000000C C=BSS      S=.bss     G=DGROUP   M=Variables ACBP=A9
 0002:0000D928 00000008 C=BSS      S=.bss     G=DGROUP   M=Unit2    ACBP=A9
 0002:0000D930 00000008 C=BSS      S=.bss     G=DGROUP   M=Unit1    ACBP=A9
 0002:0000D938 00000008 C=BSS      S=.bss     G=DGROUP   M=UPointerTestFrm ACBP=A9
 0002:0000D940 00000008 C=BSS      S=.bss     G=DGROUP   M=testTreeView ACBP=A9
 0002:0000D948 00000014 C=BSS      S=.bss     G=DGROUP   M=InheritTestFrm ACBP=A9
 0002:0000D95C 0000000C C=BSS      S=.bss     G=DGROUP   M=UMessageTestFrm ACBP=A9
 0002:0000D968 00000004 C=BSS      S=.bss     G=DGROUP   M=Util     ACBP=A9
 0002:0000D96C 00000008 C=BSS      S=.bss     G=DGROUP   M=ReNameFrm ACBP=A9
 0002:0000D974 00000008 C=BSS      S=.bss     G=DGROUP   M=MainFrm  ACBP=A9
 0002:0000D97C 00000004 C=BSS      S=.bss     G=DGROUP   M=NewChildFrm ACBP=A9


  Address         Publics by Name

 0001:000371EC       ..
 0002:000012CC       ..
 0001:000372B4       ..
 0002:000011FC       ..
 0002:0000BACC       ..
 0001:00036DE0       ..
 0002:000011A0       ..
 0001:000358CC       ..
 0002:00001210       ..
 0002:00009ACC       ..
 0002:00001568       ..
 0001:0003AD1C       ..
 0002:00001228       ..
 0002:0000143C       ..
 0002:0000127C       ..
 0002:00001208       ..
 0002:0000D76C       .01
 0002:00009A94       .03
 0002:00009ABC       .1
 0002:0000D888       .1
 0002:0000D880       .1
 0002:00009A30       .1
 0002:0000D968       .1
 0002:00009780       .1
 0002:0000D768       .1
 0002:0000D6F0       .1
 0002:0000D704       .1
 0002:0000971C       .1
 0002:0000D75C       .1
 0002:0000D658       .1
 0002:0000D738       .1
 0002:0000D760       .1
 0002:00009724       .1
 0002:0000D7B0       .1
 0002:00009AAC       .1
 0002:0000D6C4       .1
 0002:0000D7C0       .1
 0002:0000D8C8       .1
 0002:00009744       .1
 0002:00009A80       .1
 0002:0000D924       .1
 0002:0000D750       .1
 0002:0000C778       .1
 0002:00009A98       .1
 0002:0000C75C       .1
 0002:0000D754       .1
 0002:0000C358       .1
 0002:0000D758       .1
 0002:000098A8       .1
 0002:000098A4       .1
 0002:0000D8FC       .11
 0002:0000D764       .12
 0002:0000D660       .12
 0002:0000D93C       .2
 0002:0000D944       .2
 0002:0000D934       .2
 0002:0000D92C       .2
 0002:0000D918       .2
 0002:0000D708       .2
 0002:0000D964       .2
 0002:00009AC4       .2
 0002:0000D7A8       .2
 0002:0000D910       .2
 0002:0000D6BC       .2
 0002:0000D970       .2
 0002:0000C7D0       .2
 0002:0000D978       .2
 0002:0000C7D4       .2
 0002:0000D97C       .2
 0002:0000D904       .2
 0002:0000D8EC       .2
 0002:0000D8F4       .2
 0002:0000D8F0       .2
 0002:0000D6C0       .21
 0002:0000C7FC       .21
 0002:0000D84C       .3
 0002:00009AC0       .3
 0002:00009A38       .3
 0002:00009728       .3
 0002:0000D8BC       .3
 0002:0000C77C       .3
 0002:0000C7CC       .3
 0002:0000C7C8       .3
 0002:0000D710       .3
 0002:0000D714       .3
 0002:00009A44       .35
 0002:0000D8DC       .36
 0002:0000D884       .4
 0002:00009A8C       .4
 0002:0000D88C       .4
 0002:00009A9C       .4
 0002:0000D868       .41
 0002:0000D74C       .42
 0002:0000D8C4       .5
 0002:0000D8F8       .5
 0002:00009A84       .5
 0002:0000D958       .5
 0002:000095BC       .5
 0002:0000D908       .5
 0002:0000D900       .6
 0002:00009A34       .6
 0002:000098CC       .61
 0002:0000D7B4       .63
 0002:0000C780       .7
 0002:0000D7D0       .72
 0002:0000D8CC       .72
 0002:0000D8C0       .8
 0002:0000D8D8       .8
 0002:0000D848       .8
 0002:0000D858       .9
 0002:00009894       .94
 0001:00001D64       @AbstractError
 0001:000044F4       @AddRefArray
 0001:000044C4       @AddRefRecord
 0001:00002D54       @AfterConstruction
 0001:00002B48       @AsClass
 0001:000037C8       @Assert
 0001:000021D0       @AStrCmp
 0001:00002D64       @BeforeDestruction
 0001:000028D8       @BoundErr
 0001:00002B94       @CallDynaInst
 0001:00005818       @CheckAutoResult
 0001:00002CFC       @ClassCreate
 0001:00002D4C       @ClassDestroy
 0001:0000209C       @Close
 0001:00001984       @Copy
 0001:000046D0       @CopyArray
 0001:000045B4       @CopyRecord
 0001:00037C60       @deflateInit2_
 0001:00004954       @DispCallByIDError
 0001:000047D8       @Dispose
 0001:000032A4       @DoneExcept
 0001:000050B8       @DynArrayAddRef
 0001:00005090       @DynArrayAsg
 0001:00005054       @DynArrayClear
 0001:00004F40       @DynArrayCopy
 0001:00004F60       @DynArrayCopyRange
 0001:00004D80       @DynArrayHigh
 0001:00004D78       @DynArrayLength
 0001:00004F34       @DynArraySetLength
 0001:0000338C       @ExceptionHandler
 0001:00002240       @FillChar
 0001:00036EAC       @fill_fopen_filefunc
 0001:000044B8       @Finalize
 0001:000043CC       @FinalizeArray
 0001:00004398       @FinalizeRecord
 0001:00002BAC       @FindDynaInst
 0001:00002090       @Flush
 0001:000028CC       @FpuInit
 0001:00002808       @FpuMaskInit
 0001:00001784       @FreeMem
 0001:00001764       @GetMem
 0001:00005DA0       @GetTls
 0001:000373E4       @get_crc_table
 0001:000037B0       @Halt
 0001:000036D8       @Halt0
 0001:00002E78       @HandleAnyException
 0001:00003164       @HandleAutoException
 0001:0000312C       @HandleFinally
 0001:00002FA4       @HandleOnException
 0001:00039354       @inflateInit2_
 0001:00038D9C       @inflate_fast
 0001:0003A8AC       @inflate_table
 0001:00005DEC       @InitExe
 0001:0000438C       @Initialize
 0001:000042F8       @InitializeArray
 0001:000042C8       @InitializeRecord
 0001:0000359C       @InitImports
 0001:00003574       @InitResStringImports
 0001:00001AB0       @Insert
 0001:00001D14       @INT
 0001:0000577C       @IntfAddRef
 0001:00005750       @IntfCast
 0001:0000570C       @IntfClear
 0001:00005724       @IntfCopy
 0001:00002B24       @IsClass
 0001:000027D8       @isNECWindows
 0001:000019C8       @LGetDir
 0001:00003D38       @LStrAddRef
 0001:00003890       @LStrArrayClr
 0001:000038C0       @LStrAsg
 0001:00003B58       @LStrCat
 0001:00003B9C       @LStrCat3
 0001:00003C10       @LStrCatN
 0001:0000386C       @LStrClr
 0001:00003C94       @LStrCmp
 0001:00003DA8       @LStrCopy
 0001:00003DE8       @LStrDelete
 0001:00003AE4       @LStrFromArray
 0001:00003A4C       @LStrFromChar
 0001:00003A6C       @LStrFromPChar
 0001:0000395C       @LStrFromPCharLen
 0001:00003A9C       @LStrFromPWChar
 0001:000039C0       @LStrFromPWCharLen
 0001:00003AD8       @LStrFromString
 0001:00003AFC       @LStrFromWArray
 0001:00003A5C       @LStrFromWChar
 0001:00003B18       @LStrFromWStr
 0001:00003E30       @LStrInsert
 0001:00003904       @LStrLAsg
 0001:00003B50       @LStrLen
 0001:00003F38       @LStrOfChar
 0001:00003E8C       @LStrPos
 0001:00003ED4       @LStrSetLength
 0001:00003D48       @LStrToPChar
 0001:00003B2C       @LStrToString
 0001:000047C4       @New
 0001:00003930       @NewAnsiString
 0001:00003F94       @NewWideString
 0001:00001CC4       @Pos
 0001:000024F0       @Pow10
 0001:0000214C       @PStrCmp
 0001:00002124       @PStrCpy
 0001:000020F4       @PStrNCat
 0001:00002130       @PStrNCpy
 0001:00003250       @RaiseAgain
 0001:00003228       @RaiseExcept
 0001:00002260       @RandInt
 0001:000017A4       @ReallocMem
 0001:00001DD8       @RewritText
 0001:00001D34       @ROUND
 0001:000037BC       @RunError
 0001:000024D4       @SetEq
 0001:00001D04       @SetLength
 0001:00001A40       @SGetDir
 0001:00003534       @StartExe
 0001:00000350       @strlen
 0001:00001D40       @TRUNC
 0001:000032D4       @TryFinallyExit
 0001:00003DA0       @UniqueStringA
 0001:00004B54       @ValInt64
 0001:0000227C       @ValLong
 0001:0000494C       @VarAddRef
 0001:00004874       @VarClear
 0001:00004944       @VarClr
 0001:00004928       @VarCmpEQ
 0001:0000487C       @VarCopy
 0001:000048E8       @VarFromBool
 0001:00004900       @VarFromCurr
 0001:00004920       @VarFromDisp
 0001:000048CC       @VarFromInt
 0001:000048D4       @VarFromInt64
 0001:00004918       @VarFromIntf
 0001:00004908       @VarFromLStr
 0001:000048F0       @VarFromReal
 0001:000048F8       @VarFromTDateTime
 0001:00004910       @VarFromWStr
 0001:00004934       @VarNeg
 0001:0000493C       @VarNot
 0001:00004894       @VarToBool
 0001:000048A4       @VarToCurr
 0001:000048C4       @VarToDisp
 0001:00004884       @VarToInt
 0001:0000488C       @VarToInt64
 0001:000048BC       @VarToIntf
 0001:000048AC       @VarToLStr
 0001:0000489C       @VarToReal
 0001:000048B4       @VarToWStr
 0001:00003F64       @Write0LString
 0001:0000238C       @WriteBytes
 0001:0000245C       @WriteLn
 0001:00003F6C       @WriteLString
 0001:000023E0       @WriteSpaces
 0001:000042A8       @WStrAddRef
 0001:00003FD4       @WStrArrayClr
 0001:00003FF8       @WStrAsg
 0001:00004134       @WStrCat
 0001:00003FBC       @WStrClr
 0001:00004194       @WStrCmp
 0001:00004218       @WStrCopy
 0001:00004108       @WStrFromLStr
 0001:0000401C       @WStrFromPCharLen
 0001:000040CC       @WStrFromPWChar
 0001:000040A8       @WStrFromPWCharLen
 0001:00004128       @WStrLen
 0001:00004264       @WStrSetLength
 0001:00004118       @WStrToPWChar
 0001:000024B0       @_CLenToPasStr
 0001:000024A4       @_CToPasStr
 0001:0000191C       @_IOTest
 0001:00004980       @_lldiv
 0001:00004A48       @_llmod
 0001:0000495C       @_llmul
 0001:00004B14       @_llshl
 0001:000049FC       @_lludiv
 0001:00004AC4       @_llumod
 0001:00004B34       @_llushr
 0001:0003BF1C       @_tr_align
 0001:0003C1E8       @_tr_flush_block
 0001:0003AD20       @_tr_init
 0001:0003BE60       @_tr_stored_block
 0001:0000DE84       Abort
 0002:0000C92D       AbortOperation
 0001:00098BF0       AbsMin
 0001:0000E244       AbstractErrorHandler
 0002:0000902C       AbstractErrorProc
 0002:00000160       AccessMode
 0001:0006DB2C       AccessViolationModuleInLongFormat
 0001:0000186C       AcquireExceptionObject
 0001:000646D0       ActicatePage
 0001:0001C0B4       ActivateClassGroup
 0002:0000C974       ActivateEurekaLog
 0001:0000664C       ActivateKeyboardLayout
 0002:0000D804       ActiveDrag
 0001:00019B0C       ActiveX
 0001:000A7CE4       ActnList
 0001:000E7C48       AddAListItem
 0001:0003F808       AddAuthenticationToURL
 0001:0000047C       AddBlockAfter
 0001:000742F4       AddCallerCallStack
 0001:00068618       AddColor
 0001:0006016C       AddCustomHeadersToLog
 0001:00060010       AddCustomHeaderToLog
 0002:000005B8       AddDataModule
 0001:0003469C       AddDNS
 0001:000E1D54       AddDrive
 0001:00009D90       AddExitProc
 0001:00020164       AddFinished
 0001:000AB074       AddIn
 0002:00009740       AddLeak
 0001:0005ED2C       AddModule
 0001:0005EC28       AddModuleFromFileName
 0001:000055B0       AddModuleUnloadProc
 0001:000055A0       AddModuleUnloadProc
 0001:00058CD8       AddNewProcess
 0001:000590A0       AddNewProcessEx
 0001:0002019C       AddNotFinished
 0001:000328C8       AddrSize
 0001:0006CE30       AddStr
 0001:00024C50       AddThread
 0001:0005EDCC       AddToStack
 0001:00047864       AddValueField
 0001:000356E4       AddZipFile
 0001:0007FA6C       AdjustColor
 0001:000925D4       AdjustColors
 0001:00064620       AdjustDialog
 0001:00061AAC       AdjustFlatStyle
 0001:000B27B4       Adjustment
 0001:00006654       AdjustWindowRectEx
 0001:00036EE4       adler32
 0001:000691E8       AfterScreenshot
 0001:00068F0C       AfterScreenshotToStream
 0002:000077D8       Alignments
 0002:000074E8       Alignments
 0002:000077C8       Alignments
 0002:000073E8       Alignments
 0002:00007988       AlignStyles
 0001:0009E27C       AlignWork
 0001:000B9620       AlignWork
 0002:0000D91C       AllFormsList
 0002:0000975C       AllocatedList_End
 0002:00009754       AllocatedList_Lock
 0002:00009758       AllocatedList_Start
 0001:00026438       AllocateHWnd
 0001:00009D44       AllocMem
 0002:000095B4       AllocMemCount
 0002:000095B8       AllocMemSize
 0001:00084DF4       AllocPatternBitmap
 0001:00005D48       AllocTlsBuffer
 0002:0000D920       AllTsofPageControl
 0002:000057BC       AlphaNumerics
 0001:00023700       AncestorValid
 0002:000075B4       AnchorAlign
 0002:000075A8       AnimateWindowProc
 0002:000076B0       AnimationStyle
 0001:0000EA6C       AnsiCompareFileName
 0001:00009F70       AnsiCompareStr
 0001:00009FA8       AnsiCompareText
 0001:0000A568       AnsiLastChar
 0001:0000665C       AnsiLower
 0001:00009F3C       AnsiLowerCase
 0001:0000EAEC       AnsiLowerCaseFileName
 0001:0000EA34       AnsiPos
 0001:000AF758       AnsiSameCaption
 0001:00009FE0       AnsiSameText
 0001:00009FF8       AnsiStrLIComp
 0001:0000EC04       AnsiStrPos
 0001:0000ECA4       AnsiStrRScan
 0001:0000ECCC       AnsiStrScan
 0001:00005BA4       AnsiToUtf8
 0001:00009F08       AnsiUpperCase
 0001:0000EB78       AnsiUpperCaseFileName
 0001:000159D8       AnyOp
 0001:00014E84       AnyToIntf
 0001:0000C468       AppendChars
 0001:0000C82C       AppendFormat
 0001:0000C4CC       AppendNumber
 0001:0000C4AC       AppendString
 0002:0000D860       Application
 0002:000005C8       ApplicationHandleException
 0001:0005F53C       ApplicationRestore
 0002:000005D0       ApplicationShowException
 0002:0000790C       AppVisible
 0001:00007928       AreTheSameLeak
 0002:00007A54       Arrangements
 0002:00007B0C       ArrowKey
 0001:0005DB3C       ASMAssigned
 0002:00001074       AsmConst
 0001:0006D8F8       ASPDotNetWebSiteFile
 0001:00063048       AssemblerDialogProc
 0001:00054618       AssemblerToRTF
 0001:0000E228       AssertErrorHandler
 0002:00009024       AssertErrorProc
 0001:000191A4       AssignLongStr
 0001:00066B00       AssignOnCloseData
 0001:00060A2C       AssignPriority
 0001:00031C24       AssignValidDebugInfo
 0001:00019820       AssignVariant
 0001:0006A094       AttachedFile
 0001:0006A32C       AttachedFiles
 0002:0000C7F0       AttachedFilesRequest
 0002:00007B24       Attributes
 0001:0006FF74       AttrToString
 0002:00007A5C       AutoArrange
 0002:0000C978       AutoCloseTimer
 0001:0005FEE4       AutoCloseTimerProc
 0002:00007A0C       AutoExpandStyles
 0002:00009608       avail
 0001:0000AA40       BackfillGetDiskFreeSpaceEx
 0001:0009B76C       BackgroundClipped
 0001:0003DB70       Base64Decode
 0001:0003DC6C       Base64DecodeStr
 0001:0003DCD0       Base64DecodeString
 0001:0003DA54       Base64Encode
 0001:00069C3C       Base64EncodeFromFile
 0001:0003DC24       Base64EncodeStr
 0001:0003DCC8       Base64EncodeString
 0001:0003DCD8       Base64EncodeToString
 0002:00002228       Base64Filler
 0002:00000454       BaseTypeMap
 0001:0000E704       Beep
 0001:0001C488       BeginGlobalLoading
 0001:00006664       BeginPaint
 0001:00003820       BeginThread
 0001:0007FA78       BetterSize
 0001:000ABE58       BiDiDraw
 0001:0002B868       BinToStr
 0001:000063C4       BitBlt
 0002:00007914       BitBtnCaptions
 0002:0000D890       BitBtnGlyphs
 0002:00007390       BitmapCanvasList
 0002:0000D678       BitmapImageLock
 0002:0000060C       BlockCode
 0002:000095E0       blockDescBlockList
 0002:000095E4       blockDescFreeList
 0001:0006C9C0       BlockingSendInternetMessage
 0002:000000AC       BlockOverFoot
 0002:000000A8       BlockOverHead
 0002:000005AC       BooleanIdents
 0001:000141F4       BoolToWStrViaOS
 0002:000079C4       BorderStyles
 0002:00007A34       BorderStyles
 0002:000074E0       BorderStyles
 0002:000073E0       BorderStyles
 0002:00007854       BorderStyles
 0001:00005EA4       Bounds
 0001:0001B3D0       Bounds
 0002:00007770       Breaks
 0002:0000D6B0       BrushManager
 0001:000D4760       Build
 0001:000AE568       BuildImage
 0001:00059334       BuildListPS
 0001:000591FC       BuildListTH
 0002:00007550       ButtonCaptions
 0002:00007524       ButtonNames
 0002:000077EC       Buttons
 0001:000BC618       Buttons
 0002:00007484       ButtonStyles
 0002:000079DC       ButtonStyles
 0002:0000D778       ButtonWidths
 0002:00006AE0       ByteRegs1
 0002:00006AE4       ByteRegs2
 0001:00068780       BytesPerScanline
 0001:0007F258       BytesPerScanline
 0001:000681C4       BytesSwap
 0001:0007F5B0       ByteSwapColors
 0001:0000E7E8       ByteToCharIndex
 0001:0000E7C0       ByteToCharLen
 0001:0000E784       ByteType
 0001:0000E70C       ByteTypeTest
 0002:0000CB70       Cached_LogFile
 0002:000079BC       cAddMode
 0001:00078038       CalcAddr
 0001:000D7838       CalcAxis
 0001:000D6B10       CalcAxis
 0001:000D6D54       CalcAxisState
 0001:000681F4       CalcCRC
 0001:0003DA14       CalcDecodedSize
 0001:0005BD44       CalcDuplicatedException
 0001:0003D9E8       CalcEncodedSize
 0001:000D6B9C       CalcFixedAxis
 0001:00026374       CalcJmpOffset
 0001:000D6CB0       CalcMaxCell
 0001:000D8C6C       CalcPageExtents
 0001:000D8568       CalcScroll
 0001:000D7BD0       CalcScrollBar
 0001:000D88CC       CalcSizeInfo
 0001:000A5CD4       CalcSplitterPos
 0001:00032C20       CalculateRelocatedAsmSize
 0001:0005CD58       CallAttachedFilesRequest
 0001:0005CDC8       CallAttachedFilesRequestEvents
 0001:0005CEFC       CallCustomButtonClickEvent
 0001:0005CF68       CallCustomButtonClickEvents
 0001:0005CC88       CallCustomDataRequest
 0001:0005CCF8       CallCustomDataRequestEvents
 0001:0005CE2C       CallCustomWebFieldsRequest
 0001:0005CE9C       CallCustomWebFieldsRequestEvents
 0001:00006F78       CallerOfReallocMem
 0001:0005C98C       CallExceptionActionNotify
 0001:00070870       CallExceptionActionNotify_atSavedLogFile
 0001:0007084C       CallExceptionActionNotify_atSavingLogFile
 0001:0006B7B4       CallExceptionActionNotify_atSendingEmail
 0001:0006B7FC       CallExceptionActionNotify_atSendingWebMessage
 0001:0006B7D8       CallExceptionActionNotify_atSentEmail
 0001:0006B820       CallExceptionActionNotify_atSentWebMessage
 0001:00070BEC       CallExceptionActionNotify_atShowedExceptionInfo
 0001:00070BC8       CallExceptionActionNotify_atShowingExceptionInfo
 0001:00067AE4       CallExceptionActionNotify_atTerminating
 0001:0005CB00       CallExceptionErrorNotify
 0001:00070894       CallExceptionErrorNotify_atSavedLogFile
 0001:0006B844       CallExceptionErrorNotify_atSentEmail
 0001:0006B868       CallExceptionErrorNotify_atSentWebMessage
 0001:0005C794       CallExceptionNotify
 0001:0005C800       CallExceptionNotifyEvents
 0002:00006B00       CallForGetLogText
 0002:00006AFC       CallFromCOMObject
 0001:0005C864       CallHandledExceptionNotify
 0001:0005C8D0       CallHandledExceptionNotifyEvents
 0001:0005CD04       CallModuleEvent_AttachedFilesRequest
 0001:0005CEA8       CallModuleEvent_CustomButtonClickNotify
 0001:0005CC34       CallModuleEvent_CustomDataRequest
 0001:0005CDD4       CallModuleEvent_CustomWebFieldsRequest
 0001:0005C8DC       CallModuleEvent_ExceptionActionNotify
 0001:0005CA54       CallModuleEvent_ExceptionErrorNotify
 0001:0005C744       CallModuleEvent_ExceptionNotify
 0001:0005C80C       CallModuleEvent_HandledExceptionNotify
 0001:0005CF74       CallModuleEvent_PasswordRequest
 0001:0000666C       CallNextHookEx
 0001:0005CBC8       CallPasswordRequest
 0001:0005F1BC       CallStackByAddresses
 0001:00063560       CallStackDialogProc
 0001:0000F4CC       CallTerminateProcs
 0001:00006674       CallWindowProc
 0001:00070C10       CallWriteIntraWebText
 0001:00076BB8       Call_HookedExceptionObject
 0001:0007691C       Call_HookedRaise
 0001:00076BE4       Call_HookedRtlUnwind
 0001:00067D4C       CalsCoordinates
 0002:0000C92E       CanAttachScreenshot
 0002:0000C929       CanAttachScreenshot_Show
 0001:00099C10       CancelDrag
 0002:0000C92F       CanCopy
 0002:0000C92A       CanCopy_Show
 0001:0005D920       CanExit
 0002:0000C8F1       CanHookLibraries
 0002:00007024       CannotProcessMessagesExceptions
 0002:00007070       CannotShowDialog
 0002:0000CAF4       CannotUseThread
 0001:00074368       CanPauseThisThread
 0002:0000C928       CanSendError_Show
 0002:0000C92C       CanSendMessage
 0001:00077EE8       CanShowHandledExceptionEx
 0002:0000C92B       CanSupport_Show
 0002:0000D6B4       CanvasList
 0002:0000D818       CanvasList
 0002:0000CBA0       CaptionFontName
 0002:000074FC       Captions
 0002:0000CDDC       CAPTION_HEIGHT
 0002:0000766C       CaptureControl
 0001:000D4D34       CaretPos
 0002:0000222C       cBase64Codec
 0002:000021E8       cBase64Codec
 0002:00007710       cBooleanToItemAutoFlag
 0002:000004D4       CBooleanToRelationship
 0001:000614EC       CenterOnActiveWndMonitor
 0001:00005EC0       CenterPoint
 0001:0005FE68       CenterWindow
 0002:0000D7A6       CF_COMPONENT
 0002:0000D7A4       CF_PICTURE
 0002:0000C8AC       CGIHandleException
 0002:0000C858       CGIOutputFile
 0002:000098C4       ChangeAnyProc
 0001:000981C8       ChangeBiDiModeAlignment
 0001:0000A5E8       ChangeFileExt
 0001:0007A234       ChangeFinalizationOrder
 0001:00066A74       ChangeLogUserEmail
 0002:00007438       CharCases
 0002:00007408       CharCases
 0001:0000398C       CharFromWChar
 0001:0000E9BC       CharLength
 0001:0000667C       CharLowerBuff
 0001:000002B0       CharNext
 0001:00006684       CharNext
 0002:00005800       chars
 0001:0007D724       CharsetToIdent
 0001:0000E8D0       CharToByteIndex
 0001:0000E934       CharToByteLen
 0001:0000668C       CharUpperBuff
 0001:00001958       ChDir
 0001:0000196C       ChDir
 0001:000D166C       CheckBinaryDfmFrm
 0001:00080040       CheckBool
 0001:000C3470       CheckCommonControl
 0001:0007AB68       CheckCrc32
 0001:0002A924       CheckDirectoryExists
 0001:0003F774       CheckError
 0001:000331FC       CheckFail
 0001:00079F24       CheckForMemoryLeaks
 0001:0005A9BC       CheckForResult
 0001:0002A6FC       CheckIntoIDE
 0001:00002DF4       CheckJmp
 0001:00035090       CheckLibrary
 0001:00053660       CheckMagicCode
 0001:00006694       CheckMenuItem
 0001:00007668       CheckOurPointer
 0002:00007760       Checks
 0001:00024CFC       CheckSynchronize
 0001:000B21D0       CheckTaskWindow
 0001:0001645C       CheckType
 0001:00015A64       CheckType
 0001:000998C4       CheckUndock
 0001:0000E6E4       CheckWin32Version
 0001:000D1634       ChildFrm
 0001:0000669C       ChildWindowFromPoint
 0002:0000046C       CInvalidCustomVariantType
 0002:00007714       cItemAutoFlagToBoolean
 0002:0000770C       cItemAutoFlagToMenu
 0001:000265BC       Classes
 0001:0001BE78       ClassNotFound
 0002:000098C0       ClearAnyProc
 0001:0007CFB4       ClearColor
 0001:0005755C       ClearInternalError
 0001:000184DC       ClearVariantTypeList
 0002:0000CD45       ClickLinkActive
 0001:0004ACE4       ClickOnSign
 0001:000066A4       ClientToScreen
 0001:000A3278       ClientToWindow
 0001:00094D24       Clipboard
 0002:00007388       ClipboardFormats
 0001:00094DDC       Clipbrd
 0001:00055A40       CloneObject
 0001:000066AC       CloseClipboard
 0001:00000250       CloseHandle
 0001:00005F7C       CloseHandle
 0001:0005BD28       CloseLogFile
 0001:00069FB8       CloseSendDialog
 0001:00032058       closesocket
 0001:000358A4       CloseZipFile
 0002:0000C8B4       CLXHandleException
 0002:0000C8B8       CLXShowException
 0002:00009040       CmdLine
 0002:0000903C       CmdShow
 0002:00007708       cMenuAutoFlagToItem
 0002:000004E0       CmpTypeMap
 0002:00007A24       Codes
 0002:00007AB0       Codes
 0002:00007098       ColIdx
 0001:0001C744       CollectionsEqual
 0002:00007108       Colors
 0001:0007D51C       ColorToIdent
 0001:0007D50C       ColorToRGB
 0002:00007A84       ColumnClicks
 0002:0000CD78       ColWidths
 0001:000063CC       CombineRgn
 0002:00007AE0       ComboBoxExStyles
 0002:00007424       ComboBoxStyles
 0002:00007AEC       ComboExStyles
 0002:0000D6C8       ComCtl32DLL
 0002:0000D8E8       ComCtlVersion
 0001:000D1368       ComCtrls
 0002:0000D85C       CommandPool
 0001:00085B30       CommCtrl
 0001:0009064C       CommDlg
 0001:0000075C       Commit
 0002:00009624       committedRoot
 0001:00068E50       CommonSaveToStream
 0001:0005DE0C       CompareEurekaFunctions
 0001:000D4ACC       CompareExtents
 0001:000AA658       CompareFront
 0001:00009E70       CompareMem
 0001:000587A4       CompareModulesFunctions
 0001:00058B30       CompareProcessesFunctions
 0001:00009E40       CompareStr
 0001:00005F84       CompareString
 0001:00009E90       CompareText
 0001:0006ED50       CompleteIP
 0001:000415F4       CompleteNumber
 0001:00053C00       CompleteStr
 0001:00046A7C       CompleteStr
 0001:0006FFD0       CompleteString
 0001:00029298       CompleteVersion
 0001:00020B84       ComponentCreated
 0001:0003CCA0       Compress
 0001:000372A0       compressBound
 0001:0007FE10       ComputeAldusChecksum
 0001:000554FC       ComputerName
 0001:0002D30C       ComputerName
 0001:000BC540       ComStrs
 0001:00032084       connect
 0001:0007BCB4       Consts
 0001:000852F4       Contnrs
 0002:0000D7D6       ControlAtom
 0002:0000D7DC       ControlAtomString
 0001:000B6F98       ControlHasHelp
 0001:000A6970       Controls
 0001:0000DC34       ConvertAddr
 0001:00007268       ConvertAddress
 0001:00029FCC       ConvertAddress
 0001:0000C5BC       ConvertEraString
 0001:00009D08       ConvertError
 0001:00009D20       ConvertErrorFmt
 0001:000CDA30       ConvertFlags
 0001:000CD8A0       ConvertMask
 0001:000461A8       ConvertNotDosText
 0001:0003E1D0       ConvertSpecialHTMLChars
 0001:000CDA54       ConvertStates
 0001:0000C724       ConvertYearString
 0001:00004D88       CopyArray
 0001:000822F0       CopyBitmap
 0001:000829B8       CopyBitmapAsMask
 0001:000063D4       CopyEnhMetaFile
 0001:00006C8C       CopyMemory
 0001:00082954       CopyPalette
 0001:000066B4       CopyRect
 0001:0005D268       CopyStrings
 0001:000AD614       CopyToBest
 0001:00008044       CountAllLeaks
 0001:0000E840       CountChars
 0002:0000D690       CounterLock
 0001:000643F4       CPUDialogProc
 0001:000549B4       CPUToRTF
 0002:00001FD4       Crc16Tab
 0001:000373F8       crc32
 0002:0000C35C       crc_table
 0002:000021D4       crc_table_computed
 0001:00068994       Create8bitBitmap
 0001:0000E16C       CreateAssertException
 0001:0000E2F4       CreateAVObject
 0001:000063DC       CreateBitmap
 0001:000063E4       CreateBrushIndirect
 0001:000063EC       CreateCompatibleBitmap
 0001:000063F4       CreateCompatibleDC
 0001:00020C04       CreateComponent
 0001:00006D7C       CreateDialogA
 0001:0005FAFC       CreateDialogFonts
 0001:000066BC       CreateDialogParamA
 0001:00006404       CreateDIBitmap
 0001:000063FC       CreateDIBSection
 0001:0000AB44       CreateDir
 0001:00005F8C       CreateDirectory
 0001:00005F94       CreateEvent
 0001:00060CFC       CreateExceptionReport
 0001:00005F9C       CreateFile
 0001:00000258       CreateFileA
 0001:00005FA4       CreateFileA
 0001:00005FAC       CreateFileMapping
 0001:0000640C       CreateFontA
 0001:00006414       CreateFontIndirect
 0001:0000641C       CreateFontIndirectA
 0001:00070C1C       CreateGeneralText
 0001:00006424       CreateHalftonePalette
 0001:00059D68       CreateHTMLByLayout
 0001:0005C330       CreateHTMLFile
 0001:000066C4       CreateIcon
 0001:0000E098       CreateInOutError
 0001:00061054       CreateLeakReport
 0001:00071E78       CreateLogText
 0001:000066CC       CreateMenu
 0001:00093F50       CreateMessageDialog
 0001:00034AC0       CreateMXQuery
 0001:000685B4       CreateOctreeNode
 0001:0000642C       CreatePalette
 0001:00006434       CreatePenIndirect
 0001:000066D4       CreatePopupMenu
 0001:00005FB4       CreateProcessA
 0001:0000643C       CreateRectRgn
 0001:00006444       CreateRectRgnIndirect
 0001:0000644C       CreateSolidBrush
 0001:0007F608       CreateSystemPalette
 0001:0005A140       CreateTemplateFile
 0001:000002B8       CreateThread
 0001:00005FBC       CreateThread
 0001:000611FC       CreateThreadStr
 0001:0006B2A0       CreateTmpLogFile
 0001:00056080       CreateVirtualFile
 0001:00006D48       CreateWindow
 0001:000066DC       CreateWindowEx
 0001:0005C3FC       CreateXMLLogCopy
 0001:0006B88C       CreateZIPFile
 0001:00035650       CreateZipFile
 0001:00079404       Create_EurekaLogUnitsList
 0002:000075AC       CreationControl
 0002:000074F4       CreationControl
 0002:00000598       CRelationshipToBoolean
 0002:00000F40       CriticalError
 0002:00007048       CriticalExceptObject
 0002:000074D0       CSHREDRAW
 0002:00000158       cSimpleBoolStrs
 0002:00000544       CText
 0002:000076A8       Ctl3DStyles
 0002:0000747C       Ctl3DStyles
 0001:000D4D00       Ctrl
 0002:0000961C       curAlloc
 0001:00016520       CurrCompare
 0002:0000978C       CurrencyDecimals
 0002:00009788       CurrencyFormat
 0002:00009784       CurrencyString
 0002:0000C8E0       CurrentAsmErrorLine
 0002:0000C8E8       CurrentAsmErrorText
 0002:0000C8EC       CurrentCPUErrorText
 0002:0000C97C       CurrentDialog
 0001:000780AC       CurrentEurekaLogOptions
 0002:0000C8E4       CurrentGeneralErrorText
 0002:0000C854       CurrentOptions
 0002:0000C994       CurrentProcessWindowsList
 0002:00007034       CurrentStackList
 0001:0000C454       CurrentYear
 0001:0001418C       CurrToWStrViaOS
 0002:00007890       CursorMap
 0002:000075BC       Cursors
 0001:000984C4       CursorToIdent
 0002:00007880       cUseAlpha
 0002:00007888       cUseColorKey
 0002:0000C7F8       CustomButtonClickNotify
 0002:0000C7EC       CustomDataRequest
 0002:0000C918       CustomExceptMessage
 0001:00079FB8       CustomHandler
 0002:00006B08       CustomSmtpHeloCommand
 0002:0000C7F4       CustomWebFieldsRequest
 0001:000E14F8       CutFirstDirectory
 0002:0000C760       CV
 0002:00000330       CVarTypeToElementInfo
 0002:00000198       CWNear
 0002:000074D8       Data
 0001:0000C3A4       Date
 0001:000164F8       DateCompare
 0001:00015B28       DateOp
 0002:0000978D       DateSeparator
 0001:00029810       DateTimeToStrFixed
 0001:0000CFBC       DateTimeToString
 0001:0000BF1C       DateTimeToTimeStamp
 0001:0000D0A0       DateToStr
 0001:000141C0       DateToWStrViaOS
 0001:0000C37C       DayOfWeek
 0002:0000C990       DbgSection
 0002:00000194       DCon10
 0002:00007104       DDBsOnly
 0001:000264EC       DeallocateHWnd
 0002:00000018       DebugHook
 0002:0000CAD0       DebugHook_Assigned
 0001:0006CE80       DebugToStr
 0002:0000978B       DecimalSeparator
 0001:00017E00       DecIndices
 0001:0000C2EC       DecodeDate
 0001:0000C1A0       DecodeDateFully
 0001:0002F188       DecodeNameString
 0001:0000C010       DecodeTime
 0001:000007F0       Decommit
 0001:00000E0C       DecommitFree
 0002:000095F8       decommittedRoot
 0001:0003D8EC       Decrypt
 0001:000B4CEC       Default
 0001:000BA1E4       Default
 0002:00000010       Default8087CW
 0002:00007B00       DefaultBlank
 0002:000075B0       DefaultDockTreeClass
 0001:000CC300       DefaultListViewSort
 0002:00000024       DefaultTextLineBreakStyle
 0001:000C59EC       DefaultTreeViewSort
 0002:00007358       DefBrushData
 0002:000070D8       DefFontData
 0001:000066E4       DefFrameProc
 0001:00038230       deflate
 0001:000384F4       deflateEnd
 0001:00037C44       deflateInit_
 0002:00000224       DefLongDayNames
 0002:000001D8       DefLongMonthNames
 0001:000066EC       DefMDIChildProc
 0002:00007338       DefPenData
 0002:00000208       DefShortDayNames
 0002:000001A8       DefShortMonthNames
 0001:000066F4       DefWindowProc
 0001:000066FC       DefWindowProcA
 0001:000050F4       DelayLoadResourceModule
 0001:000004AC       DeleteBlock
 0001:0000041C       DeleteCriticalSection
 0001:00005FC4       DeleteCriticalSection
 0001:00006454       DeleteDC
 0001:0000645C       DeleteEnhMetaFile
 0001:0006B9F8       DeleteExtraFiles
 0001:0000A52C       DeleteFile
 0001:00005FCC       DeleteFile
 0001:00005FD4       DeleteFileA
 0001:00058730       DeleteFileEx
 0001:00000C54       DeleteFree
 0001:00006704       DeleteMenu
 0001:00006464       DeleteObject
 0001:0008D8BC       DeleteSelectedText
 0001:000684C0       DeleteTree
 0001:000561EC       DeleteVirtualFile
 0002:000070B8       DeniedChars
 0001:00081EAC       DeselectBitmap
 0001:0000670C       DestroyCursor
 0001:0005FD44       DestroyDialogFonts
 0001:00006714       DestroyIcon
 0001:000BC548       DestroyLocals
 0001:0000671C       DestroyMenu
 0001:00006724       DestroyWindow
 0002:0000CDB8       DetailsActive
 0001:00061AEC       DetailsState
 0001:0000672C       DialogBoxParamA
 0001:00095990       DialogEnumerationTester
 0002:0000CDC4       DialogHeight
 0001:000947A0       Dialogs
 0002:0000CAE0       DialogType
 0002:00007394       DIBPalSizes
 0002:00000080       dig
 0002:00000F44       Digits
 0002:00007A9C       Directions
 0001:0000A414       DirectoryExists
 0001:000E3F7C       DirectoryExists
 0001:0005A11C       DirectoryExists
 0001:000E24D0       DirLevel
 0001:000DFBA8       DirOutln
 0002:0000D90C       DirSearchForm
 0001:000E45F0       DirSearchFrm
 0001:00008B24       DisableMemoryLeaksCheck
 0001:000B2024       DisableTaskWindows
 0001:00006734       DispatchMessage
 0001:000B8200       DispatchShortCut
 0002:00009000       DispCallByIDProc
 0001:00009CEC       DivMod
 0001:000934CC       Dlgs
 0001:0005F7B4       DlgTemplate
 0002:00009AB4       DllList
 0001:0009E10C       DoAlign
 0001:000B94D4       DoAlign
 0001:000D69A8       DoCalc
 0001:000A20AC       DoCalcConstraints
 0001:000D6A10       DoCalcRightToLeft
 0001:000D7198       DoChange
 0002:0000D80C       DockSiteList
 0001:000AE234       DoClick
 0001:000D5B80       DoColWidths
 0001:0009F794       DoControlMsg
 0001:000B1FD4       DoDisableWindow
 0001:000991F0       DoDragOver
 0001:00009D64       DoExitProc
 0001:000A3FA8       DoFindControlZone
 0001:000B2110       DoFindWindow
 0001:000A4534       DoFindZone
 0001:000A402C       DoForEach
 0001:000A5938       DoGetNextLimit
 0001:00008D10       Done
 0001:000336D0       Done
 0001:00034F20       Done
 0001:0007B48C       Done
 0001:0002D650       Done
 0001:000B1F9C       DoneApplication
 0001:000790D4       DoneCheckFreeze
 0001:000A6698       DoneControls
 0002:0000C8A8       DoneExcept
 0001:0007A1E8       DoneExceptAddr
 0001:0000E620       DoneExceptions
 0001:0003F1F8       DoneLib
 0001:000088B0       DoneShareMem
 0001:000B65F4       DoNestedActivation
 0001:000B9324       DoPosition
 0001:0009DCCC       DoPosition
 0001:000A4F60       DoPrune
 0001:00091ADC       DoRect
 0001:000D5BC4       DoRowHeights
 0001:000A5438       DoSaveZone
 0001:000A563C       DoSetNewBounds
 0001:000D5644       DoSizeAdjust
 0001:00029B54       DotNetHostedFile
 0001:0006D950       DotNetHostedFileHandle
 0001:0006D904       DotNetMainFile
 0002:00007058       DotNetMetadataFile
 0002:00007078       Dots
 0002:000005B4       DotSep
 0001:000D8838       DoUpdate
 0001:000A8DBC       DoWrite
 0001:0001E000       DoWrite
 0001:00080FFC       DoWrite
 0001:00080298       DoWrite
 0001:0009EE04       DoWriteDesignSize
 0001:0009C8A4       DoWriteIsControl
 0002:0000D7F0       DragCapture
 0002:0000D7E4       DragControl
 0001:00099938       DragDone
 0001:000991A0       DragFindTarget
 0001:00099174       DragFindWindow
 0002:0000D808       DragImageList
 0001:00099590       DragInit
 0001:00099700       DragInitControl
 0002:0000D7EC       DragInternalObject
 0001:000990D4       DragMessage
 0002:0000D7E8       DragObject
 0002:0000D814       DragSave
 0002:0000D7FC       DragSaveCursor
 0002:0000D7F4       DragStartPos
 0002:000079F4       DragStyles
 0002:0000D800       DragThreshold
 0001:000992C0       DragTo
 0001:000BA220       DrawAppIcon
 0001:000D5F00       DrawAxisLines
 0001:0004A4A8       DrawBmp
 0001:0004B02C       DrawBottom
 0001:000669C8       DrawButton
 0001:000D6178       DrawCells
 0001:0006685C       DrawClickHere
 0001:000A4ACC       DrawCloseButton
 0001:000667D4       DrawControl
 0001:0000673C       DrawEdge
 0001:000DD588       DrawFocusCell
 0001:00006744       DrawFocusRect
 0001:0004AFB8       DrawFrame
 0001:0000674C       DrawFrameControl
 0001:000A4B24       DrawGrabberLine
 0001:00006754       DrawIcon
 0001:0000675C       DrawIconEx
 0002:000076E4       DrawingStyles
 0001:0004B0D4       DrawItem
 0001:0004B080       DrawLine
 0001:000D60E8       DrawLines
 0001:00006764       DrawMenuBar
 0001:000AF574       DrawMenuItem
 0001:000DD72C       DrawPictureText
 0001:000DD620       DrawPlusMinusPicture
 0001:000DD7DC       DrawPlusMinusText
 0001:000649B0       DrawSupportLink
 0001:0000676C       DrawText
 0001:00006774       DrawTextA
 0001:000DD5D0       DrawTheText
 0001:000DD88C       DrawTheTree
 0001:000DD914       DrawTreePicture
 0001:0007F0D8       DupBits
 0002:0000C930       DuplicatedException
 0001:00005FDC       DuplicateHandle
 0001:00017DAC       DynArrayBounds
 0001:00004DA0       DynArrayClear
 0001:00017D24       DynArrayDim
 0001:00017D08       DynArrayElTypeInfo
 0001:00018200       DynArrayFromVariant
 0001:00017CC8       DynArrayIndex
 0001:00004DA8       DynArraySetLength
 0001:00017D3C       DynArraySize
 0001:00017EEC       DynArrayToVariant
 0001:00017E6C       DynArrayVariantBounds
 0001:00017EC4       DynArrayVarType
 0001:0003DD38       EBase64
 0001:00028F94       EConsts
 0001:0002D6A8       ECore
 0001:00031D84       EDebug
 0002:000077D0       EdgeStyle
 0002:0000746C       EdgeStyles
 0002:00007698       EdgeStyles
 0001:00052AE8       EDisAsm
 0002:00007A3C       EditStyles
 0002:000079E4       EditStyles
 0001:0003D9E0       EEncrypt
 0001:0003D68C       EHash
 0001:0000E06C       EHeapException.FreeInstance
 0001:000337CC       EHook
 0001:0004670C       ElaborateString
 0001:0003FA34       ElaborateURL
 0001:0003FB9C       ElaborateWebPage
 0001:000338DC       ELang
 0001:00008DD0       ELeaks
 0001:0004B6F0       EListView
 0001:0004A3D0       ELogManager
 0001:0000677C       EmptyClipboard
 0001:00016404       EmptyCompare
 0002:000098AC       EmptyParam
 0002:000000BC       EmptyStr
 0002:000000C0       EmptyWideStr
 0002:00000640       EMsgs
 0001:00008998       EnableMemoryLeaksCheck
 0001:00006784       EnableMenuItem
 0002:00007768       Enables
 0001:0000678C       EnableScrollBar
 0001:000B20D8       EnableTaskWindows
 0001:00006794       EnableWindow
 0001:000683AC       Encode
 0001:0000C170       EncodeDate
 0002:000057DC       EncodedChars
 0001:0000BFD0       EncodeTime
 0001:0006B404       EncodeURL
 0001:0000679C       EndDialog
 0001:0001C510       EndGlobalLoading
 0001:000067A4       EndPaint
 0001:00003864       EndThread
 0001:00005FE4       EnterCriticalSection
 0001:0000040C       EnterCriticalSection
 0001:00005FEC       EnumCalendarInfoA
 0001:000067AC       EnumClipboardFormats
 0002:0000D6EC       EnumDisplayMonitors
 0001:0000D8A8       EnumEraNames
 0001:0000D8E4       EnumEraYearOffsets
 0001:000B51E8       EnumMonitorsProc
 0001:00005FF4       EnumSystemLocalesA
 0001:000067B4       EnumThreadWindows
 0001:000067BC       EnumWindows
 0001:00057960       EnumWindowsProc
 0001:000578A8       EnumWindowsProc
 0001:00057804       EnumWindowsProc
 0001:00057A74       EnumWindowsProc
 0001:0002E6D4       Eof
 0002:000057FC       EOFLine
 0001:000067C4       EqualRect
 0002:00009854       EraNames
 0001:0000D2BC       EraToYear
 0002:00009870       EraYearOffsets
 0002:00000078       errCaption
 0001:0001FCF0       Error
 0001:00001910       Error
 0001:0001BA3C       Error
 0001:00008778       Error
 0001:000AA3A8       Error
 0001:000692B4       Error
 0002:00000004       ErrorAddr
 0001:000018C4       ErrorAt
 0001:0000E118       ErrorHandler
 0002:00000240       ErrorMap
 0002:00009008       ErrorProc
 0002:000093E8       ErrOutput
 0002:00000E18       EShowOptions
 0001:00034F80       ESockets
 0001:00026650       ETypes
 0002:00000638       EurekaLogCurrentVersion
 0002:0000C94C       EurekaLogList
 0001:00069B94       EurekaLogSendEmail
 0002:00006B0C       EurekaLogUnits
 0002:0000C970       EurekaLogUnitsList
 0001:0005D734       EurekaLog_AttachedFilesRequestEvent
 0001:0007729C       EurekaLog_CallCreateThread
 0001:00076A2C       EurekaLog_CallExceptObject
 0001:000773D4       EurekaLog_CallExitThread
 0001:000768A8       EurekaLog_CallGeneralRaise
 0001:00077330       EurekaLog_CallResumeThread
 0001:0005D87C       EurekaLog_CustomButtonClickEvent
 0001:0005D690       EurekaLog_CustomDataRequestEventEx
 0001:0005D7D8       EurekaLog_CustomWebFieldsRequestEvent
 0001:0005D548       EurekaLog_ExceptionActionNotifyEvent
 0001:0005D5EC       EurekaLog_ExceptionErrorNotifyEvent
 0001:0005D400       EurekaLog_ExceptionNotifyEvent
 0001:0005D4A4       EurekaLog_HandledExceptionNotifyEvent
 0001:00077294       EurekaLog_LastDelphiException
 0001:0005D2EC       EurekaLog_PasswordRequestEvent
 0001:0005D330       EurekaLog_PasswordRequestEventEx
 0002:00000BA0       EVals
 0002:00000ED8       EVariablesOptions
 0001:00045AD0       EWebTools
 0001:000322F8       EWinSock
 0001:0000184C       ExceptAddr
 0002:0000900C       ExceptClsProc
 0001:0000E58C       ExceptHandler
 0001:0000DEE0       Exception.Create
 0001:0000DF1C       Exception.CreateFmt
 0001:0000DF9C       Exception.CreateRes
 0001:0000DFD8       Exception.CreateResFmt
 0002:0000C7E0       ExceptionActionNotify
 0002:0000901C       ExceptionClass
 0002:0000C828       ExceptionCriticalSection
 0001:0000DC40       ExceptionErrorMessage
 0002:0000C7E4       ExceptionErrorNotify
 0001:00056B00       ExceptionLine
 0001:0007B8F4       ExceptionLog
 0001:000783D0       ExceptionManager
 0002:0000C7D8       ExceptionNotify
 0002:0000C860       ExceptionNumber
 0002:0000C984       ExceptionsTime
 0002:0000C988       ExceptionTime
 0001:0005A6A4       ExceptionTypeByAddr
 0002:00000278       ExceptMap
 0001:00075F0C       ExceptNotify
 0001:0006CCA8       ExceptNotifyAfter1
 0001:0006CDA4       ExceptNotifyAfter2
 0001:0006CDB8       ExceptNotifyAfter3
 0001:0000182C       ExceptObject
 0002:00009010       ExceptObjProc
 0002:00009004       ExceptProc
 0001:0000646C       ExcludeClipRect
 0001:0002A898       ExcludeLastBackslash
 0002:00000000       ExitCode
 0001:0000361C       ExitDll
 0002:00009048       ExitProc
 0001:000002C8       ExitProcess
 0002:00009028       ExitProcessProc
 0002:00000154       ExitProcList
 0001:000002C0       ExitThread
 0001:00005FFC       ExitThread
 0001:00046078       EXMLBuilder
 0001:00029A68       ExpandEnvVars
 0001:0000A7C4       ExpandFileName
 0002:0000D914       ExplorerForm
 0001:000E5048       ExplorerFrm
 0001:0005DEBC       ExportedFunctions
 0001:000BC804       ExtActns
 0001:00006474       ExtCreatePen
 0001:00093478       ExtCtrls
 0001:000BC670       ExtDlgs
 0002:000074B0       ExtendSelects
 0001:0005B8BC       ExtractDebugData
 0001:0000A6B0       ExtractFileDrive
 0001:0000A77C       ExtractFileExt
 0001:0000A744       ExtractFileName
 0001:00006F04       ExtractFileName
 0001:0000A67C       ExtractFilePath
 0001:0000A800       ExtractFilePathNoDrive
 0001:000788A0       ExtractGZipStream
 0001:0002950C       ExtractList
 0001:0000A88C       ExtractRelativePath
 0001:0005B3F8       ExtractStr
 0001:0002A480       ExtractStringsEx
 0001:00060B14       ExtractThreadByList
 0001:00047D7C       ExtractValue
 0001:0000647C       ExtTextOut
 0001:0003DE8C       EZip
 0001:0003CB90       EZlib2
 0002:0000D94C       FA
 0002:0000CB7C       fActive
 0002:0000706C       fActivePage
 0002:00009890       FalseBoolStrs
 0002:0000D950       FB
 0002:0000CB98       fBigFont
 0002:0000D954       FC
 0002:0000CB80       fCaptionFont
 0002:0000D7AC       FClipboard
 0002:00000188       FCon1E18
 0002:0000CB74       fDlgBack
 0001:00070340       FetchStr
 0002:0000CB88       fFixedFont1
 0002:0000CB8C       fFixedFont2
 0002:0000D928       FForm
 0001:0000A39C       FileAge
 0001:0000A394       FileClose
 0001:0000A2FC       FileCreate
 0001:0000A2D8       FileCreate
 0001:000E3FB4       FileCtrl
 0001:0000AAB4       FileDateToDateTime
 0001:0000A404       FileExists
 0002:0000738C       FileFormats
 0002:0000000C       FileMode
 0001:00001E20       FileNOPProc
 0001:0000A27C       FileOpen
 0001:0000A304       FileRead
 0002:000005E0       FilerSignature
 0001:0000A35C       FileSeek
 0001:00006004       FileTimeToDosDateTime
 0001:0000600C       FileTimeToLocalFileTime
 0001:0000A330       FileWrite
 0001:00000D3C       FillAfterGap
 0001:0005C588       FillAttachedList
 0001:00000CE8       FillBeforeGap
 0001:000D5EAC       FillDWord
 0001:00000DD4       FillerSizeAfterGap
 0001:00000D64       FillerSizeBeforeGap
 0001:000067CC       FillRect
 0001:00058BEC       FillThreadsCount
 0001:000DAA3C       Finalization
 0001:0007B738       Finalization
 0001:0007BC84       Finalization
 0001:000102AC       Finalization
 0001:00010128       Finalization
 0001:0000FF28       Finalization
 0001:000D4158       Finalization
 0001:000D2054       Finalization
 0001:00084E2C       Finalization
 0001:0008500C       Finalization
 0001:000D163C       Finalization
 0001:000852C4       Finalization
 0001:000D1604       Finalization
 0001:000DE694       Finalization
 0001:000DFB78       Finalization
 0001:000D12F0       Finalization
 0001:000BC510       Finalization
 0001:000BC478       Finalization
 0001:000BC440       Finalization
 0001:00052A4C       Finalization
 0001:0004B6C0       Finalization
 0001:000BC3A0       Finalization
 0001:00085B00       Finalization
 0001:000E3F84       Finalization
 0001:00086280       Finalization
 0001:000862C0       Finalization
 0001:00087348       Finalization
 0001:00087390       Finalization
 0001:000873C8       Finalization
 0001:00046048       Finalization
 0001:00045A80       Finalization
 0001:000876EC       Finalization
 0001:00090504       Finalization
 0001:0009053C       Finalization
 0001:00090574       Finalization
 0001:000905AC       Finalization
 0001:000905E4       Finalization
 0001:0009061C       Finalization
 0001:00093448       Finalization
 0001:000090F4       Finalization
 0001:00008D98       Finalization
 0001:0003DE5C       Finalization
 0001:0009349C       Finalization
 0001:000E45C0       Finalization
 0001:0003DD08       Finalization
 0001:00094744       Finalization
 0001:000E5018       Finalization
 0001:000E5050       Finalization
 0001:00094DA0       Finalization
 0001:00094E34       Finalization
 0001:00094F9C       Finalization
 0001:0003D9B0       Finalization
 0001:00095BC0       Finalization
 0001:0003D65C       Finalization
 0001:000E52BC       Finalization
 0001:00006E8C       Finalization
 0001:0003CB60       Finalization
 0001:000E5560       Finalization
 0001:000E5C1C       Finalization
 0001:000E60A4       Finalization
 0001:000E75D8       Finalization
 0001:000E78B4       Finalization
 0001:00034F28       Finalization
 0001:000338AC       Finalization
 0001:000A6908       Finalization
 0001:0001892C       Finalization
 0001:000A7CB4       Finalization
 0001:00033778       Finalization
 0001:000BC5E0       Finalization
 0001:000A9444       Finalization
 0001:00018CD8       Finalization
 0001:000BC640       Finalization
 0001:000AF854       Finalization
 0001:00005C4C       Finalization
 0001:000E7D6C       Finalization
 0001:00026514       Finalization
 0001:000E82B4       Finalization
 0001:00026620       Finalization
 0001:00028F10       Finalization
 0001:000E8AD8       Finalization
 0001:000322C8       Finalization
 0001:000BE2CC       Finalization
 0001:000E8B10       Finalization
 0001:00031D94       Finalization
 0001:000E8B48       Finalization
 0001:00031CE8       Finalization
 0001:000BC7B4       Finalization
 0001:000BC75C       Finalization
 0001:00005EEC       Finalization
 0001:00019ADC       Finalization
 0001:000BC690       Finalization
 0001:00019A84       Finalization
 0001:00005E30       Finalization
 0001:000BC6F8       Finalization
 0001:0002D654       Finalization
 0001:0004A394       Finalization
 0002:00009734       FinalizationProc
 0001:00004D98       FinalizeArray
 0001:00003474       FinalizeUnits
 0001:000ADFF4       Find
 0001:00022E70       FindAncestor
 0001:00005164       FindBS
 0001:0001BF38       FindClass
 0001:000050EC       FindClassHInstance
 0001:0000A510       FindClose
 0001:000002D8       FindClose
 0001:00006014       FindClose
 0001:00000CB8       FindCommitted
 0001:000982C4       FindControl
 0001:000A4760       FindControlAtPos
 0001:00018784       FindCustomVariantType
 0001:0001883C       FindCustomVariantType
 0001:00099C5C       FindDragTarget
 0001:0006B220       FindEOFLine
 0001:0003F60C       FindErrorMessage
 0001:00070B6C       FindException
 0001:00020DB4       FindExistingComponent
 0001:000E7A18       FindFiles
 0001:0000A49C       FindFirst
 0001:000002E0       FindFirstFile
 0001:0000601C       FindFirstFile
 0001:00006024       FindFirstFileA
 0001:00058E90       FindFullPath
 0001:0005B808       FindFunction
 0001:0001C3A0       FindGlobalComponent
 0001:000B221C       FindGlobalComponent
 0002:00009A50       FindGlobalComponentProcs
 0001:00053674       FindHandled
 0001:000050C4       FindHInstance
 0001:0001C248       FindIdentToInt
 0001:0001C1CC       FindIntToIdent
 0001:000079F4       FindLeakAddress
 0001:00007C18       FindLeakClassName
 0001:0000794C       FindLeakSons
 0001:0007AAA4       FindMainInstance
 0001:0000A438       FindMatchingFile
 0001:00057EE4       FindModuleType
 0002:0000D774       FindMsg
 0001:0002009C       FindNestedComponent
 0001:0000A4EC       FindNext
 0001:0000602C       FindNextFile
 0001:000078A8       FindNextValidLeak
 0001:0002E844       FindParam
 0001:000AA370       FindPopupControl
 0001:00031EF4       FindProc
 0001:00058B38       FindProcess
 0001:00006034       FindResource
 0001:0000603C       FindResourceA
 0001:0000513C       FindResourceHInstance
 0001:000BBC08       FindScanline
 0001:0003ED6C       FindSelected
 0001:000900B4       FindString
 0001:000B2174       FindTopMostWindow
 0001:00021C24       FindUniqueName
 0001:00017628       FindVarData
 0001:00099C28       FindVCLWindow
 0001:000067D4       FindWindow
 0001:000959E8       FindWinHelp
 0001:0005362C       FirstProc
 0002:0000CBA4       FixedFontName1
 0002:0000CBA8       FixedFontName2
 0002:0000CB9C       FixedFontSize
 0002:0000CDE0       FixedTmpOptionsFile
 0001:000822A4       FixupBitFields
 0002:000077E0       Flags
 0002:000098A0       FLanguages
 0001:0008771C       FlatSB
 0002:0000D718       FlatSB_EnableScrollBar
 0002:0000D724       FlatSB_GetScrollInfo
 0002:0000D728       FlatSB_GetScrollPos
 0002:0000D720       FlatSB_GetScrollRange
 0002:0000D730       FlatSB_SetScrollInfo
 0002:0000D72C       FlatSB_SetScrollPos
 0001:0008740C       FlatSB_SetScrollProp
 0002:0000D734       FlatSB_SetScrollRange
 0002:0000D71C       FlatSB_ShowScrollBar
 0002:0000CB90       fLinkFont
 0002:0000CB94       fLinkFont2
 0002:0000CD20       fListViewItems
 0002:000061E0       FloatingPointOpcodes
 0001:0000BDA0       FloatToCurr
 0001:0000D060       FloatToDateTime
 0001:0000B9E0       FloatToDecimal
 0001:0000BD20       FloatToStr
 0001:0000B414       FloatToText
 0001:0000B6EC       FloatToTextFmt
 0001:00002084       Flush
 0001:00006044       FlushInstructionCache
 0002:0000CB78       fMemoBack
 0002:0000CD00       fMonitor
 0002:0000CD08       fMonitorInfo
 0002:0000019C       FMSecsPerDay
 0001:0000B310       FmtStr
 0002:000077F8       FocusCount
 0002:000077F4       FocusMessages
 0002:000072A8       FontCharsets
 0002:0000D6A8       FontManager
 0001:0007831C       ForceApplicationTermination
 0001:0002A948       ForceDirectoriesEx
 0001:000B21F0       ForegroundTask
 0002:0000D930       Form1
 0001:000E525C       Form2
 0001:0000B2FC       Format
 0002:000001A4       Format
 0001:0000AE68       FormatBuf
 0001:0000AE5C       FormatClearStr
 0001:0007078C       FormatComplete
 0001:0000D0D0       FormatDateTime
 0001:0000ADF0       FormatError
 0002:00000180       FormatErrorStrs
 0001:0000BE24       FormatFloat
 0001:0000604C       FormatMessage
 0001:000316B0       FormatProcName
 0001:0000AE48       FormatVarToStr
 0001:000BC3FC       Forms
 0001:000D4CE4       ForwardMovement
 0001:000024E8       FPower10
 0002:000073DC       FPrinter
 0001:00091BA0       Frame3D
 0001:000067DC       FrameRect
 0001:00008018       FreeAllLeaks
 0001:0000FB08       FreeAndNil
 0001:00055A74       FreeClonedObject
 0001:00000A24       FreeCommitted
 0001:00000F44       FreeCurAlloc
 0001:00099D1C       FreeDeviceContext
 0001:00099DD8       FreeDeviceContexts
 0001:000262E0       FreeIntConstList
 0001:000002E8       FreeLibrary
 0001:00006054       FreeLibrary
 0001:00081E00       FreeMemoryContexts
 0001:00026414       FreeObjectInstance
 0001:000567AC       FreeOutOfMemoryCache
 0001:0000605C       FreeResource
 0001:00069278       FreeScreenshot
 0001:000006A4       FreeSpace
 0001:0000F4E8       FreeTerminateProcs
 0002:0000C8F4       FreezeThread
 0002:0000D8E4       FRichEditModule
 0002:0000CD04       fSendBmp
 0002:0000C7B4       FtpOpenFile
 0001:000454B0       FTPUploadFiles
 0002:0000CB84       fVariableFont
 0001:0007F0C8       GDICheck
 0001:0007F020       GDIError
 0001:000641EC       GeneralDialogProc
 0001:00076688       GeneralRaise
 0001:000541B4       GeneralToRTF
 0001:0006C3B4       GenerateCustomWebFieldsString
 0001:00059FF8       GenerateHTML
 0001:000403C4       GenerateMultipartBoundary
 0001:000448F4       GenerateMultipartBoundary
 0001:00044A30       GenerateRequestBody
 0001:00040494       GenerateRequestBody
 0001:00006064       GetACP
 0001:0006E18C       GetActiveControlClass
 0001:0006E1A4       GetActiveControlText
 0001:0006E0AC       GetActiveFormClass
 0001:0006E0F8       GetActiveFormText
 0001:0006126C       GetActiveMonitorData
 0001:000067E4       GetActiveWindow
 0001:0006EE94       GetAdapterInfo
 0001:00058BB8       GetAllocatedMemory
 0001:0005B7E8       GetAndSetFunctionSize
 0001:000B99B0       GetAnimation
 0001:0006E9FC       GetApplicationName
 0001:000579D8       GetApplicationRect
 0001:0006E08C       GetApplicationUpTime
 0001:00032A30       GetAsmSize
 0001:000938B0       GetAveCharSize
 0001:0005F5B0       GetBaseOfStack
 0001:000DD570       GetBitmap
 0001:00006484       GetBitmapBits
 0001:00000424       GetBlockDesc
 0001:00066940       GetBottonWidth
 0001:0000648C       GetBrushOrgEx
 0001:000DAF78       GetBufStart
 0001:00006D10       GetBValue
 0001:0005F48C       GetCallStackByAddresses
 0001:000567EC       GetCallStackDump
 0001:000067EC       GetCapture
 0001:0009856C       GetCaptureControl
 0001:000067F4       GetCaretPos
 0001:000DF994       GetChildNamed
 0001:0001BEE4       GetClass
 0001:000067FC       GetClassInfo
 0001:00006804       GetClassName
 0001:0000680C       GetClassNameA
 0001:00006814       GetClientRect
 0001:0000681C       GetClipboardData
 0001:00080AA0       GetClipboardFormats
 0001:00006494       GetClipBox
 0001:000003C0       GetCmdShow
 0001:000A7F04       GetColor
 0001:0004B540       GetColumnAlign
 0001:0004B514       GetColumnCount
 0001:000C3498       GetComCtlVersion
 0001:00006074       GetCommandLine
 0001:000002F0       GetCommandLine
 0001:00000870       GetCommitted
 0001:00000900       GetCommittedAt
 0001:000701E8       GetCompanyName
 0001:0006E030       GetCompilationDate
 0001:00053C88       GetCompleteTimeStr
 0001:00023CB8       GetComponentValue
 0001:0000607C       GetComputerNameA
 0001:0009F348       GetControlAtPos
 0001:0007598C       GetControlClass
 0001:000759E8       GetControlText
 0001:0000C518       GetCount
 0001:0000606C       GetCPInfo
 0001:0003CC3C       GetCRC16
 0001:0003CBF4       GetCRC32
 0001:0000AB20       GetCurrentDir
 0001:000002F8       GetCurrentDirectory
 0001:0000649C       GetCurrentObject
 0001:000064A4       GetCurrentPositionEx
 0001:000704B8       GetCurrentPrinterHandle
 0001:00006084       GetCurrentProcess
 0001:0000608C       GetCurrentProcessId
 0001:000783C8       GetCurrentStackPointer
 0001:0005F5B8       GetCurrentStackPointer
 0001:00006094       GetCurrentThread
 0001:000003B8       GetCurrentThreadId
 0001:0000609C       GetCurrentThreadId
 0001:00006C84       GetCurrentTime
 0001:00055A94       GetCurrentTopOfStack
 0001:00070010       GetCurrentUserPrivileges
 0001:00006824       GetCursor
 0001:000BBC18       GetCursorHeightMargin
 0001:0000682C       GetCursorPos
 0001:00007780       GetDataCaller
 0001:0000C544       GetDate
 0001:000060A4       GetDateFormat
 0001:0000D1D4       GetDateOrder
 0001:00006834       GetDC
 0001:0000683C       GetDCEx
 0001:000064AC       GetDCOrgEx
 0001:0005ED8C       GetDebugDetail
 0001:0006CF20       GetDebugInfoEx
 0001:0005BBB4       GetDebugInfosByAddr
 0001:0005B5D4       GetDebugPartialInfo
 0001:000703D4       GetDefaultPrinter
 0001:00084A3C       GetDefFontCharSet
 0001:0001D5B0       GetDesigner
 0001:00006844       GetDesktopWindow
 0001:000064C4       GetDeviceCaps
 0001:000645FC       GetDialogState
 0001:00080028       GetDIB
 0001:000064B4       GetDIBColorTable
 0001:000064BC       GetDIBits
 0001:0007FF70       GetDIBSizes
 0001:0007F238       GetDInColors
 0001:000060AC       GetDiskFreeSpaceA
 0002:00000150       GetDiskFreeSpaceEx
 0001:0006E7B0       GetDiskInfo
 0001:0006FF1C       GetDisplayDPI
 0001:0006ECB0       GetDisplayMode
 0001:0000684C       GetDlgItem
 0001:000346C0       GetDNSList
 0001:000A5A18       GetDockAlign
 0001:00098F18       GetDockSiteAtPos
 0001:0003487C       GetDomain
 0001:000349E8       GetDomainName
 0001:00006854       GetDoubleClickTime
 0001:000060B4       GetDriveType
 0001:0009922C       GetDropCtl
 0001:00071B14       GetDump
 0001:00002B64       GetDynaMethod
 0001:00071814       GetEAX
 0001:00071874       GetEBX
 0001:000718D4       GetECX
 0001:000719F4       GetEDI
 0001:00060588       GetEditText
 0001:00071934       GetEDX
 0001:0005DB34       GetEF
 0001:00051440       GetEffectiveAddress
 0001:00071AB4       GetEIP
 0001:00071D84       GetEmptySection
 0001:000064CC       GetEnhMetaFileBits
 0001:000064D4       GetEnhMetaFileHeader
 0001:000064DC       GetEnhMetaFilePaletteEntries
 0001:00018D48       GetEnumName
 0001:00018E3C       GetEnumNameValue
 0001:00018E88       GetEnumValue
 0001:000060BC       GetEnvironmentVariableA
 0001:0002992C       GetEnvVariable
 0001:0000D95C       GetEraNamesAndYearOffsets
 0001:0000D268       GetEraYearOffset
 0001:00071994       GetESI
 0001:00071A54       GetESP
 0001:000567DC       GetESP
 0001:00029CC8       GetEurekaLogDir
 0001:0005E3C4       GetEurekaLogModuleVersion
 0001:0006E3A0       GetExceptionAddress
 0001:0000E2DC       GetExceptionClass
 0001:0006E388       GetExceptionDate
 0001:0006DDF8       GetExceptionMessage
 0001:0006E3D4       GetExceptionModuleName
 0001:0006E4B8       GetExceptionModuleVersion
 0001:0000E4C0       GetExceptionObject
 0001:0006E53C       GetExceptionType
 0001:0005F6C4       GetExceptMessage
 0001:000060C4       GetExitCodeProcess
 0001:000060CC       GetExitCodeThread
 0001:0001BE6C       GetFieldClassTable
 0001:0003E60C       GetFieldValue
 0001:000060D4       GetFileAttributes
 0001:000060DC       GetFileAttributesA
 0001:000449C4       GetFileContents
 0001:0003F5A0       GetFileContents
 0001:00080A80       GetFileFormats
 0001:000586FC       GetFileSize
 0001:00000268       GetFileSize
 0001:00045474       GetFileSize
 0001:000356A8       GetFileSize
 0001:00000260       GetFileType
 0001:0006F3C0       GetFileVersionEx
 0001:00006394       GetFileVersionInfo
 0001:0000639C       GetFileVersionInfoA
 0001:000063A4       GetFileVersionInfoSize
 0001:000063AC       GetFileVersionInfoSizeA
 0001:00019510       GetFloatProp
 0001:0000685C       GetFocus
 0001:00029B7C       GetFolder
 0001:0007D744       GetFontData
 0001:00006864       GetForegroundWindow
 0001:0000EF6C       GetFormatSettings
 0001:000E86A8       GetFormClass
 0001:000072E0       GetFramesCallStackDump
 0001:0006E8A4       GetFreeDisk
 0001:0006E730       GetFreeMemory
 0001:000060E4       GetFullPathName
 0001:0006D200       GetFunctionAsm
 0001:00032B68       GetFunctionSize
 0001:0002A6B4       GetGMT
 0001:00006D0C       GetGValue
 0001:000060EC       GetHandleInformation
 0001:0007CCB0       GetHashCode
 0001:000B6FD0       GetHelpInfo
 0001:00086754       GetHelpSystem
 0001:000B9794       GetHint
 0001:000B97CC       GetHintControl
 0001:000321A8       gethostbyname
 0001:000321D8       gethostname
 0001:000AF6F4       GetHotkey
 0001:00044D00       GetHTTPResponse
 0001:0003FCAC       GetHTTPResponse
 0001:0000686C       GetIconInfo
 0001:000319E8       GetImageNtHeaders
 0001:0006F5B4       GetIndexKeyName
 0001:00070374       GetIniDefPrinter
 0001:0001992C       GetInt64Prop
 0001:00019990       GetInterfaceProp
 0001:00076364       GetIntraWebExceptionType
 0001:000E1C30       GetItemHeight
 0001:0004A480       GetItemRect
 0001:00063514       GetItemText
 0001:00006884       GetKeyboardLayout
 0001:0000688C       GetKeyboardLayoutList
 0001:00006894       GetKeyboardState
 0001:000027D0       GetKeyboardType
 0001:00006874       GetKeyNameText
 0001:0000687C       GetKeyState
 0001:0006E33C       GetLanguageString
 0001:0000689C       GetLastActivePopup
 0001:000A3CE0       GetLastChildZone
 0001:00000300       GetLastError
 0001:000060F4       GetLastError
 0001:000079A8       GetLeakCount
 0001:000CBF5C       GetLength
 0001:0003EF7C       GetListDefault
 0001:0003EBF8       GetListValue
 0001:0000D720       GetLocaleChar
 0001:0006E210       GetLocaleDataA
 0001:0006E1D0       GetLocaleDataW
 0001:00000308       GetLocaleInfo
 0001:00006104       GetLocaleInfo
 0001:0000610C       GetLocaleInfoA
 0001:00006114       GetLocaleInfoW
 0001:0000D6D4       GetLocaleStr
 0001:000060FC       GetLocalTime
 0001:0000611C       GetLogicalDrives
 0001:00098528       GetLongHint
 0001:0002A0A8       GetLongNameFromShort
 0001:000191B8       GetLongStrProp
 0001:0005783C       GetMainWindow
 0001:000064E4       GetMapMode
 0001:0003D55C       GetMD5
 0001:0006E5E4       GetMemInfo
 0001:000017F4       GetMemoryManager
 0001:000068A4       GetMenu
 0001:000B6F58       GetMenuHelpContext
 0001:000068AC       GetMenuItemCount
 0001:000068B4       GetMenuItemID
 0001:000068BC       GetMenuItemInfo
 0001:000AC840       GetMenuSize
 0001:000068C4       GetMenuState
 0001:000068CC       GetMenuString
 0001:000068D4       GetMessagePos
 0001:000068DC       GetMessageTime
 0001:000198B4       GetMethodProp
 0001:0003554C       GetModifiedDate
 0001:0002A004       GetModifiedDate
 0001:000582B4       GetModuleDescriptionAndVersion
 0001:00000310       GetModuleFileName
 0001:00006124       GetModuleFileName
 0001:0000612C       GetModuleFileNameA
 0001:00006134       GetModuleHandle
 0001:00000318       GetModuleHandle
 0001:00005D28       GetModuleHandle
 0001:0000613C       GetModuleHandleA
 0001:000580A8       GetModulePath
 0001:00058184       GetModuleSize
 0001:00058AA0       GetModulesList
 0001:00058910       GetModulesWin9X
 0001:000587AC       GetModulesWinNT
 0001:00058214       GetModuleVer
 0001:0005C6F0       GetModule_ProcedureEvent
 0002:0000D6E0       GetMonitorInfo
 0002:0000D6E4       GetMonitorInfoA
[...]
 17727 0001:00079FDC 17728 0001:00079FDE 17729 0001:00079FF2 17730 0001:00079FF9
 17732 0001:00079FFD 17734 0001:0007A013 17736 0001:0007A01A 17738 0001:0007A028
 17740 0001:0007A02C 17741 0001:0007A05B 17744 0001:0007A060 17745 0001:0007A084
 17746 0001:0007A090 17747 0001:0007A0A0 17748 0001:0007A0C6 17763 0001:0007A0D0
 17767 0001:0007A0D4 17768 0001:0007A0DB 17769 0001:0007A0E0 17774 0001:0007A0E4
 17775 0001:0007A0EB 17777 0001:0007A108 17779 0001:0007A10D 17781 0001:0007A112
 17782 0001:0007A113 17783 0001:0007A116 17785 0001:0007A119 17786 0001:0007A129
 17791 0001:0007A130 17792 0001:0007A137 17797 0001:0007A165 17799 0001:0007A16A
 17800 0001:0007A16B 17801 0001:0007A16E 17803 0001:0007A171 17804 0001:0007A181
 17809 0001:0007A188 17810 0001:0007A18E 17811 0001:0007A19D 17812 0001:0007A1AB
 17814 0001:0007A1D0 17816 0001:0007A1E3 17821 0001:0007A1E8 17822 0001:0007A1EF
 17824 0001:0007A20C 17826 0001:0007A211 17828 0001:0007A216 17829 0001:0007A217
 17830 0001:0007A21A 17832 0001:0007A21D 17833 0001:0007A22D 17845 0001:0007A234
 17846 0001:0007A23D 17849 0001:0007A244 17850 0001:0007A253 17851 0001:0007A261
 17852 0001:0007A26B 17853 0001:0007A27A 17855 0001:0007A285 17856 0001:0007A28F
 17857 0001:0007A29E 17859 0001:0007A2A9 17860 0001:0007A2B3 17861 0001:0007A2C2
 17863 0001:0007A2CD 17866 0001:0007A2D7 17870 0001:0007A2DE 17871 0001:0007A2ED
 17872 0001:0007A2F7 17863 0001:0007A2F8 17874 0001:0007A2FB 17877 0001:0007A305
 17878 0001:0007A31F 17879 0001:0007A330 17874 0001:0007A331 17881 0001:0007A341
 17883 0001:0007A351 17894 0001:0007A358 17896 0001:0007A35B 17897 0001:0007A361
 17900 0001:0007A368 17902 0001:0007A37B 17903 0001:0007A391 17904 0001:0007A39E
 17905 0001:0007A3B9 17909 0001:0007A3CE 17910 0001:0007A3DB 17914 0001:0007A3E0
 17915 0001:0007A3E7 17916 0001:0007A3ED 17918 0001:0007A3F0 17919 0001:0007A3F6
 17921 0001:0007A3FD 17922 0001:0007A400 17929 0001:0007A40A 17930 0001:0007A40B
 17923 0001:0007A413 17932 0001:0007A420 17935 0001:0007A429 17936 0001:0007A434
 17938 0001:0007A44D 17939 0001:0007A45D 17942 0001:0007A46A 17943 0001:0007A46D
 17950 0001:0007A478 17951 0001:0007A479 17944 0001:0007A482 17953 0001:0007A48F
 17956 0001:0007A498 17957 0001:0007A4A4 17959 0001:0007A4BE 17961 0001:0007A4CA
 17971 0001:0007A4D0 17972 0001:0007A4EB 17973 0001:0007A4F8 17974 0001:0007A514
 17975 0001:0007A53F 17976 0001:0007A568 17978 0001:0007A5B8 17980 0001:0007A5D6
 17991 0001:0007A5F1 18001 0001:0007A60C 18011 0001:0007A619 18014 0001:0007A62A
 18021 0001:0007A63B 18025 0001:0007A656 18031 0001:0007A671 18034 0001:0007A676
 18038 0001:0007A696 18047 0001:0007A6B6 18048 0001:0007A6B7 18050 0001:0007A6C4
 18055 0001:0007A6E4 18064 0001:0007A6FF 18069 0001:0007A71A 18070 0001:0007A723
 18075 0001:0007A73E 18077 0001:0007A74C 18080 0001:0007A789 18084 0001:0007AA50
 18085 0001:0007AA6A 18088 0001:0007AA6C 18089 0001:0007AA6F 18090 0001:0007AA80
 18093 0001:0007AA84 18097 0001:0007AA87 18099 0001:0007AA8E 18128 0001:0007AA90
 18129 0001:0007AA93 18131 0001:0007AA9A 18132 0001:0007AAA1 18137 0001:0007AAA4
 18138 0001:0007AAAC 18140 0001:0007AABB 18141 0001:0007AAC0 18143 0001:0007AACD
 18146 0001:0007AAF5 18147 0001:0007AB08 18149 0001:0007AB0A 18141 0001:0007AB0B
 18150 0001:0007AB0E 18161 0001:0007AB14 18162 0001:0007AB1B 18163 0001:0007AB2E
 18164 0001:0007AB3C 18166 0001:0007AB53 18168 0001:0007AB63 18170 0001:0007AB68
 18171 0001:0007AB85 18172 0001:0007AB89 18174 0001:0007ABA6 18175 0001:0007ABB5
 18176 0001:0007ABC3 18177 0001:0007ABDB 18179 0001:0007ABEF 18180 0001:0007AC01
 18181 0001:0007AC04 18182 0001:0007AC09 18183 0001:0007AC1E 18185 0001:0007AC31
 18187 0001:0007AC66 18189 0001:0007AC6C 18190 0001:0007AC8B 18191 0001:0007ACA9
 18193 0001:0007ACB3 18195 0001:0007ACBE 18198 0001:0007ACE8 18209 0001:0007AD05
 18211 0001:0007AD0C 18213 0001:0007AD13 18214 0001:0007AD1A 18215 0001:0007AD21
 18216 0001:0007AD28 18218 0001:0007AD3D 18222 0001:0007AD44 18223 0001:0007AD4B
 18224 0001:0007AD52 18225 0001:0007AD59 18226 0001:0007AD60 18227 0001:0007AD67
 18228 0001:0007AD6E 18229 0001:0007AD75 18230 0001:0007AD7C 18231 0001:0007AD93
 18232 0001:0007ADAA 18233 0001:0007ADB1 18234 0001:0007ADBB 18235 0001:0007ADC2
 18236 0001:0007ADD1 18237 0001:0007ADD8 18238 0001:0007ADE9 18239 0001:0007ADF3
 18241 0001:0007ADFA 18242 0001:0007AE04 18243 0001:0007AE0E 18245 0001:0007AE18
 18247 0001:0007AE1D 18250 0001:0007AE26 18253 0001:0007AE2B 18255 0001:0007AE39
 18256 0001:0007AE40 18260 0001:0007AE45 18261 0001:0007AE56 18263 0001:0007AE67
 18264 0001:0007AE80 18265 0001:0007AE89 18267 0001:0007AE91 18305 0001:0007AEA4
 18307 0001:0007AEA9 18308 0001:0007AEBA 18309 0001:0007AECB 18310 0001:0007AEDC
 18311 0001:0007AEED 18317 0001:0007AEFE 18318 0001:0007AF05 18319 0001:0007AF11
 18320 0001:0007AF18 18321 0001:0007AF1F 18322 0001:0007AF29 18323 0001:0007AF30
 18324 0001:0007AF37 18327 0001:0007AF59 18328 0001:0007AF6C 18330 0001:0007AF7A
 18331 0001:0007AF83 18332 0001:0007AF8B 18335 0001:0007AF93 18336 0001:0007AF98
 18337 0001:0007AFA2 18338 0001:0007AFAC 18340 0001:0007AFBD 18341 0001:0007AFCE
 18342 0001:0007AFD3 18343 0001:0007AFDA 18344 0001:0007AFE4 18345 0001:0007AFEB
 18346 0001:0007AFF2 18347 0001:0007AFF9 18348 0001:0007B000 18349 0001:0007B007
 18351 0001:0007B00E 18352 0001:0007B015 18353 0001:0007B01C 18355 0001:0007B023
 18357 0001:0007B02A 18360 0001:0007B032 18362 0001:0007B03C 18364 0001:0007B056
 18365 0001:0007B062 18366 0001:0007B06D 18367 0001:0007B079 18369 0001:0007B084
 18372 0001:0007B089 18378 0001:0007B0D6 18384 0001:0007B123 18390 0001:0007B170
 18391 0001:0007B185 18393 0001:0007B18E 18407 0001:0007B1A7 18413 0001:0007B1F4
 18419 0001:0007B241 18425 0001:0007B28E 18427 0001:0007B29C 18429 0001:0007B2AA
 18431 0001:0007B2B8 18432 0001:0007B2BD 18436 0001:0007B2E7 18438 0001:0007B2F4
 18441 0001:0007B308 18442 0001:0007B339 18446 0001:0007B375 18450 0001:0007B37C
 18452 0001:0007B385 18453 0001:0007B38A 18457 0001:0007B3B9 18464 0001:0007B48C
 18465 0001:0007B4A0 18466 0001:0007B4AE 18468 0001:0007B4C1 18469 0001:0007B4CB
 18471 0001:0007B4D5 18472 0001:0007B4E8 18474 0001:0007B4EF 18475 0001:0007B4F9
 18476 0001:0007B500 18477 0001:0007B50A 18478 0001:0007B511 18479 0001:0007B51B
 18480 0001:0007B522 18481 0001:0007B52C 18482 0001:0007B533 18483 0001:0007B53D
 18485 0001:0007B544 18486 0001:0007B549 18488 0001:0007B554 18490 0001:0007B566
 18491 0001:0007B573 18493 0001:0007B580 18495 0001:0007B589 18496 0001:0007B59C
 18501 0001:0007B5A3 18502 0001:0007B5AC 18504 0001:0007B5BB 18505 0001:0007B5C5
 18506 0001:0007B5CC 18507 0001:0007B5D6 18508 0001:0007B5DD 18509 0001:0007B5E7
 18511 0001:0007B5EE 18512 0001:0007B5F8 18513 0001:0007B602 18514 0001:0007B60C
 18515 0001:0007B616 18518 0001:0007B61D 18520 0001:0007B626 18521 0001:0007B632
 18522 0001:0007B63C 18525 0001:0007B64F 18526 0001:0007B659 18527 0001:0007B660
 18528 0001:0007B66A 18529 0001:0007B671 18530 0001:0007B67B 18532 0001:0007B682
 18533 0001:0007B691 18540 0001:0007B698 18542 0001:0007B6A1 18543 0001:0007B6AC
 18544 0001:0007B6B6 18545 0001:0007B6C0 18553 0001:0007B6C7 18554 0001:0007B6CC
 18556 0001:0007B6E0 18557 0001:0007B6EA 18558 0001:0007B6F1 18560 0001:0007B720
 18592 0001:0007B724 18602 0001:0007B738 18603 0001:0007B764 18605 0001:0007B8D4
 18596 0001:0007B8F4 18597 0001:0007B918 18598 0001:0007B927 18599 0001:0007B92C
 18601 0001:0007B94B

Line numbers for ChildFrm(ChildFrm.pas) segment .text

    40 0001:000D1504    41 0001:000D1516    42 0001:000D151D    43 0001:000D153D
    46 0001:000D1540    47 0001:000D1555    48 0001:000D155C    49 0001:000D1565
    50 0001:000D1585    53 0001:000D158C    54 0001:000D158F    55 0001:000D1596
    57 0001:000D159F    58 0001:000D15A8    59 0001:000D15B1    60 0001:000D15BE
    61 0001:000D15CB    63 0001:000D15D4    66 0001:000D15DC    67 0001:000D15E2
    68 0001:000D15EB    69 0001:000D15F4    70 0001:000D15FB    74 0001:000D1600
    75 0001:000D1602    77 0001:000D1634    77 0001:000D163B

Line numbers for CheckBinaryDfmFrm(CheckBinaryDfmFrm.pas) segment .text

    86 0001:000D166C    86 0001:000D1673

Line numbers for DirSearchFrm(DirSearchFrm.pas) segment .text

    36 0001:000E41F4    38 0001:000E420A    39 0001:000E421A    40 0001:000E4228
    41 0001:000E4239    42 0001:000E4255    44 0001:000E4275    46 0001:000E42A8
    51 0001:000E42AC    52 0001:000E42C3    60 0001:000E42C4    61 0001:000E42E2
    62 0001:000E4325    64 0001:000E4344    65 0001:000E43B1    66 0001:000E43CF
    68 0001:000E43F9    69 0001:000E4407    71 0001:000E440B    72 0001:000E4447
    69 0001:000E4452    74 0001:000E4456    76 0001:000E447F    78 0001:000E4483
    80 0001:000E44A0    81 0001:000E44C1    76 0001:000E44CC    84 0001:000E44DD
    86 0001:000E4533    89 0001:000E4544    90 0001:000E4564    91 0001:000E4576
    93 0001:000E4587    94 0001:000E45AE    96 0001:000E45F0    96 0001:000E45F7

Line numbers for ExplorerFrm(ExplorerFrm.pas) segment .text

    47 0001:000E480C    49 0001:000E4812    50 0001:000E4824    51 0001:000E4834
    52 0001:000E485F    53 0001:000E4871    56 0001:000E48A8    57 0001:000E48C8
    58 0001:000E48DA    60 0001:000E48EB    61 0001:000E4912    72 0001:000E4924
    73 0001:000E4942    74 0001:000E4985    75 0001:000E49A4    76 0001:000E4A03
    77 0001:000E4A22    79 0001:000E4A49    80 0001:000E4A57    83 0001:000E4A5F
    84 0001:000E4AB7    85 0001:000E4AC5    86 0001:000E4B1A    88 0001:000E4B34
    89 0001:000E4B41    90 0001:000E4B4D    92 0001:000E4BD4    86 0001:000E4BD5
    93 0001:000E4BDC    80 0001:000E4BE7    96 0001:000E4BEF    97 0001:000E4C18
    99 0001:000E4C1C   101 0001:000E4C39   102 0001:000E4C64    97 0001:000E4C6F
   105 0001:000E4C80   107 0001:000E4CF3   115 0001:000E4D14   116 0001:000E4D66
   117 0001:000E4D74   120 0001:000E4D7C   121 0001:000E4D8A   126 0001:000E4D9E
   127 0001:000E4DAC   128 0001:000E4DC4   130 0001:000E4DD4   131 0001:000E4DDD
   135 0001:000E4DE6   136 0001:000E4DF4   137 0001:000E4DFD   127 0001:000E4E06
   140 0001:000E4E0B   142 0001:000E4E11   143 0001:000E4E19   144 0001:000E4E27
   149 0001:000E4E2F   150 0001:000E4E35   153 0001:000E4E44   154 0001:000E4E58
   156 0001:000E4E6C   158 0001:000E4EA3   167 0001:000E4EB4   169 0001:000E4F0C
   170 0001:000E4F12   172 0001:000E4F18   174 0001:000E4F1C   175 0001:000E4F21
   177 0001:000E4F31   180 0001:000E4F41   183 0001:000E4F4E   185 0001:000E4F65
   186 0001:000E4F72   187 0001:000E4F78   188 0001:000E4F86   183 0001:000E4F8F
   190 0001:000E4F92   191 0001:000E4FC7   194 0001:000E4FD8   195 0001:000E4FED
   197 0001:000E5011   199 0001:000E5048   199 0001:000E504F

Line numbers for Variables(Variables.pas) segment .text

    24 0001:000E5050    25 0001:000E5069    26 0001:000E5073    29 0001:000E5092
    17 0001:000E5094    19 0001:000E509D    20 0001:000E50AE    23 0001:000E50BF

Line numbers for Unit2(Unit2.pas) segment .text

    31 0001:000E525C    32 0001:000E5265    33 0001:000E5280    34 0001:000E5285
    38 0001:000E5288    39 0001:000E528B    40 0001:000E5292    46 0001:000E5294
    47 0001:000E52AF    48 0001:000E52B9    50 0001:000E52EC    51 0001:000E52F5
    52 0001:000E52FC

Line numbers for Unit1(Unit1.pas) segment .text

    32 0001:000E54C8    33 0001:000E54CC    34 0001:000E54DD    35 0001:000E54EB
    36 0001:000E54F9    38 0001:000E5510    40 0001:000E5520    44 0001:000E5530
    45 0001:000E5533    49 0001:000E5534    50 0001:000E5552    51 0001:000E555E
    53 0001:000E5590    53 0001:000E5597

Line numbers for UPointerTestFrm(UPointerTestFrm.pas) segment .text

    49 0001:000E57E4    50 0001:000E5800    51 0001:000E5808    52 0001:000E5810
    54 0001:000E5821    55 0001:000E5845    56 0001:000E5876    52 0001:000E5877
    57 0001:000E587A    58 0001:000E5882    59 0001:000E58AC    62 0001:000E58C0
    63 0001:000E58C3    64 0001:000E58D5    65 0001:000E58E7    66 0001:000E58F7
    67 0001:000E5907    68 0001:000E5917    69 0001:000E5928    70 0001:000E5939
    71 0001:000E594A    72 0001:000E5957    75 0001:000E5990    76 0001:000E5993
    77 0001:000E59A0    78 0001:000E59AD    81 0001:000E59B0    82 0001:000E59CF
    83 0001:000E59E2    84 0001:000E5A28    90 0001:000E5A30    91 0001:000E5A50
    92 0001:000E5A62    93 0001:000E5A6E    94 0001:000E5A74    95 0001:000E5A83
    96 0001:000E5ABC    97 0001:000E5ABE    98 0001:000E5ACA    99 0001:000E5AD0
   101 0001:000E5ADD   102 0001:000E5B16   103 0001:000E5B22   104 0001:000E5B28
   105 0001:000E5B35   106 0001:000E5B39   107 0001:000E5B72   108 0001:000E5BA1
   110 0001:000E5C4C   110 0001:000E5C53

Line numbers for testTreeView(testTreeView.pas) segment .text

    39 0001:000E5E5C    40 0001:000E5E7D    41 0001:000E5E94    42 0001:000E5E9C
    43 0001:000E5EB2    45 0001:000E5EB6    46 0001:000E5EC9    50 0001:000E5ED9
    51 0001:000E5EE3    53 0001:000E5EEA    54 0001:000E5EF4    55 0001:000E5F2B
    63 0001:000E5F34    64 0001:000E5F51    65 0001:000E5F6C    67 0001:000E5F76
    69 0001:000E5F92    70 0001:000E5FB0    71 0001:000E5FCD    72 0001:000E5FD7
    74 0001:000E5FDC    76 0001:000E6001    67 0001:000E6002    78 0001:000E6034
    82 0001:000E6040    83 0001:000E604B    88 0001:000E604C    89 0001:000E6055
    90 0001:000E6060    91 0001:000E6073    94 0001:000E607C    95 0001:000E607F
    96 0001:000E6095    97 0001:000E60A1    99 0001:000E60D4    99 0001:000E60DB

Line numbers for InheritTestFrm(InheritTestFrm.pas) segment .text

    94 0001:000E6534    95 0001:000E6561    97 0001:000E65D7   100 0001:000E6630
   101 0001:000E666A   103 0001:000E66C4   104 0001:000E6743   109 0001:000E6788
   110 0001:000E67B5   112 0001:000E6801   114 0001:000E682D   119 0001:000E6880
   120 0001:000E68AD   121 0001:000E68B7   123 0001:000E692D   126 0001:000E6988
   127 0001:000E69C5   128 0001:000E69D1   130 0001:000E6A2B   131 0001:000E6AA5
   136 0001:000E6AE8   137 0001:000E6B15   138 0001:000E6B1F   140 0001:000E6B6B
   141 0001:000E6B97   144 0001:000E6BE8   145 0001:000E6C15   146 0001:000E6C1F
   148 0001:000E6C8B   151 0001:000E6CCC   153 0001:000E6CF9   155 0001:000E6D65
   160 0001:000E6DA8   161 0001:000E6DC8   163 0001:000E6DEF   166 0001:000E6DF4
   167 0001:000E6E2E   169 0001:000E6E88   170 0001:000E6F02   173 0001:000E6F48
   174 0001:000E6F75   175 0001:000E6FE1   178 0001:000E701C   180 0001:000E7049
   182 0001:000E70B5   186 0001:000E70F8   187 0001:000E7109   188 0001:000E711A
   189 0001:000E712B   193 0001:000E712C   194 0001:000E7136   195 0001:000E7140
   196 0001:000E714A   199 0001:000E714C   200 0001:000E7160   201 0001:000E718F
   204 0001:000E7194   205 0001:000E71AA   206 0001:000E71DD   209 0001:000E71E4
   210 0001:000E71F8   211 0001:000E7227   214 0001:000E722C   215 0001:000E7242
   216 0001:000E7275   219 0001:000E727C   220 0001:000E7292   221 0001:000E72C6
   224 0001:000E72CC   225 0001:000E72E0   226 0001:000E730F   229 0001:000E7314
   230 0001:000E732A   231 0001:000E735D   234 0001:000E7364   235 0001:000E737A
   236 0001:000E73AE   239 0001:000E73B4   240 0001:000E73CA   241 0001:000E73FE
   244 0001:000E7404   247 0001:000E7420   248 0001:000E742E   249 0001:000E743D
   250 0001:000E7447   251 0001:000E7451   252 0001:000E7460   256 0001:000E746A
   257 0001:000E7479   259 0001:000E7483   260 0001:000E7492   261 0001:000E749C
   262 0001:000E74AB   263 0001:000E74BA   264 0001:000E74DE   265 0001:000E74E8
   267 0001:000E74F7   278 0001:000E7543   280 0001:000E7608   280 0001:000E760F

Line numbers for UMessageTestFrm(UMessageTestFrm.pas) segment .text

    37 0001:000E77E4    38 0001:000E77F8    41 0001:000E77FC    42 0001:000E77FF
    43 0001:000E780B    47 0001:000E7810    48 0001:000E7820    56 0001:000E7834
    57 0001:000E784D    58 0001:000E7890    62 0001:000E78AC    63 0001:000E78B1
    65 0001:000E78E4    65 0001:000E78EB

Line numbers for Util(Util.pas) segment .text

    20 0001:000E78EC    21 0001:000E790C    22 0001:000E791E    24 0001:000E792F
    25 0001:000E7956    28 0001:000E7968    29 0001:000E796B    30 0001:000E797B
    31 0001:000E7987    42 0001:000E7998    43 0001:000E79B6    44 0001:000E79F9
    45 0001:000E7A18    46 0001:000E7A90    47 0001:000E7AAC    49 0001:000E7AD3
    50 0001:000E7AE1    53 0001:000E7AE5    63 0001:000E7B30    50 0001:000E7B3B
    66 0001:000E7B3F    67 0001:000E7B68    69 0001:000E7B6C    71 0001:000E7B89
    72 0001:000E7BAF    67 0001:000E7BBA    75 0001:000E7BCB    77 0001:000E7C36
    86 0001:000E7C48    88 0001:000E7C9F    89 0001:000E7CA5    91 0001:000E7CAB
    93 0001:000E7CAF    94 0001:000E7CB4    96 0001:000E7CC4    99 0001:000E7CD4
   102 0001:000E7CE1   104 0001:000E7CF8   105 0001:000E7D05   106 0001:000E7D0B
   107 0001:000E7D19   102 0001:000E7D22   109 0001:000E7D25   110 0001:000E7D5A
   112 0001:000E7D9C   112 0001:000E7DA3

Line numbers for ReNameFrm(..\Simple\ReNameFrm.pas) segment .text

    40 0001:000E8014    42 0001:000E802C    44 0001:000E803C    45 0001:000E804D
    46 0001:000E805B    47 0001:000E80AC    50 0001:000E80C4    52 0001:000E80C7
    53 0001:000E80D7    54 0001:000E80E7    60 0001:000E8124    62 0001:000E8142
    63 0001:000E8160    65 0001:000E8178    66 0001:000E8183    67 0001:000E818E
    68 0001:000E81A4    69 0001:000E81AC    71 0001:000E81BE    72 0001:000E81D7
    62 0001:000E81D8    73 0001:000E81FD    79 0001:000E8204    81 0001:000E8225
    82 0001:000E8248    84 0001:000E8261    85 0001:000E826C    86 0001:000E8279
    87 0001:000E8284    81 0001:000E8287    88 0001:000E82AC    90 0001:000E82E4
    90 0001:000E82EB

Line numbers for MainFrm(MainFrm.pas) segment .text

    73 0001:000E86A8    74 0001:000E86AB    75 0001:000E86B2    83 0001:000E86B4
    84 0001:000E86D4    85 0001:000E86EC    87 0001:000E86F6    88 0001:000E870B
    90 0001:000E873E    87 0001:000E873F    92 0001:000E8742    93 0001:000E8758
    94 0001:000E8765    95 0001:000E8796    96 0001:000E87B1    98 0001:000E87C2
    99 0001:000E87CB   101 0001:000E87EE   113 0001:000E8823   116 0001:000E8838
   117 0001:000E883B   118 0001:000E8845   120 0001:000E8868   121 0001:000E8874
   122 0001:000E8883   125 0001:000E8888   126 0001:000E888B   127 0001:000E8895
   129 0001:000E88B8   130 0001:000E88C4   131 0001:000E88D3   135 0001:000E88D8
   136 0001:000E88E4   140 0001:000E88E8   141 0001:000E88F2   144 0001:000E88F4
   146 0001:000E88F7   147 0001:000E88FF   148 0001:000E890F   149 0001:000E891F
   150 0001:000E8929   151 0001:000E8939   152 0001:000E8949   153 0001:000E8953
   154 0001:000E8963   155 0001:000E8973   160 0001:000E8A0C   161 0001:000E8A1B
   162 0001:000E8A2A   163 0001:000E8A39   166 0001:000E8A3C   167 0001:000E8A3F
   168 0001:000E8A46   169 0001:000E8A4D   175 0001:000E8A50   176 0001:000E8A5C
   179 0001:000E8A60   180 0001:000E8A63   181 0001:000E8A79   182 0001:000E8A85
   185 0001:000E8A88   186 0001:000E8A8B   187 0001:000E8AA1   188 0001:000E8AAD
   191 0001:000E8AB0   192 0001:000E8AB3   193 0001:000E8AC9   194 0001:000E8AD5
   196 0001:000E8B08   196 0001:000E8B0F

Line numbers for NewChildFrm(NewChildFrm.pas) segment .text

    29 0001:000E8B40    29 0001:000E8B47

Line numbers for Simple(D:\Delphi\Simple\Simple.dpr) segment .text

    23 0001:000E8E78    24 0001:000E8E8F    25 0001:000E8E96    26 0001:000E8EA9
    27 0001:000E8EBC    28 0001:000E8ECF    29 0001:000E8EE2    30 0001:000E8EE9

Bound resource files

C:\Program Files (x86)\EurekaLog 6\Delphi6\DIALOG.RES
c:\program files (x86)\borland\delphi6\Lib\CONTROLS.RES
c:\program files (x86)\borland\delphi6\Lib\BUTTONS.RES
c:\program files (x86)\borland\delphi6\Lib\EXTDLGS.RES
ChildFrm.DFM
CheckBinaryDfmFrm.dfm
c:\program files (x86)\borland\delphi6\Lib\OUTLINE.RES
c:\program files (x86)\borland\delphi6\Lib\FileCtrl.RES
DirSearchFrm.dfm
ExplorerFrm.dfm
Unit2.dfm
Unit1.dfm
UPointerTestFrm.dfm
testTreeView.dfm
InheritTestFrm.dfm
UMessageTestFrm.dfm
ReNameFrm.dfm
MainFrm.dfm
NewChildFrm.DFM
Simple.res
Simple.drf


Program entry point at 0001:000E8E78
